<html>
<body>
<pre>
<h1>礦ision Build Log</h1>
<h2>Tool Versions:</h2>
IDE-Version: μVision V5.27.1.0
Copyright (C) 2019 ARM Ltd and ARM Germany GmbH. All rights reserved.
License Information: du du, du, LIC=8MZAR-KB2LK-34IST-RL99X-E8BHQ-E9F08
 
Tool Versions:
Toolchain:       MDK-ARM Professional  Version: 5.27.1.0
Toolchain Path:  D:\MDK5\ARM\ARMCC\Bin
C Compiler:      Armcc.exe V5.06 update 6 (build 750)
Assembler:       Armasm.exe V5.06 update 6 (build 750)
Linker/Locator:  ArmLink.exe V5.06 update 6 (build 750)
Library Manager: ArmAr.exe V5.06 update 6 (build 750)
Hex Converter:   FromElf.exe V5.06 update 6 (build 750)
CPU DLL:         SARMCM3.DLL V5.27.1.0
Dialog DLL:      DCM.DLL V1.17.2.0
Target DLL:      Segger\JL2CM3.dll V2.99.35.0
Dialog DLL:      TCM.DLL V1.36.1.0
 
<h2>Project:</h2>
C:\Users\123\Desktop\F4_FreeRTOS\USER\A板标准库.uvprojx
Project File Date:  07/06/2019

<h2>Output:</h2>
*** Using Compiler 'V5.06 update 6 (build 750)', folder: 'D:\MDK5\ARM\ARMCC\Bin'
Build target 'A板标准库'
compiling sys.c...
compiling system_stm32f4xx.c...
compiling bsp_gpio.c...
compiling stm32f4xx_it.c...
compiling usart.c...
compiling main.c...
compiling bsp_system.c...
compiling delay.c...
compiling tasks.c...
compiling list.c...
compiling queue.c...
compiling stm32f4xx_syscfg.c...
compiling timers.c...
compiling misc.c...
compiling stm32f4xx_gpio.c...
compiling croutine.c...
compiling task_led.c...
compiling event_groups.c...
compiling stm32f4xx_usart.c...
compiling stm32f4xx_tim.c...
compiling stm32f4xx_rcc.c...
compiling heap_4.c...
compiling port.c...
linking...
Program Size: Code=10256 RO-data=460 RW-data=152 ZI-data=82520  
FromELF: creating hex file...
"..\OBJ\A板标准库.axf" - 0 Error(s), 0 Warning(s).

<h2>Software Packages used:</h2>

Package Vendor: Keil
                http://www.keil.com/pack/Keil.STM32F4xx_DFP.2.13.0.pack
                Keil.STM32F4xx_DFP.2.13.0
                STMicroelectronics STM32F4 Series Device Support, Drivers and Examples

<h2>Collection of Component include folders:</h2>
  .\RTE\_A________
  D:\MDK5\Keil\STM32F4xx_DFP\2.13.0\Drivers\CMSIS\Device\ST\STM32F4xx\Include

<h2>Collection of Component Files used:</h2>
Build Time Elapsed:  00:00:07
</pre>
</body>
</html>
