Component: ARM Compiler 5.06 update 6 (build 750) Tool: armlink [4d35ed]

==============================================================================

Section Cross References

    main.o(i.main) refers to bsp_system.o(i.system_init) for system_init
    main.o(i.main) refers to delay.o(i.delay_ms) for delay_ms
    main.o(i.main) refers to tasks.o(i.xTaskCreate) for xTaskCreate
    main.o(i.main) refers to tasks.o(i.vTaskStartScheduler) for vTaskStartScheduler
    main.o(i.main) refers to main.o(.data) for g_start_task_handler
    main.o(i.main) refers to main.o(i.start_task) for start_task
    main.o(i.start_task) refers to port.o(i.vPortEnterCritical) for vPortEnterCritical
    main.o(i.start_task) refers to tasks.o(i.xTaskCreate) for xTaskCreate
    main.o(i.start_task) refers to tasks.o(i.vTaskDelete) for vTaskDelete
    main.o(i.start_task) refers to port.o(i.vPortExitCritical) for vPortExitCritical
    main.o(i.start_task) refers to task_led.o(i.led1_task) for led1_task
    main.o(i.start_task) refers to task_imu.o(i.imu_task) for imu_task
    main.o(i.start_task) refers to task_control.o(i.control_task) for control_task
    main.o(i.start_task) refers to main.o(.data) for g_start_task_handler
    stm32f4xx_it.o(i.CopeSerialData) refers to stm32f4xx_it.o(.data) for ucRxCnt
    stm32f4xx_it.o(i.CopeSerialData) refers to stm32f4xx_it.o(.bss) for ucRxBuffer
    stm32f4xx_it.o(i.DMA1_Stream0_IRQHandler) refers to stm32f4xx_dma.o(i.DMA_GetITStatus) for DMA_GetITStatus
    stm32f4xx_it.o(i.DMA1_Stream0_IRQHandler) refers to stm32f4xx_dma.o(i.DMA_ClearITPendingBit) for DMA_ClearITPendingBit
    stm32f4xx_it.o(i.DMA1_Stream0_IRQHandler) refers to stm32f4xx_dma.o(i.DMA_Cmd) for DMA_Cmd
    stm32f4xx_it.o(i.DMA2_Stream7_IRQHandler) refers to stm32f4xx_dma.o(i.DMA_GetFlagStatus) for DMA_GetFlagStatus
    stm32f4xx_it.o(i.DMA2_Stream7_IRQHandler) refers to stm32f4xx_dma.o(i.DMA_ClearFlag) for DMA_ClearFlag
    stm32f4xx_it.o(i.UART8_IRQHandler) refers to stm32f4xx_usart.o(i.USART_GetITStatus) for USART_GetITStatus
    stm32f4xx_it.o(i.UART8_IRQHandler) refers to stm32f4xx_dma.o(i.DMA_Cmd) for DMA_Cmd
    stm32f4xx_it.o(i.UART8_IRQHandler) refers to stm32f4xx_dma.o(i.DMA_GetCurrDataCounter) for DMA_GetCurrDataCounter
    stm32f4xx_it.o(i.UART8_IRQHandler) refers to stm32f4xx_dma.o(i.DMA_GetCmdStatus) for DMA_GetCmdStatus
    stm32f4xx_it.o(i.UART8_IRQHandler) refers to stm32f4xx_dma.o(i.DMA_SetCurrDataCounter) for DMA_SetCurrDataCounter
    stm32f4xx_it.o(i.UART8_IRQHandler) refers to stm32f4xx_dma.o(i.DMA_ClearFlag) for DMA_ClearFlag
    stm32f4xx_it.o(i.UART8_IRQHandler) refers to bsp_dma.o(.constdata) for DMA_VISION_RECEIVE_BUF_SIZE
    stm32f4xx_it.o(i.USART6_DMA_SendData) refers to stm32f4xx_dma.o(i.DMA_Cmd) for DMA_Cmd
    stm32f4xx_it.o(i.USART6_DMA_SendData) refers to stm32f4xx_dma.o(i.DMA_GetCmdStatus) for DMA_GetCmdStatus
    stm32f4xx_it.o(i.USART6_DMA_SendData) refers to stm32f4xx_dma.o(i.DMA_SetCurrDataCounter) for DMA_SetCurrDataCounter
    stm32f4xx_it.o(i.USART6_DMA_SendData) refers to stm32f4xx_dma.o(i.DMA_ClearFlag) for DMA_ClearFlag
    stm32f4xx_it.o(i.USART6_IRQHandler) refers to stm32f4xx_usart.o(i.USART_GetITStatus) for USART_GetITStatus
    stm32f4xx_it.o(i.USART6_IRQHandler) refers to stm32f4xx_it.o(i.CopeSerialData) for CopeSerialData
    stm32f4xx_it.o(i.USART6_IRQHandler) refers to stm32f4xx_usart.o(i.USART_ClearITPendingBit) for USART_ClearITPendingBit
    system_stm32f4xx.o(i.SystemCoreClockUpdate) refers to system_stm32f4xx.o(.data) for SystemCoreClock
    system_stm32f4xx.o(i.SystemInit) refers to system_stm32f4xx.o(i.SetSysClock) for SetSysClock
    delay.o(i.SysTick_Handler) refers to tasks.o(i.xTaskGetSchedulerState) for xTaskGetSchedulerState
    delay.o(i.SysTick_Handler) refers to port.o(i.xPortSysTickHandler) for xPortSysTickHandler
    delay.o(i.delay_init) refers to misc.o(i.SysTick_CLKSourceConfig) for SysTick_CLKSourceConfig
    delay.o(i.delay_init) refers to delay.o(.data) for fac_us
    delay.o(i.delay_ms) refers to tasks.o(i.xTaskGetSchedulerState) for xTaskGetSchedulerState
    delay.o(i.delay_ms) refers to tasks.o(i.vTaskDelay) for vTaskDelay
    delay.o(i.delay_ms) refers to delay.o(i.delay_us) for delay_us
    delay.o(i.delay_ms) refers to delay.o(.data) for fac_ms
    delay.o(i.delay_us) refers to delay.o(.data) for fac_us
    delay.o(i.delay_xms) refers to delay.o(i.delay_us) for delay_us
    usart.o(.rev16_text) refers (Special) to use_no_semi_2.o(.text) for __use_no_semihosting
    usart.o(.revsh_text) refers (Special) to use_no_semi_2.o(.text) for __use_no_semihosting
    usart.o(i.USART3_IRQHandler) refers (Special) to use_no_semi_2.o(.text) for __use_no_semihosting
    usart.o(i.USART3_IRQHandler) refers to stm32f4xx_usart.o(i.USART_GetITStatus) for USART_GetITStatus
    usart.o(i.USART3_IRQHandler) refers to stm32f4xx_usart.o(i.USART_ReceiveData) for USART_ReceiveData
    usart.o(i.USART3_IRQHandler) refers to usart.o(.data) for USART_RX_STA
[...]
    vTaskPlaceOnEventList                    0x08011485   Thumb Code    52  tasks.o(i.vTaskPlaceOnEventList)
    vTaskPlaceOnEventListRestricted          0x080114bd   Thumb Code    60  tasks.o(i.vTaskPlaceOnEventListRestricted)
    vTaskStartScheduler                      0x080114fd   Thumb Code   118  tasks.o(i.vTaskStartScheduler)
    vTaskSuspendAll                          0x08011591   Thumb Code    12  tasks.o(i.vTaskSuspendAll)
    vTaskSwitchContext                       0x080115a1   Thumb Code   118  tasks.o(i.vTaskSwitchContext)
    xPortStartScheduler                      0x08011711   Thumb Code   330  port.o(i.xPortStartScheduler)
    xPortSysTickHandler                      0x08011879   Thumb Code    46  port.o(i.xPortSysTickHandler)
    xQueueGenericCreate                      0x080118ad   Thumb Code    90  queue.o(i.xQueueGenericCreate)
    xQueueGenericReset                       0x08011909   Thumb Code   146  queue.o(i.xQueueGenericReset)
    xQueueGenericSend                        0x080119a1   Thumb Code   420  queue.o(i.xQueueGenericSend)
    xQueueGenericSendFromISR                 0x08011b49   Thumb Code   248  queue.o(i.xQueueGenericSendFromISR)
    xQueueReceive                            0x08011c41   Thumb Code   356  queue.o(i.xQueueReceive)
    xTaskCheckForTimeOut                     0x08011da9   Thumb Code   132  tasks.o(i.xTaskCheckForTimeOut)
    xTaskCreate                              0x08011e35   Thumb Code    96  tasks.o(i.xTaskCreate)
    xTaskGetSchedulerState                   0x08011e95   Thumb Code    24  tasks.o(i.xTaskGetSchedulerState)
    xTaskGetTickCount                        0x08011eb5   Thumb Code     6  tasks.o(i.xTaskGetTickCount)
    xTaskIncrementTick                       0x08011ec1   Thumb Code   282  tasks.o(i.xTaskIncrementTick)
    xTaskPriorityDisinherit                  0x08012009   Thumb Code   188  tasks.o(i.xTaskPriorityDisinherit)
    xTaskRemoveFromEventList                 0x080120d1   Thumb Code   128  tasks.o(i.xTaskRemoveFromEventList)
    xTaskResumeAll                           0x08012169   Thumb Code   224  tasks.o(i.xTaskResumeAll)
    xTimerCreateTimerTask                    0x0801226d   Thumb Code    66  timers.o(i.xTimerCreateTimerTask)
    xTimerGenericCommand                     0x080122c5   Thumb Code   126  timers.o(i.xTimerGenericCommand)
    _get_lc_numeric                          0x08012349   Thumb Code    44  lc_numeric_c.o(locale$$code)
    _get_lc_ctype                            0x08012375   Thumb Code    44  lc_ctype_c.o(locale$$code)
    __aeabi_dneg                             0x080123a1   Thumb Code     0  basic.o(x$fpl$basic)
    _dneg                                    0x080123a1   Thumb Code     6  basic.o(x$fpl$basic)
    __aeabi_fneg                             0x080123a7   Thumb Code     0  basic.o(x$fpl$basic)
    _fneg                                    0x080123a7   Thumb Code     6  basic.o(x$fpl$basic)
    _dabs                                    0x080123ad   Thumb Code     6  basic.o(x$fpl$basic)
    _fabs                                    0x080123b3   Thumb Code     6  basic.o(x$fpl$basic)
    __aeabi_d2f                              0x080123b9   Thumb Code     0  d2f.o(x$fpl$d2f)
    _d2f                                     0x080123b9   Thumb Code    98  d2f.o(x$fpl$d2f)
    __aeabi_dadd                             0x0801241d   Thumb Code     0  daddsub_clz.o(x$fpl$dadd)
    _dadd                                    0x0801241d   Thumb Code   332  daddsub_clz.o(x$fpl$dadd)
    __fpl_dcmp_Inf                           0x0801256d   Thumb Code    24  dcmpi.o(x$fpl$dcmpinf)
    __aeabi_ddiv                             0x08012585   Thumb Code     0  ddiv.o(x$fpl$ddiv)
    _ddiv                                    0x08012585   Thumb Code   552  ddiv.o(x$fpl$ddiv)
    __aeabi_cdcmpeq                          0x08012835   Thumb Code     0  deqf.o(x$fpl$deqf)
    _dcmpeq                                  0x08012835   Thumb Code   120  deqf.o(x$fpl$deqf)
    __aeabi_d2iz                             0x080128ad   Thumb Code     0  dfix.o(x$fpl$dfix)
    _dfix                                    0x080128ad   Thumb Code    94  dfix.o(x$fpl$dfix)
    __aeabi_i2d                              0x0801290b   Thumb Code     0  dflt_clz.o(x$fpl$dflt)
    _dflt                                    0x0801290b   Thumb Code    46  dflt_clz.o(x$fpl$dflt)
    __aeabi_ui2d                             0x08012939   Thumb Code     0  dflt_clz.o(x$fpl$dfltu)
    _dfltu                                   0x08012939   Thumb Code    38  dflt_clz.o(x$fpl$dfltu)
    __aeabi_cdcmple                          0x08012961   Thumb Code     0  dleqf.o(x$fpl$dleqf)
    _dcmple                                  0x08012961   Thumb Code   120  dleqf.o(x$fpl$dleqf)
    __fpl_dcmple_InfNaN                      0x080129c3   Thumb Code     0  dleqf.o(x$fpl$dleqf)
    __aeabi_dmul                             0x080129d9   Thumb Code     0  dmul.o(x$fpl$dmul)
    _dmul                                    0x080129d9   Thumb Code   332  dmul.o(x$fpl$dmul)
    __fpl_dnaninf                            0x08012b2d   Thumb Code   156  dnaninf.o(x$fpl$dnaninf)
    __fpl_dretinf                            0x08012bc9   Thumb Code    12  dretinf.o(x$fpl$dretinf)
    __aeabi_cdrcmple                         0x08012bd5   Thumb Code     0  drleqf.o(x$fpl$drleqf)
    _drcmple                                 0x08012bd5   Thumb Code   108  drleqf.o(x$fpl$drleqf)
    __aeabi_drsub                            0x08012c41   Thumb Code     0  daddsub_clz.o(x$fpl$drsb)
    _drsb                                    0x08012c41   Thumb Code    22  daddsub_clz.o(x$fpl$drsb)
    _dsqrt                                   0x08012c59   Thumb Code   404  dsqrt_umaal.o(x$fpl$dsqrt)
    __aeabi_dsub                             0x08012df1   Thumb Code     0  daddsub_clz.o(x$fpl$dsub)
    _dsub                                    0x08012df1   Thumb Code   464  daddsub_clz.o(x$fpl$dsub)
    __aeabi_f2d                              0x08012fc5   Thumb Code     0  f2d.o(x$fpl$f2d)
    _f2d                                     0x08012fc5   Thumb Code    86  f2d.o(x$fpl$f2d)
    __aeabi_ul2f                             0x0801301b   Thumb Code     0  ffltll_clz.o(x$fpl$ffltll)
    _ll_uto_f                                0x0801301b   Thumb Code     6  ffltll_clz.o(x$fpl$ffltll)
    __aeabi_l2f                              0x08013021   Thumb Code     0  ffltll_clz.o(x$fpl$ffltll)
    _ll_sto_f                                0x08013021   Thumb Code    90  ffltll_clz.o(x$fpl$ffltll)
    __fpl_fnaninf                            0x0801307b   Thumb Code   140  fnaninf.o(x$fpl$fnaninf)
    _fp_init                                 0x08013107   Thumb Code    10  fpinit.o(x$fpl$fpinit)
    __fplib_config_fpu_vfp                   0x0801310f   Thumb Code     0  fpinit.o(x$fpl$fpinit)
    __fplib_config_pureend_doubles           0x0801310f   Thumb Code     0  fpinit.o(x$fpl$fpinit)
    __fpl_fretinf                            0x08013111   Thumb Code    10  fretinf.o(x$fpl$fretinf)
    __aeabi_f2lz                             0x0801311d   Thumb Code     0  ffixll.o(x$fpl$llsfromf)
    _ll_sfrom_f                              0x0801311d   Thumb Code   134  ffixll.o(x$fpl$llsfromf)
    _printf_fp_dec                           0x080131a3   Thumb Code     4  printf1.o(x$fpl$printf1)
    _printf_fp_hex                           0x080131a7   Thumb Code     4  printf2.o(x$fpl$printf2)
    DMA_JUDGE_RECEIVE_BUF_SIZE               0x080131aa   Data           2  bsp_dma.o(.constdata)
    __I$use$fp                               0x080131aa   Number         0  usenofp.o(x$fpl$usenofp)
    DMA_JUDGE_SEND_BUF_SIZE                  0x080131ac   Data           2  bsp_dma.o(.constdata)
    DMA_VISION_SEND_BUF_SIZE                 0x080131ae   Data           2  bsp_dma.o(.constdata)
    DMA_VISION_RECEIVE_BUF_SIZE              0x080131b0   Data           2  bsp_dma.o(.constdata)
    reg                                      0x080131b4   Data          30  inv_mpu.o(.constdata)
    hw                                       0x080131d2   Data          12  inv_mpu.o(.constdata)
    test                                     0x080131e0   Data          48  inv_mpu.o(.constdata)
    ml_ver                                   0x08014006   Data          20  mpl.o(.constdata)
    __mathlib_zero                           0x080140e0   Data           8  qnan.o(.constdata)
    Region$$Table$$Base                      0x08014304   Number         0  anon$$obj.o(Region$$Table)
    Region$$Table$$Limit                     0x08014324   Number         0  anon$$obj.o(Region$$Table)
    __ctype                                  0x0801434d   Data           0  lc_ctype_c.o(locale$$data)
    g_start_task_handler                     0x20000000   Data           4  main.o(.data)
    USART6_RXCnt                             0x20000004   Data           2  stm32f4xx_it.o(.data)
    stcGyro                                  0x20000006   Data           8  stm32f4xx_it.o(.data)
    stcAngle                                 0x2000000e   Data           8  stm32f4xx_it.o(.data)
    SystemCoreClock                          0x20000018   Data           4  system_stm32f4xx.o(.data)
    AHBPrescTable                            0x2000001c   Data          16  system_stm32f4xx.o(.data)
    __stdout                                 0x20000030   Data           4  usart.o(.data)
    USART_RX_STA                             0x20000034   Data           2  usart.o(.data)
    Control_Device_Div_LPF_Parameter         0x20000038   Data          24  driver_filter.o(.data)
    Control_Device_Err_LPF_Parameter         0x20000050   Data          24  driver_filter.o(.data)
    NUM                                      0x20000068   Data         144  driver_filter.o(.data)
    DEN                                      0x200000f8   Data         144  driver_filter.o(.data)
    pxCurrentTCB                             0x20000198   Data           4  tasks.o(.data)
    mpl_key                                  0x2000020c   Data           4  inv_mpu.o(.data)
    USART_RX_BUF                             0x2000027a   Data         200  usart.o(.bss)
    g_dma_judge_receive_buff                 0x20000342   Data          30  bsp_dma.o(.bss)
    g_dma_judge_send_buff                    0x20000360   Data          30  bsp_dma.o(.bss)
    g_dma_vision_send_buff                   0x2000037e   Data          20  bsp_dma.o(.bss)
    g_dma_vision_receice_buff                0x20000392   Data          20  bsp_dma.o(.bss)
    g_cloud_gyroscope                        0x200003a8   Data          40  task_imu.o(.bss)
    g_chebyshev_filter                       0x200003d0   Data         304  task_imu.o(.bss)
    g_wind_control                           0x20000500   Data         644  task_control.o(.bss)
    xQueueRegistry                           0x2000084c   Data          64  queue.o(.bss)
    cb                                       0x20013b00   Data         232  compass_vec_cal.o(.bss)
    cb_test                                  0x20013be8   Data         232  compass_vec_cal.o(.bss)
    cb_sim                                   0x20013cd0   Data         232  compass_vec_cal.o(.bss)
    vc                                       0x20013db8   Data         424  compass_vec_cal.o(.bss)
    fnm                                      0x20013f60   Data         608  fast_no_motion.o(.bss)
    s9axis                                   0x20014200   Data         312  fusion_9axis.o(.bss)
    mag_disturb                              0x200144fc   Data         184  mag_disturb.o(.bss)
    __libspace_start                         0x20014ad8   Data          96  libspace.o(.bss)
    __temporary_stack_top$libspace           0x20014b38   Data           0  libspace.o(.bss)



==============================================================================

Memory Map of the image

  Image Entry point : 0x080001ad

  Load Region LR_IROM1 (Base: 0x08000000, Size: 0x000146ac, Max: 0x00200000, ABSOLUTE, COMPRESSED[0x000145ac])

    Execution Region ER_IROM1 (Exec base: 0x08000000, Load base: 0x08000000, Size: 0x00014450, Max: 0x00200000, ABSOLUTE)

    Exec Addr    Load Addr    Size         Type   Attr      Idx    E Section Name        Object

    0x08000000   0x08000000   0x000001ac   Data   RO          509    RESET               startup_stm32f427xx.o
    0x080001ac   0x080001ac   0x00000008   Code   RO         5850  * !!!main             c_w.l(__main.o)
    0x080001b4   0x080001b4   0x00000034   Code   RO         6463    !!!scatter          c_w.l(__scatter.o)
    0x080001e8   0x080001e8   0x0000005a   Code   RO         6461    !!dczerorl2         c_w.l(__dczerorl2.o)
    0x08000242   0x08000242   0x00000002   PAD
    0x08000244   0x08000244   0x0000001c   Code   RO         6465    !!handler_zi        c_w.l(__scatter_zi.o)
    0x08000260   0x08000260   0x00000000   Code   RO         5833    .ARM.Collect$$_printf_percent$$00000000  c_w.l(_printf_percent.o)
    0x08000260   0x08000260   0x00000006   Code   RO         6136    .ARM.Collect$$_printf_percent$$00000001  c_w.l(_printf_n.o)
    0x08000266   0x08000266   0x00000006   Code   RO         6137    .ARM.Collect$$_printf_percent$$00000002  c_w.l(_printf_p.o)
    0x0800026c   0x0800026c   0x00000006   Code   RO         5832    .ARM.Collect$$_printf_percent$$00000003  c_w.l(_printf_f.o)
    0x08000272   0x08000272   0x00000006   Code   RO         6141    .ARM.Collect$$_printf_percent$$00000004  c_w.l(_printf_e.o)
    0x08000278   0x08000278   0x00000006   Code   RO         6142    .ARM.Collect$$_printf_percent$$00000005  c_w.l(_printf_g.o)
    0x0800027e   0x0800027e   0x00000006   Code   RO         6143    .ARM.Collect$$_printf_percent$$00000006  c_w.l(_printf_a.o)
    0x08000284   0x08000284   0x0000000a   Code   RO         6148    .ARM.Collect$$_printf_percent$$00000007  c_w.l(_printf_ll.o)
    0x0800028e   0x0800028e   0x00000006   Code   RO         6139    .ARM.Collect$$_printf_percent$$00000008  c_w.l(_printf_i.o)
    0x08000294   0x08000294   0x00000006   Code   RO         5831    .ARM.Collect$$_printf_percent$$00000009  c_w.l(_printf_d.o)
    0x0800029a   0x0800029a   0x00000006   Code   RO         6140    .ARM.Collect$$_printf_percent$$0000000A  c_w.l(_printf_u.o)
    0x080002a0   0x080002a0   0x00000006   Code   RO         6138    .ARM.Collect$$_printf_percent$$0000000B  c_w.l(_printf_o.o)
    0x080002a6   0x080002a6   0x00000006   Code   RO         5830    .ARM.Collect$$_printf_percent$$0000000C  c_w.l(_printf_x.o)
    0x080002ac   0x080002ac   0x00000006   Code   RO         6145    .ARM.Collect$$_printf_percent$$0000000D  c_w.l(_printf_lli.o)
    0x080002b2   0x080002b2   0x00000006   Code   RO         6146    .ARM.Collect$$_printf_percent$$0000000E  c_w.l(_printf_lld.o)
    0x080002b8   0x080002b8   0x00000006   Code   RO         6147    .ARM.Collect$$_printf_percent$$0000000F  c_w.l(_printf_llu.o)
    0x080002be   0x080002be   0x00000006   Code   RO         6152    .ARM.Collect$$_printf_percent$$00000010  c_w.l(_printf_llo.o)
    0x080002c4   0x080002c4   0x00000006   Code   RO         6153    .ARM.Collect$$_printf_percent$$00000011  c_w.l(_printf_llx.o)
    0x080002ca   0x080002ca   0x0000000a   Code   RO         6149    .ARM.Collect$$_printf_percent$$00000012  c_w.l(_printf_l.o)
    0x080002d4   0x080002d4   0x00000006   Code   RO         6134    .ARM.Collect$$_printf_percent$$00000013  c_w.l(_printf_c.o)
    0x080002da   0x080002da   0x00000006   Code   RO         6135    .ARM.Collect$$_printf_percent$$00000014  c_w.l(_printf_s.o)
    0x080002e0   0x080002e0   0x00000006   Code   RO         6150    .ARM.Collect$$_printf_percent$$00000015  c_w.l(_printf_lc.o)
    0x080002e6   0x080002e6   0x00000006   Code   RO         6151    .ARM.Collect$$_printf_percent$$00000016  c_w.l(_printf_ls.o)
    0x080002ec   0x080002ec   0x00000004   Code   RO         6144    .ARM.Collect$$_printf_percent$$00000017  c_w.l(_printf_percent_end.o)
    0x080002f0   0x080002f0   0x00000002   Code   RO         6327    .ARM.Collect$$libinit$$00000000  c_w.l(libinit.o)
    0x080002f2   0x080002f2   0x00000004   Code   RO         6328    .ARM.Collect$$libinit$$00000001  c_w.l(libinit2.o)
    0x080002f6   0x080002f6   0x00000000   Code   RO         6331    .ARM.Collect$$libinit$$00000004  c_w.l(libinit2.o)
    0x080002f6   0x080002f6   0x00000000   Code   RO         6334    .ARM.Collect$$libinit$$0000000A  c_w.l(libinit2.o)
    0x080002f6   0x080002f6   0x00000000   Code   RO         6336    .ARM.Collect$$libinit$$0000000C  c_w.l(libinit2.o)
    0x080002f6   0x080002f6   0x00000000   Code   RO         6338    .ARM.Collect$$libinit$$0000000E  c_w.l(libinit2.o)
    0x080002f6   0x080002f6   0x00000006   Code   RO         6339    .ARM.Collect$$libinit$$0000000F  c_w.l(libinit2.o)
    0x080002fc   0x080002fc   0x00000000   Code   RO         6341    .ARM.Collect$$libinit$$00000011  c_w.l(libinit2.o)
    0x080002fc   0x080002fc   0x0000000c   Code   RO         6342    .ARM.Collect$$libinit$$00000012  c_w.l(libinit2.o)
    0x08000308   0x08000308   0x00000000   Code   RO         6343    .ARM.Collect$$libinit$$00000013  c_w.l(libinit2.o)
    0x08000308   0x08000308   0x00000000   Code   RO         6345    .ARM.Collect$$libinit$$00000015  c_w.l(libinit2.o)
    0x08000308   0x08000308   0x0000000a   Code   RO         6346    .ARM.Collect$$libinit$$00000016  c_w.l(libinit2.o)
    0x08000312   0x08000312   0x00000000   Code   RO         6347    .ARM.Collect$$libinit$$00000017  c_w.l(libinit2.o)
    0x08000312   0x08000312   0x00000000   Code   RO         6349    .ARM.Collect$$libinit$$00000019  c_w.l(libinit2.o)
    0x08000312   0x08000312   0x00000000   Code   RO         6351    .ARM.Collect$$libinit$$0000001B  c_w.l(libinit2.o)
    0x08000312   0x08000312   0x00000000   Code   RO         6353    .ARM.Collect$$libinit$$0000001D  c_w.l(libinit2.o)
    0x08000312   0x08000312   0x00000000   Code   RO         6355    .ARM.Collect$$libinit$$0000001F  c_w.l(libinit2.o)
    0x08000312   0x08000312   0x00000000   Code   RO         6357    .ARM.Collect$$libinit$$00000021  c_w.l(libinit2.o)
    0x08000312   0x08000312   0x00000000   Code   RO         6359    .ARM.Collect$$libinit$$00000023  c_w.l(libinit2.o)
    0x08000312   0x08000312   0x00000000   Code   RO         6361    .ARM.Collect$$libinit$$00000025  c_w.l(libinit2.o)
    0x08000312   0x08000312   0x00000000   Code   RO         6365    .ARM.Collect$$libinit$$0000002C  c_w.l(libinit2.o)
    0x08000312   0x08000312   0x00000000   Code   RO         6367    .ARM.Collect$$libinit$$0000002E  c_w.l(libinit2.o)
    0x08000312   0x08000312   0x00000000   Code   RO         6369    .ARM.Collect$$libinit$$00000030  c_w.l(libinit2.o)
    0x08000312   0x08000312   0x00000000   Code   RO         6371    .ARM.Collect$$libinit$$00000032  c_w.l(libinit2.o)
    0x08000312   0x08000312   0x00000002   Code   RO         6372    .ARM.Collect$$libinit$$00000033  c_w.l(libinit2.o)
    0x08000314   0x08000314   0x00000002   Code   RO         6421    .ARM.Collect$$libshutdown$$00000000  c_w.l(libshutdown.o)
    0x08000316   0x08000316   0x00000000   Code   RO         6430    .ARM.Collect$$libshutdown$$00000002  c_w.l(libshutdown2.o)
    0x08000316   0x08000316   0x00000000   Code   RO         6432    .ARM.Collect$$libshutdown$$00000004  c_w.l(libshutdown2.o)
    0x08000316   0x08000316   0x00000000   Code   RO         6435    .ARM.Collect$$libshutdown$$00000007  c_w.l(libshutdown2.o)
    0x08000316   0x08000316   0x00000000   Code   RO         6438    .ARM.Collect$$libshutdown$$0000000A  c_w.l(libshutdown2.o)
    0x08000316   0x08000316   0x00000000   Code   RO         6440    .ARM.Collect$$libshutdown$$0000000C  c_w.l(libshutdown2.o)
    0x08000316   0x08000316   0x00000000   Code   RO         6443    .ARM.Collect$$libshutdown$$0000000F  c_w.l(libshutdown2.o)
    0x08000316   0x08000316   0x00000002   Code   RO         6444    .ARM.Collect$$libshutdown$$00000010  c_w.l(libshutdown2.o)
    0x08000318   0x08000318   0x00000000   Code   RO         6102    .ARM.Collect$$rtentry$$00000000  c_w.l(__rtentry.o)
    0x08000318   0x08000318   0x00000000   Code   RO         6230    .ARM.Collect$$rtentry$$00000002  c_w.l(__rtentry2.o)
    0x08000318   0x08000318   0x00000006   Code   RO         6242    .ARM.Collect$$rtentry$$00000004  c_w.l(__rtentry4.o)
    0x0800031e   0x0800031e   0x00000000   Code   RO         6232    .ARM.Collect$$rtentry$$00000009  c_w.l(__rtentry2.o)
    0x0800031e   0x0800031e   0x00000004   Code   RO         6233    .ARM.Collect$$rtentry$$0000000A  c_w.l(__rtentry2.o)
    0x08000322   0x08000322   0x00000000   Code   RO         6235    .ARM.Collect$$rtentry$$0000000C  c_w.l(__rtentry2.o)
    0x08000322   0x08000322   0x00000008   Code   RO         6236    .ARM.Collect$$rtentry$$0000000D  c_w.l(__rtentry2.o)
    0x0800032a   0x0800032a   0x00000002   Code   RO         6375    .ARM.Collect$$rtexit$$00000000  c_w.l(rtexit.o)
    0x0800032c   0x0800032c   0x00000000   Code   RO         6391    .ARM.Collect$$rtexit$$00000002  c_w.l(rtexit2.o)
    0x0800032c   0x0800032c   0x00000004   Code   RO         6392    .ARM.Collect$$rtexit$$00000003  c_w.l(rtexit2.o)
    0x08000330   0x08000330   0x00000006   Code   RO         6393    .ARM.Collect$$rtexit$$00000004  c_w.l(rtexit2.o)
    0x08000336   0x08000336   0x00000002   PAD
    0x08000338   0x08000338   0x000000be   Code   RO         3396    .emb_text           port.o
    0x080003f6   0x080003f6   0x00000002   PAD
    0x080003f8   0x080003f8   0x00000040   Code   RO          510    .text               startup_stm32f427xx.o
    0x08000438   0x08000438   0x000024f0   Code   RO         5535    .text               libmpllib.lib(compass_vec_cal.o)
    0x08002928   0x08002928   0x00000a18   Code   RO         5625    .text               libmpllib.lib(fast_no_motion.o)
    0x08003340   0x08003340   0x000006b0   Code   RO         5658    .text               libmpllib.lib(fusion_9axis.o)
    0x080039f0   0x080039f0   0x000004c4   Code   RO         5680    .text               libmpllib.lib(gyro_tc.o)
    0x08003eb4   0x08003eb4   0x000005c0   Code   RO         5698    .text               libmpllib.lib(mag_disturb.o)
    0x08004474   0x08004474   0x00000994   Code   RO         5720    .text               libmpllib.lib(quaternion_supervisor.o)
    0x08004e08   0x08004e08   0x00000c44   Code   RO         5738    .text               libmpllib.lib(accel_auto_cal.o)
    0x08005a4c   0x08005a4c   0x00000002   Code   RO         5769    .text               c_w.l(use_no_semi_2.o)
    0x08005a4e   0x08005a4e   0x00000026   Code   RO         5771    .text               c_w.l(llshl.o)
    0x08005a74   0x08005a74   0x00000026   Code   RO         5773    .text               c_w.l(llsshr.o)
    0x08005a9a   0x08005a9a   0x00000048   Code   RO         5775    .text               c_w.l(llsdiv.o)
    0x08005ae2   0x08005ae2   0x00000002   PAD
    0x08005ae4   0x08005ae4   0x00000024   Code   RO         5777    .text               c_w.l(vsprintf.o)
    0x08005b08   0x08005b08   0x00000018   Code   RO         5779    .text               c_w.l(__2printf.o)
    0x08005b20   0x08005b20   0x0000004e   Code   RO         5785    .text               c_w.l(_printf_pad.o)
    0x08005b6e   0x08005b6e   0x00000002   PAD
    0x08005b70   0x08005b70   0x00000078   Code   RO         5787    .text               c_w.l(_printf_dec.o)
    0x08005be8   0x08005be8   0x00000094   Code   RO         5807    .text               c_w.l(_printf_hex_int_ll_ptr.o)
    0x08005c7c   0x08005c7c   0x00000188   Code   RO         5827    .text               c_w.l(__printf_flags_ss_wp.o)
    0x08005e04   0x08005e04   0x00000058   Code   RO         5834    .text               c_w.l(memcmp.o)
    0x08005e5c   0x08005e5c   0x0000008a   Code   RO         5836    .text               c_w.l(rt_memcpy_v6.o)
    0x08005ee6   0x08005ee6   0x00000064   Code   RO         5838    .text               c_w.l(rt_memcpy_w.o)
    0x08005f4a   0x08005f4a   0x0000007a   Code   RO         5840    .text               c_w.l(rt_memmove_w.o)
    0x08005fc4   0x08005fc4   0x00000010   Code   RO         5842    .text               c_w.l(aeabi_memset.o)
    0x08005fd4   0x08005fd4   0x00000044   Code   RO         5844    .text               c_w.l(rt_memclr.o)
    0x08006018   0x08006018   0x0000004e   Code   RO         5846    .text               c_w.l(rt_memclr_w.o)
    0x08006066   0x08006066   0x00000006   Code   RO         5848    .text               c_w.l(heapauxi.o)
    0x0800606c   0x0800606c   0x00000002   Code   RO         6100    .text               c_w.l(use_no_semi.o)
    0x0800606e   0x0800606e   0x000000ee   Code   RO         6103    .text               c_w.l(lludivv7m.o)
    0x0800615c   0x0800615c   0x00000016   Code   RO         6105    .text               c_w.l(_rserrno.o)
    0x08006172   0x08006172   0x00000024   Code   RO         6107    .text               c_w.l(_printf_truncate.o)
    0x08006196   0x08006196   0x00000052   Code   RO         6109    .text               c_w.l(_printf_str.o)
    0x080061e8   0x080061e8   0x000000b2   Code   RO         6111    .text               c_w.l(_printf_intcommon.o)
    0x0800629a   0x0800629a   0x00000028   Code   RO         6113    .text               c_w.l(_printf_charcount.o)
    0x080062c2   0x080062c2   0x0000041e   Code   RO         6115    .text               c_w.l(_printf_fp_dec.o)
    0x080066e0   0x080066e0   0x00000030   Code   RO         6117    .text               c_w.l(_printf_char_common.o)
    0x08006710   0x08006710   0x0000000a   Code   RO         6119    .text               c_w.l(_sputc.o)
    0x0800671a   0x0800671a   0x00000002   PAD
    0x0800671c   0x0800671c   0x00000024   Code   RO         6121    .text               c_w.l(_printf_char_file.o)
    0x08006740   0x08006740   0x000000bc   Code   RO         6123    .text               c_w.l(_printf_wctomb.o)
    0x080067fc   0x080067fc   0x0000007c   Code   RO         6126    .text               c_w.l(_printf_longlong_dec.o)
    0x08006878   0x08006878   0x00000070   Code   RO         6132    .text               c_w.l(_printf_oct_int_ll.o)
    0x080068e8   0x080068e8   0x00000008   Code   RO         6251    .text               c_w.l(rt_locale_intlibspace.o)
    0x080068f0   0x080068f0   0x00000008   Code   RO         6256    .text               c_w.l(rt_errno_addr_intlibspace.o)
    0x080068f8   0x080068f8   0x0000008a   Code   RO         6258    .text               c_w.l(lludiv10.o)
    0x08006982   0x08006982   0x00000002   PAD
    0x08006984   0x08006984   0x000002fc   Code   RO         6260    .text               c_w.l(_printf_fp_hex.o)
    0x08006c80   0x08006c80   0x00000080   Code   RO         6263    .text               c_w.l(_printf_fp_infnan.o)
    0x08006d00   0x08006d00   0x0000002c   Code   RO         6267    .text               c_w.l(_printf_char.o)
    0x08006d2c   0x08006d2c   0x0000002c   Code   RO         6269    .text               c_w.l(_printf_wchar.o)
    0x08006d58   0x08006d58   0x000000e4   Code   RO         6271    .text               c_w.l(bigflt0.o)
    0x08006e3c   0x08006e3c   0x00000008   Code   RO         6296    .text               c_w.l(ferror.o)
    0x08006e44   0x08006e44   0x00000040   Code   RO         6300    .text               c_w.l(_wcrtomb.o)
    0x08006e84   0x08006e84   0x00000008   Code   RO         6309    .text               c_w.l(libspace.o)
    0x08006e8c   0x08006e8c   0x0000004a   Code   RO         6312    .text               c_w.l(sys_stackheap_outer.o)
    0x08006ed6   0x08006ed6   0x00000002   PAD
    0x08006ed8   0x08006ed8   0x00000010   Code   RO         6314    .text               c_w.l(rt_ctype_table.o)
    0x08006ee8   0x08006ee8   0x00000012   Code   RO         6318    .text               c_w.l(exit.o)
    0x08006efa   0x08006efa   0x00000002   PAD
    0x08006efc   0x08006efc   0x00000080   Code   RO         6320    .text               c_w.l(strcmpv7m.o)
    0x08006f7c   0x08006f7c   0x0000003e   Code   RO         6274    CL$$btod_d2e        c_w.l(btod.o)
    0x08006fba   0x08006fba   0x00000046   Code   RO         6276    CL$$btod_d2e_denorm_low  c_w.l(btod.o)
    0x08007000   0x08007000   0x00000060   Code   RO         6275    CL$$btod_d2e_norm_op1  c_w.l(btod.o)
    0x08007060   0x08007060   0x00000338   Code   RO         6284    CL$$btod_div_common  c_w.l(btod.o)
    0x08007398   0x08007398   0x000000dc   Code   RO         6281    CL$$btod_e2e        c_w.l(btod.o)
    0x08007474   0x08007474   0x0000002a   Code   RO         6278    CL$$btod_ediv       c_w.l(btod.o)
    0x0800749e   0x0800749e   0x0000002a   Code   RO         6277    CL$$btod_emul       c_w.l(btod.o)
    0x080074c8   0x080074c8   0x00000244   Code   RO         6283    CL$$btod_mult_common  c_w.l(btod.o)
    0x0800770c   0x0800770c   0x00000004   Code   RO          224    i.BusFault_Handler  stm32f4xx_it.o
    0x08007710   0x08007710   0x0000006e   Code   RO          841    i.Control_Device_LPF  driver_filter.o
    0x0800777e   0x0800777e   0x00000002   PAD
    0x08007780   0x08007780   0x00000074   Code   RO          225    i.CopeSerialData    stm32f4xx_it.o
    0x080077f4   0x080077f4   0x00000028   Code   RO          226    i.DMA1_Stream0_IRQHandler  stm32f4xx_it.o
    0x0800781c   0x0800781c   0x00000020   Code   RO          227    i.DMA2_Stream7_IRQHandler  stm32f4xx_it.o
    0x0800783c   0x0800783c   0x00000034   Code   RO         2346    i.DMA_ClearFlag     stm32f4xx_dma.o
    0x08007870   0x08007870   0x00000034   Code   RO         2347    i.DMA_ClearITPendingBit  stm32f4xx_dma.o
    0x080078a4   0x080078a4   0x00000016   Code   RO         2348    i.DMA_Cmd           stm32f4xx_dma.o
    0x080078ba   0x080078ba   0x00000002   PAD
    0x080078bc   0x080078bc   0x00000158   Code   RO         2349    i.DMA_DeInit        stm32f4xx_dma.o
    0x08007a14   0x08007a14   0x00000014   Code   RO         2353    i.DMA_GetCmdStatus  stm32f4xx_dma.o
    0x08007a28   0x08007a28   0x00000008   Code   RO         2354    i.DMA_GetCurrDataCounter  stm32f4xx_dma.o
    0x08007a30   0x08007a30   0x00000044   Code   RO         2357    i.DMA_GetFlagStatus  stm32f4xx_dma.o
    0x08007a74   0x08007a74   0x00000064   Code   RO         2358    i.DMA_GetITStatus   stm32f4xx_dma.o
    0x08007ad8   0x08007ad8   0x0000003a   Code   RO         2359    i.DMA_ITConfig      stm32f4xx_dma.o
    0x08007b12   0x08007b12   0x00000002   PAD
    0x08007b14   0x08007b14   0x00000058   Code   RO         2360    i.DMA_Init          stm32f4xx_dma.o
    0x08007b6c   0x08007b6c   0x00000004   Code   RO         2363    i.DMA_SetCurrDataCounter  stm32f4xx_dma.o
    0x08007b70   0x08007b70   0x00000002   Code   RO          228    i.DebugMon_Handler  stm32f4xx_it.o
    0x08007b72   0x08007b72   0x00000090   Code   RO         1109    i.GPIO_Init         stm32f4xx_gpio.o
    0x08007c02   0x08007c02   0x00000046   Code   RO         1110    i.GPIO_PinAFConfig  stm32f4xx_gpio.o
    0x08007c48   0x08007c48   0x00000004   Code   RO         1116    i.GPIO_ResetBits    stm32f4xx_gpio.o
    0x08007c4c   0x08007c4c   0x00000004   Code   RO         1117    i.GPIO_SetBits      stm32f4xx_gpio.o
    0x08007c50   0x08007c50   0x00000004   Code   RO          229    i.HardFault_Handler  stm32f4xx_it.o
    0x08007c54   0x08007c54   0x00000050   Code   RO          866    i.IIC_Ack           driver_iic.o
    0x08007ca4   0x08007ca4   0x00000048   Code   RO          867    i.IIC_Init          driver_iic.o
    0x08007cec   0x08007cec   0x00000050   Code   RO          868    i.IIC_NAck          driver_iic.o
    0x08007d3c   0x08007d3c   0x0000006c   Code   RO          869    i.IIC_Read_Byte     driver_iic.o
    0x08007da8   0x08007da8   0x00000068   Code   RO          870    i.IIC_Send_Byte     driver_iic.o
    0x08007e10   0x08007e10   0x0000004c   Code   RO          871    i.IIC_Start         driver_iic.o
    0x08007e5c   0x08007e5c   0x0000004c   Code   RO          872    i.IIC_Stop          driver_iic.o
    0x08007ea8   0x08007ea8   0x00000060   Code   RO          873    i.IIC_Wait_Ack      driver_iic.o
    0x08007f08   0x08007f08   0x00000050   Code   RO          932    i.MPU_Get_Gyroscope  driver_imu.o
    0x08007f58   0x08007f58   0x0000003a   Code   RO          934    i.MPU_Read_Byte     driver_imu.o
    0x08007f92   0x08007f92   0x00000074   Code   RO          935    i.MPU_Read_Len      driver_imu.o
    0x08008006   0x08008006   0x00000010   Code   RO          936    i.MPU_Set_Accel_Fsr  driver_imu.o
    0x08008016   0x08008016   0x00000010   Code   RO          937    i.MPU_Set_Gyro_Fsr  driver_imu.o
    0x08008026   0x08008026   0x0000003a   Code   RO          938    i.MPU_Set_LPF       driver_imu.o
    0x08008060   0x08008060   0x0000003a   Code   RO          939    i.MPU_Set_Rate      driver_imu.o
    0x0800809a   0x0800809a   0x00000044   Code   RO          940    i.MPU_Write_Byte    driver_imu.o
    0x080080de   0x080080de   0x00000060   Code   RO          941    i.MPU_Write_Len     driver_imu.o
    0x0800813e   0x0800813e   0x00000004   Code   RO          230    i.MemManage_Handler  stm32f4xx_it.o
    0x08008142   0x08008142   0x00000002   Code   RO          231    i.NMI_Handler       stm32f4xx_it.o
    0x08008144   0x08008144   0x00000078   Code   RO         1064    i.NVIC_Init         misc.o
    0x080081bc   0x080081bc   0x00000014   Code   RO         1065    i.NVIC_PriorityGroupConfig  misc.o
    0x080081d0   0x080081d0   0x00000020   Code   RO         1206    i.RCC_AHB1PeriphClockCmd  stm32f4xx_rcc.o
    0x080081f0   0x080081f0   0x00000020   Code   RO         1215    i.RCC_APB1PeriphClockCmd  stm32f4xx_rcc.o
    0x08008210   0x08008210   0x00000020   Code   RO         1217    i.RCC_APB1PeriphResetCmd  stm32f4xx_rcc.o
    0x08008230   0x08008230   0x00000020   Code   RO         1218    i.RCC_APB2PeriphClockCmd  stm32f4xx_rcc.o
    0x08008250   0x08008250   0x00000020   Code   RO         1220    i.RCC_APB2PeriphResetCmd  stm32f4xx_rcc.o
    0x08008270   0x08008270   0x000000e8   Code   RO         1227    i.RCC_GetClocksFreq  stm32f4xx_rcc.o
    0x08008358   0x08008358   0x00000120   Code   RO          350    i.SetSysClock       system_stm32f4xx.o
    0x08008478   0x08008478   0x00000028   Code   RO         1068    i.SysTick_CLKSourceConfig  misc.o
    0x080084a0   0x080084a0   0x00000010   Code   RO          387    i.SysTick_Handler   delay.o
    0x080084b0   0x080084b0   0x00000068   Code   RO          352    i.SystemInit        system_stm32f4xx.o
    0x08008518   0x08008518   0x00000018   Code   RO         1788    i.TIM_ARRPreloadConfig  stm32f4xx_tim.o
    0x08008530   0x08008530   0x00000018   Code   RO         1800    i.TIM_Cmd           stm32f4xx_tim.o
    0x08008548   0x08008548   0x0000007c   Code   RO         1829    i.TIM_OC1Init       stm32f4xx_tim.o
    0x080085c4   0x080085c4   0x00000012   Code   RO         1832    i.TIM_OC1PreloadConfig  stm32f4xx_tim.o
    0x080085d6   0x080085d6   0x00000002   PAD
    0x080085d8   0x080085d8   0x000000a4   Code   RO         1834    i.TIM_OC2Init       stm32f4xx_tim.o
    0x0800867c   0x0800867c   0x0000001a   Code   RO         1837    i.TIM_OC2PreloadConfig  stm32f4xx_tim.o
    0x08008696   0x08008696   0x00000002   PAD
    0x08008698   0x08008698   0x000000a0   Code   RO         1839    i.TIM_OC3Init       stm32f4xx_tim.o
    0x08008738   0x08008738   0x00000012   Code   RO         1842    i.TIM_OC3PreloadConfig  stm32f4xx_tim.o
    0x0800874a   0x0800874a   0x00000002   PAD
    0x0800874c   0x0800874c   0x00000078   Code   RO         1844    i.TIM_OC4Init       stm32f4xx_tim.o
    0x080087c4   0x080087c4   0x0000001a   Code   RO         1846    i.TIM_OC4PreloadConfig  stm32f4xx_tim.o
    0x080087de   0x080087de   0x00000004   Code   RO         1862    i.TIM_SetCompare1   stm32f4xx_tim.o
    0x080087e2   0x080087e2   0x00000004   Code   RO         1863    i.TIM_SetCompare2   stm32f4xx_tim.o
    0x080087e6   0x080087e6   0x00000004   Code   RO         1864    i.TIM_SetCompare3   stm32f4xx_tim.o
    0x080087ea   0x080087ea   0x00000004   Code   RO         1865    i.TIM_SetCompare4   stm32f4xx_tim.o
    0x080087ee   0x080087ee   0x00000002   PAD
    0x080087f0   0x080087f0   0x00000084   Code   RO         1872    i.TIM_TimeBaseInit  stm32f4xx_tim.o
    0x08008874   0x08008874   0x0000006c   Code   RO          232    i.UART8_IRQHandler  stm32f4xx_it.o
    0x080088e0   0x080088e0   0x00000088   Code   RO          451    i.USART3_IRQHandler  usart.o
    0x08008968   0x08008968   0x00000030   Code   RO          234    i.USART6_IRQHandler  stm32f4xx_it.o
    0x08008998   0x08008998   0x0000001e   Code   RO         1597    i.USART_ClearITPendingBit  stm32f4xx_usart.o
    0x080089b6   0x080089b6   0x00000018   Code   RO         1600    i.USART_Cmd         stm32f4xx_usart.o
    0x080089ce   0x080089ce   0x00000012   Code   RO         1601    i.USART_DMACmd      stm32f4xx_usart.o
    0x080089e0   0x080089e0   0x000000f0   Code   RO         1602    i.USART_DeInit      stm32f4xx_usart.o
    0x08008ad0   0x08008ad0   0x00000054   Code   RO         1604    i.USART_GetITStatus  stm32f4xx_usart.o
    0x08008b24   0x08008b24   0x0000004a   Code   RO         1606    i.USART_ITConfig    stm32f4xx_usart.o
    0x08008b6e   0x08008b6e   0x00000002   PAD
    0x08008b70   0x08008b70   0x000000d4   Code   RO         1607    i.USART_Init        stm32f4xx_usart.o
    0x08008c44   0x08008c44   0x0000000a   Code   RO         1614    i.USART_ReceiveData  stm32f4xx_usart.o
    0x08008c4e   0x08008c4e   0x00000004   Code   RO          235    i.UsageFault_Handler  stm32f4xx_it.o
    0x08008c52   0x08008c52   0x000000ca   Code   RO         4135    i._MLPrintLog       log_stm32.o
    0x08008d1c   0x08008d1c   0x00000030   Code   RO         6194    i.__ARM_fpclassify  m_wm.l(fpclassify.o)
    0x08008d4c   0x08008d4c   0x00000026   Code   RO         6196    i.__ARM_fpclassifyf  m_wm.l(fpclassifyf.o)
    0x08008d72   0x08008d72   0x00000002   PAD
    0x08008d74   0x08008d74   0x00000118   Code   RO         5906    i.__hardfp_acosf    m_wm.l(acosf.o)
    0x08008e8c   0x08008e8c   0x00000250   Code   RO         5970    i.__hardfp_atan2f   m_wm.l(atan2f.o)
    0x080090dc   0x080090dc   0x00000004   PAD
    0x080090e0   0x080090e0   0x000000c8   Code   RO         5988    i.__hardfp_cos      m_wm.l(cos.o)
    0x080091a8   0x080091a8   0x00000150   Code   RO         6000    i.__hardfp_cosf     m_wm.l(cosf.o)
    0x080092f8   0x080092f8   0x00000014   Code   RO         6012    i.__hardfp_fabs     m_wm.l(fabs.o)
    0x0800930c   0x0800930c   0x00000004   PAD
    0x08009310   0x08009310   0x000003c4   Code   RO         6024    i.__hardfp_log      m_wm.l(log.o)
    0x080096d4   0x080096d4   0x00000004   PAD
    0x080096d8   0x080096d8   0x000000c8   Code   RO         6052    i.__hardfp_sin      m_wm.l(sin.o)
    0x080097a0   0x080097a0   0x00000190   Code   RO         6064    i.__hardfp_sinf     m_wm.l(sinf.o)
    0x08009930   0x08009930   0x0000007a   Code   RO         6076    i.__hardfp_sqrt     m_wm.l(sqrt.o)
    0x080099aa   0x080099aa   0x0000003a   Code   RO         6088    i.__hardfp_sqrtf    m_wm.l(sqrtf.o)
    0x080099e4   0x080099e4   0x00000004   PAD
    0x080099e8   0x080099e8   0x00000438   Code   RO         6215    i.__ieee754_rem_pio2  m_wm.l(rred.o)
    0x08009e20   0x08009e20   0x00000170   Code   RO         6177    i.__kernel_cos      m_wm.l(cos_i.o)
    0x08009f90   0x08009f90   0x000000f8   Code   RO         6212    i.__kernel_poly     m_wm.l(poly.o)
    0x0800a088   0x0800a088   0x00000130   Code   RO         6223    i.__kernel_sin      m_wm.l(sin_i.o)
    0x0800a1b8   0x0800a1b8   0x00000030   Code   RO         6180    i.__mathlib_dbl_divzero  m_wm.l(dunder.o)
    0x0800a1e8   0x0800a1e8   0x00000014   Code   RO         6181    i.__mathlib_dbl_infnan  m_wm.l(dunder.o)
    0x0800a1fc   0x0800a1fc   0x00000004   PAD
    0x0800a200   0x0800a200   0x00000020   Code   RO         6183    i.__mathlib_dbl_invalid  m_wm.l(dunder.o)
    0x0800a220   0x0800a220   0x00000020   Code   RO         6186    i.__mathlib_dbl_underflow  m_wm.l(dunder.o)
    0x0800a240   0x0800a240   0x00000006   Code   RO         6199    i.__mathlib_flt_infnan  m_wm.l(funder.o)
    0x0800a246   0x0800a246   0x00000006   Code   RO         6200    i.__mathlib_flt_infnan2  m_wm.l(funder.o)
    0x0800a24c   0x0800a24c   0x00000010   Code   RO         6201    i.__mathlib_flt_invalid  m_wm.l(funder.o)
    0x0800a25c   0x0800a25c   0x00000010   Code   RO         6204    i.__mathlib_flt_underflow  m_wm.l(funder.o)
    0x0800a26c   0x0800a26c   0x00000154   Code   RO         6220    i.__mathlib_rredf2  m_wm.l(rredf.o)
    0x0800a3c0   0x0800a3c0   0x00000034   Code   RO         5187    i.__print_result_location  mpl.o
    0x0800a3f4   0x0800a3f4   0x0000000e   Code   RO         5820    i._is_digit         c_w.l(__printf_wp.o)
    0x0800a402   0x0800a402   0x00000004   Code   RO          452    i._sys_exit         usart.o
    0x0800a406   0x0800a406   0x0000002e   Code   RO          769    i.abs_limit         driver_control.o
    0x0800a434   0x0800a434   0x00000614   Code   RO         3475    i.accel_6500_self_test  inv_mpu.o
    0x0800aa48   0x0800aa48   0x0000002e   Code   RO         1040    i.amplitude_limit   user_math.o
    0x0800aa76   0x0800aa76   0x00000002   PAD
    0x0800aa78   0x0800aa78   0x000001b4   Code   RO          576    i.bsp_dma_init      bsp_dma.o
    0x0800ac2c   0x0800ac2c   0x000001e0   Code   RO          536    i.bsp_gpio_init     bsp_gpio.o
    0x0800ae0c   0x0800ae0c   0x00000086   Code   RO          942    i.bsp_imu_init      driver_imu.o
    0x0800ae92   0x0800ae92   0x00000002   PAD
    0x0800ae94   0x0800ae94   0x000000c0   Code   RO          623    i.bsp_nvic_init     bsp_nvic.o
    0x0800af54   0x0800af54   0x0000009c   Code   RO          603    i.bsp_time_init     bsp_tim.o
    0x0800aff0   0x0800aff0   0x000000a8   Code   RO          556    i.bsp_usart_init    bsp_uart.o
    0x0800b098   0x0800b098   0x0000001e   Code   RO          708    i.control_pid_calculate  task_control.o
    0x0800b0b6   0x0800b0b6   0x00000002   PAD
    0x0800b0b8   0x0800b0b8   0x00000078   Code   RO          709    i.control_task      task_control.o
    0x0800b130   0x0800b130   0x00000104   Code   RO          710    i.control_task_init  task_control.o
    0x0800b234   0x0800b234   0x00000040   Code   RO          771    i.dead_limit        driver_control.o
    0x0800b274   0x0800b274   0x00000064   Code   RO         3941    i.decode_gesture    inv_mpu_dmp_motion_driver.o
    0x0800b2d8   0x0800b2d8   0x00000044   Code   RO          388    i.delay_init        delay.o
    0x0800b31c   0x0800b31c   0x00000040   Code   RO          389    i.delay_ms          delay.o
    0x0800b35c   0x0800b35c   0x00000048   Code   RO          390    i.delay_us          delay.o
    0x0800b3a4   0x0800b3a4   0x0000003c   Code   RO         3942    i.dmp_enable_6x_lp_quat  inv_mpu_dmp_motion_driver.o
    0x0800b3e0   0x0800b3e0   0x0000021c   Code   RO         3943    i.dmp_enable_feature  inv_mpu_dmp_motion_driver.o
    0x0800b5fc   0x0800b5fc   0x00000058   Code   RO         3944    i.dmp_enable_gyro_cal  inv_mpu_dmp_motion_driver.o
    0x0800b654   0x0800b654   0x0000003c   Code   RO         3945    i.dmp_enable_lp_quat  inv_mpu_dmp_motion_driver.o
    0x0800b690   0x0800b690   0x00000018   Code   RO         3950    i.dmp_load_motion_driver_firmware  inv_mpu_dmp_motion_driver.o
    0x0800b6a8   0x0800b6a8   0x000001cc   Code   RO         3951    i.dmp_read_fifo     inv_mpu_dmp_motion_driver.o
    0x0800b874   0x0800b874   0x00000130   Code   RO         3954    i.dmp_set_accel_bias  inv_mpu_dmp_motion_driver.o
    0x0800b9a4   0x0800b9a4   0x00000070   Code   RO         3955    i.dmp_set_fifo_rate  inv_mpu_dmp_motion_driver.o
    0x0800ba14   0x0800ba14   0x00000130   Code   RO         3956    i.dmp_set_gyro_bias  inv_mpu_dmp_motion_driver.o
    0x0800bb44   0x0800bb44   0x00000138   Code   RO         3958    i.dmp_set_orientation  inv_mpu_dmp_motion_driver.o
    0x0800bc7c   0x0800bc7c   0x00000038   Code   RO         3961    i.dmp_set_shake_reject_thresh  inv_mpu_dmp_motion_driver.o
    0x0800bcb4   0x0800bcb4   0x00000026   Code   RO         3962    i.dmp_set_shake_reject_time  inv_mpu_dmp_motion_driver.o
    0x0800bcda   0x0800bcda   0x00000026   Code   RO         3963    i.dmp_set_shake_reject_timeout  inv_mpu_dmp_motion_driver.o
    0x0800bd00   0x0800bd00   0x00000046   Code   RO         3964    i.dmp_set_tap_axes  inv_mpu_dmp_motion_driver.o
    0x0800bd46   0x0800bd46   0x00000026   Code   RO         3965    i.dmp_set_tap_count  inv_mpu_dmp_motion_driver.o
    0x0800bd6c   0x0800bd6c   0x000001c0   Code   RO         3966    i.dmp_set_tap_thresh  inv_mpu_dmp_motion_driver.o
    0x0800bf2c   0x0800bf2c   0x00000026   Code   RO         3967    i.dmp_set_tap_time  inv_mpu_dmp_motion_driver.o
    0x0800bf52   0x0800bf52   0x00000026   Code   RO         3968    i.dmp_set_tap_time_multi  inv_mpu_dmp_motion_driver.o
    0x0800bf78   0x0800bf78   0x000000b4   Code   RO         1020    i.driver_wind_motor  driver_motor.o
    0x0800c02c   0x0800c02c   0x00000018   Code   RO         6014    i.fabs              m_wm.l(fabs.o)
    0x0800c044   0x0800c044   0x0000001c   Code   RO          453    i.fputc             usart.o
    0x0800c060   0x0800c060   0x00000670   Code   RO         3476    i.get_st_6500_biases  inv_mpu.o
    0x0800c6d0   0x0800c6d0   0x000005bc   Code   RO         3478    i.gyro_6500_self_test  inv_mpu.o
    0x0800cc8c   0x0800cc8c   0x000000e4   Code   RO          673    i.imu_task          task_imu.o
    0x0800cd70   0x0800cd70   0x00000058   Code   RO          773    i.integral_separation  driver_control.o
    0x0800cdc8   0x0800cdc8   0x0000006a   Code   RO         4254    i.inv_apply_calibration  data_builder.o
    0x0800ce32   0x0800ce32   0x00000002   PAD
    0x0800ce34   0x0800ce34   0x0000008c   Code   RO         4255    i.inv_build_accel   data_builder.o
    0x0800cec0   0x0800cec0   0x00000038   Code   RO         4257    i.inv_build_gyro    data_builder.o
    0x0800cef8   0x0800cef8   0x0000002c   Code   RO         4259    i.inv_build_temp    data_builder.o
    0x0800cf24   0x0800cf24   0x000000b0   Code   RO         4830    i.inv_compass_angle  ml_math_func.o
    0x0800cfd4   0x0800cfd4   0x00000072   Code   RO         4832    i.inv_convert_to_body_with_scale  ml_math_func.o
    0x0800d046   0x0800d046   0x00000002   PAD
    0x0800d048   0x0800d048   0x00000050   Code   RO         4261    i.inv_db_load_func  data_builder.o
    0x0800d098   0x0800d098   0x00000018   Code   RO         4262    i.inv_db_save_func  data_builder.o
    0x0800d0b0   0x0800d0b0   0x00000010   Code   RO         4263    i.inv_disable_compass_soft_iron_matrix  data_builder.o
    0x0800d0c0   0x0800d0c0   0x0000001c   Code   RO         4166    i.inv_enable_eMPL_outputs  empl_outputs.o
    0x0800d0dc   0x0800d0dc   0x00000020   Code   RO         5225    i.inv_enable_results_holder  results_holder.o
    0x0800d0fc   0x0800d0fc   0x0000002c   Code   RO         5460    i.inv_execute_mpl_start_notification  start_manager.o
    0x0800d128   0x0800d128   0x000000a0   Code   RO         4265    i.inv_execute_on_data  data_builder.o
    0x0800d1c8   0x0800d1c8   0x000000f0   Code   RO         4167    i.inv_generate_eMPL_outputs  empl_outputs.o
    0x0800d2b8   0x0800d2b8   0x00000010   Code   RO         5226    i.inv_generate_results  results_holder.o
    0x0800d2c8   0x0800d2c8   0x00000018   Code   RO         5227    i.inv_get_6axis_quaternion  results_holder.o
    0x0800d2e0   0x0800d2e0   0x0000000c   Code   RO         5228    i.inv_get_acc_state  results_holder.o
    0x0800d2ec   0x0800d2ec   0x0000000c   Code   RO         4266    i.inv_get_accel_accuracy  data_builder.o
    0x0800d2f8   0x0800d2f8   0x00000010   Code   RO         4268    i.inv_get_accel_on  data_builder.o
    0x0800d308   0x0800d308   0x0000002c   Code   RO         4272    i.inv_get_accel_set  data_builder.o
    0x0800d334   0x0800d334   0x00000018   Code   RO         4273    i.inv_get_compass_bias  data_builder.o
    0x0800d34c   0x0800d34c   0x00000018   Code   RO         5232    i.inv_get_compass_correction  results_holder.o
    0x0800d364   0x0800d364   0x00000010   Code   RO         4275    i.inv_get_compass_on  data_builder.o
    0x0800d374   0x0800d374   0x0000000c   Code   RO         5233    i.inv_get_compass_state  results_holder.o
    0x0800d380   0x0800d380   0x00000060   Code   RO         5234    i.inv_get_gravity   results_holder.o
    0x0800d3e0   0x0800d3e0   0x00000010   Code   RO         4283    i.inv_get_gyro      data_builder.o
    0x0800d3f0   0x0800d3f0   0x0000000c   Code   RO         4284    i.inv_get_gyro_accuracy  data_builder.o
    0x0800d3fc   0x0800d3fc   0x00000024   Code   RO         4285    i.inv_get_gyro_bias  data_builder.o
    0x0800d420   0x0800d420   0x00000020   Code   RO         4286    i.inv_get_gyro_bias_tc_set  data_builder.o
    0x0800d440   0x0800d440   0x00000010   Code   RO         4287    i.inv_get_gyro_on   data_builder.o
    0x0800d450   0x0800d450   0x0000001c   Code   RO         4836    i.inv_get_gyro_sum_of_sqr  ml_math_func.o
    0x0800d46c   0x0800d46c   0x0000000c   Code   RO         5237    i.inv_get_large_mag_field  results_holder.o
    0x0800d478   0x0800d478   0x00000068   Code   RO         4293    i.inv_get_last_timestamp  data_builder.o
    0x0800d4e0   0x0800d4e0   0x0000003c   Code   RO         5238    i.inv_get_linear_accel  results_holder.o
    0x0800d51c   0x0800d51c   0x00000044   Code   RO         5239    i.inv_get_linear_accel_float  results_holder.o
    0x0800d560   0x0800d560   0x00000010   Code   RO         5240    i.inv_get_local_field  results_holder.o
    0x0800d570   0x0800d570   0x0000001c   Code   RO         4294    i.inv_get_mag_accuracy  data_builder.o
    0x0800d58c   0x0800d58c   0x00000014   Code   RO         5242    i.inv_get_motion_state  results_holder.o
    0x0800d5a0   0x0800d5a0   0x0000003c   Code   RO         5243    i.inv_get_quaternion  results_holder.o
    0x0800d5dc   0x0800d5dc   0x00000044   Code   RO         5245    i.inv_get_quaternion_set  results_holder.o
    0x0800d620   0x0800d620   0x00000268   Code   RO         4170    i.inv_get_sensor_type_euler  empl_outputs.o
    0x0800d888   0x0800d888   0x00000070   Code   RO         4706    i.inv_get_sensor_type_gravity  hal_outputs.o
    0x0800d8f8   0x0800d8f8   0x0000000c   Code   RO         5247    i.inv_got_compass_bias  results_holder.o
    0x0800d904   0x0800d904   0x0000003c   Code   RO         4297    i.inv_init_data_builder  data_builder.o
    0x0800d940   0x0800d940   0x00000014   Code   RO         4175    i.inv_init_eMPL_outputs  empl_outputs.o
    0x0800d954   0x0800d954   0x00000084   Code   RO         5189    i.inv_init_mpl      mpl.o
    0x0800d9d8   0x0800d9d8   0x0000003c   Code   RO         5248    i.inv_init_results_holder  results_holder.o
    0x0800da14   0x0800da14   0x00000014   Code   RO         5461    i.inv_init_start_manager  start_manager.o
    0x0800da28   0x0800da28   0x00000018   Code   RO         5494    i.inv_init_storage_manager  storage_manager.o
    0x0800da40   0x0800da40   0x00000028   Code   RO         4845    i.inv_orientation_matrix_to_scalar  ml_math_func.o
    0x0800da68   0x0800da68   0x00000012   Code   RO         4846    i.inv_q29_mult      ml_math_func.o
    0x0800da7a   0x0800da7a   0x00000012   Code   RO         4848    i.inv_q30_mult      ml_math_func.o
    0x0800da8c   0x0800da8c   0x00000018   Code   RO         4850    i.inv_q30_to_float  ml_math_func.o
    0x0800daa4   0x0800daa4   0x00000024   Code   RO         4851    i.inv_q_add         ml_math_func.o
    0x0800dac8   0x0800dac8   0x00000042   Code   RO         4852    i.inv_q_addf        ml_math_func.o
    0x0800db0a   0x0800db0a   0x00000018   Code   RO         4853    i.inv_q_invert      ml_math_func.o
    0x0800db22   0x0800db22   0x0000002e   Code   RO         4854    i.inv_q_invertf     ml_math_func.o
    0x0800db50   0x0800db50   0x000000b2   Code   RO         4855    i.inv_q_mult        ml_math_func.o
    0x0800dc02   0x0800dc02   0x000000d2   Code   RO         4856    i.inv_q_multf       ml_math_func.o
    0x0800dcd4   0x0800dcd4   0x000000a8   Code   RO         4857    i.inv_q_norm4       ml_math_func.o
    0x0800dd7c   0x0800dd7c   0x00000134   Code   RO         4859    i.inv_q_normalizef  ml_math_func.o
    0x0800deb0   0x0800deb0   0x00000042   Code   RO         4860    i.inv_q_rotate      ml_math_func.o
    0x0800def2   0x0800def2   0x000000da   Code   RO         4862    i.inv_quaternion_to_rotation  ml_math_func.o
    0x0800dfcc   0x0800dfcc   0x000000f8   Code   RO         4300    i.inv_register_data_cb  data_builder.o
    0x0800e0c4   0x0800e0c4   0x00000090   Code   RO         5496    i.inv_register_load_store  storage_manager.o
    0x0800e154   0x0800e154   0x0000002c   Code   RO         5462    i.inv_register_mpl_start_notification  start_manager.o
    0x0800e180   0x0800e180   0x00000058   Code   RO         4301    i.inv_reset_compass_soft_iron_matrix  data_builder.o
    0x0800e1d8   0x0800e1d8   0x0000004e   Code   RO         4864    i.inv_row_2_scale   ml_math_func.o
    0x0800e226   0x0800e226   0x00000002   PAD
    0x0800e228   0x0800e228   0x00000024   Code   RO         4302    i.inv_set_accel_accuracy  data_builder.o
    0x0800e24c   0x0800e24c   0x0000000c   Code   RO         5251    i.inv_set_accel_bias_found  results_holder.o
    0x0800e258   0x0800e258   0x00000060   Code   RO         4305    i.inv_set_accel_bias_mask  data_builder.o
    0x0800e2b8   0x0800e2b8   0x00000018   Code   RO         4306    i.inv_set_accel_orientation_and_scale  data_builder.o
    0x0800e2d0   0x0800e2d0   0x0000002c   Code   RO         4307    i.inv_set_accel_sample_rate  data_builder.o
    0x0800e2fc   0x0800e2fc   0x0000004c   Code   RO         4309    i.inv_set_compass_bias  data_builder.o
    0x0800e348   0x0800e348   0x00000014   Code   RO         5252    i.inv_set_compass_bias_error  results_holder.o
    0x0800e35c   0x0800e35c   0x0000000c   Code   RO         5253    i.inv_set_compass_bias_found  results_holder.o
    0x0800e368   0x0800e368   0x00000024   Code   RO         5254    i.inv_set_compass_correction  results_holder.o
    0x0800e38c   0x0800e38c   0x0000000c   Code   RO         4310    i.inv_set_compass_disturbance  data_builder.o
    0x0800e398   0x0800e398   0x0000000c   Code   RO         5255    i.inv_set_compass_state  results_holder.o
    0x0800e3a4   0x0800e3a4   0x00000120   Code   RO         4316    i.inv_set_contiguous  data_builder.o
    0x0800e4c4   0x0800e4c4   0x00000074   Code   RO         4318    i.inv_set_gyro_bias  data_builder.o
    0x0800e538   0x0800e538   0x00000018   Code   RO         4319    i.inv_set_gyro_orientation_and_scale  data_builder.o
    0x0800e550   0x0800e550   0x00000028   Code   RO         4320    i.inv_set_gyro_sample_rate  data_builder.o
    0x0800e578   0x0800e578   0x0000001c   Code   RO         4805    i.inv_set_message   message_layer.o
    0x0800e594   0x0800e594   0x00000050   Code   RO         5260    i.inv_set_motion_state  results_holder.o
    0x0800e5e4   0x0800e5e4   0x00000014   Code   RO         4176    i.inv_start_eMPL_outputs  empl_outputs.o
    0x0800e5f8   0x0800e5f8   0x00000040   Code   RO         5190    i.inv_start_mpl     mpl.o
    0x0800e638   0x0800e638   0x00000018   Code   RO         5261    i.inv_start_results_holder  results_holder.o
    0x0800e650   0x0800e650   0x00000024   Code   RO         5262    i.inv_store_gaming_quaternion  results_holder.o
    0x0800e674   0x0800e674   0x00000064   Code   RO         4323    i.inv_unregister_data_cb  data_builder.o
    0x0800e6d8   0x0800e6d8   0x00000060   Code   RO         5463    i.inv_unregister_mpl_start_notification  start_manager.o
    0x0800e738   0x0800e738   0x00000020   Code   RO          643    i.led1_task         task_led.o
    0x0800e758   0x0800e758   0x0000002e   Code   RO          711    i.linearizaiton     task_control.o
    0x0800e786   0x0800e786   0x00000002   PAD
    0x0800e788   0x0800e788   0x0000003c   Code   RO            3    i.main              main.o
    0x0800e7c4   0x0800e7c4   0x00000002   Code   RO         3480    i.mget_ms           inv_mpu.o
    0x0800e7c6   0x0800e7c6   0x00000002   PAD
    0x0800e7c8   0x0800e7c8   0x00000070   Code   RO         3481    i.mpu_configure_fifo  inv_mpu.o
    0x0800e838   0x0800e838   0x00000130   Code   RO         3483    i.mpu_dmp_init      inv_mpu.o
    0x0800e968   0x0800e968   0x0000004c   Code   RO         3484    i.mpu_get_accel_fsr  inv_mpu.o
    0x0800e9b4   0x0800e9b4   0x00000054   Code   RO         3486    i.mpu_get_accel_sens  inv_mpu.o
    0x0800ea08   0x0800ea08   0x00000010   Code   RO         3491    i.mpu_get_fifo_config  inv_mpu.o
    0x0800ea18   0x0800ea18   0x00000044   Code   RO         3492    i.mpu_get_gyro_fsr  inv_mpu.o
    0x0800ea5c   0x0800ea5c   0x00000060   Code   RO         3494    i.mpu_get_gyro_sens  inv_mpu.o
    0x0800eabc   0x0800eabc   0x00000050   Code   RO         3496    i.mpu_get_lpf       inv_mpu.o
    0x0800eb0c   0x0800eb0c   0x00000020   Code   RO         3498    i.mpu_get_sample_rate  inv_mpu.o
    0x0800eb2c   0x0800eb2c   0x0000009c   Code   RO         3499    i.mpu_get_temperature  inv_mpu.o
    0x0800ebc8   0x0800ebc8   0x00000120   Code   RO         3500    i.mpu_init          inv_mpu.o
    0x0800ece8   0x0800ece8   0x000000b8   Code   RO         3501    i.mpu_load_firmware  inv_mpu.o
    0x0800eda0   0x0800eda0   0x0000011c   Code   RO         3502    i.mpu_lp_accel_mode  inv_mpu.o
    0x0800eebc   0x0800eebc   0x000000c8   Code   RO         3504    i.mpu_mpl_get_data  inv_mpu.o
    0x0800ef84   0x0800ef84   0x000000c0   Code   RO         3509    i.mpu_read_fifo_stream  inv_mpu.o
    0x0800f044   0x0800f044   0x00000080   Code   RO         3510    i.mpu_read_mem      inv_mpu.o
    0x0800f0c4   0x0800f0c4   0x000001c8   Code   RO         3513    i.mpu_reset_fifo    inv_mpu.o
    0x0800f28c   0x0800f28c   0x00000264   Code   RO         3514    i.mpu_run_6500_self_test  inv_mpu.o
    0x0800f4f0   0x0800f4f0   0x00000084   Code   RO         3518    i.mpu_set_accel_fsr  inv_mpu.o
    0x0800f574   0x0800f574   0x0000014c   Code   RO         3519    i.mpu_set_bypass    inv_mpu.o
    0x0800f6c0   0x0800f6c0   0x00000090   Code   RO         3521    i.mpu_set_dmp_state  inv_mpu.o
    0x0800f750   0x0800f750   0x00000088   Code   RO         3523    i.mpu_set_gyro_fsr  inv_mpu.o
    0x0800f7d8   0x0800f7d8   0x0000006c   Code   RO         3524    i.mpu_set_int_latched  inv_mpu.o
    0x0800f844   0x0800f844   0x00000084   Code   RO         3526    i.mpu_set_lpf       inv_mpu.o
    0x0800f8c8   0x0800f8c8   0x0000009c   Code   RO         3527    i.mpu_set_sample_rate  inv_mpu.o
    0x0800f964   0x0800f964   0x000000d0   Code   RO         3528    i.mpu_set_sensors   inv_mpu.o
    0x0800fa34   0x0800fa34   0x00000080   Code   RO         3529    i.mpu_write_mem     inv_mpu.o
    0x0800fab4   0x0800fab4   0x00000524   Code   RO          774    i.pid_calculate     driver_control.o
    0x0800ffd8   0x0800ffd8   0x0000001e   Code   RO          776    i.pid_param_init    driver_control.o
    0x0800fff6   0x0800fff6   0x0000000e   Code   RO          777    i.pid_reset         driver_control.o
    0x08010004   0x08010004   0x0000005c   Code   RO          778    i.pid_struct_init   driver_control.o
    0x08010060   0x08010060   0x00000098   Code   RO         2474    i.prvAddCurrentTaskToDelayedList  tasks.o
    0x080100f8   0x080100f8   0x000000b8   Code   RO         2475    i.prvAddNewTaskToReadyList  tasks.o
    0x080101b0   0x080101b0   0x00000064   Code   RO         3110    i.prvCheckForValidListAndQueue  timers.o
    0x08010214   0x08010214   0x00000048   Code   RO         2476    i.prvCheckTasksWaitingTermination  tasks.o
    0x0801025c   0x0801025c   0x0000002a   Code   RO         2893    i.prvCopyDataFromQueue  queue.o
    0x08010286   0x08010286   0x0000007e   Code   RO         2894    i.prvCopyDataToQueue  queue.o
    0x08010304   0x08010304   0x00000012   Code   RO         2477    i.prvDeleteTCB      tasks.o
    0x08010316   0x08010316   0x00000002   PAD
    0x08010318   0x08010318   0x00000028   Code   RO         3111    i.prvGetNextExpireTime  timers.o
    0x08010340   0x08010340   0x0000007c   Code   RO         3347    i.prvHeapInit       heap_4.o
    0x080103bc   0x080103bc   0x00000028   Code   RO         2478    i.prvIdleTask       tasks.o
    0x080103e4   0x080103e4   0x0000002a   Code   RO         2897    i.prvInitialiseNewQueue  queue.o
    0x0801040e   0x0801040e   0x000000cc   Code   RO         2479    i.prvInitialiseNewTask  tasks.o
    0x080104da   0x080104da   0x00000002   PAD
    0x080104dc   0x080104dc   0x00000068   Code   RO         2480    i.prvInitialiseTaskLists  tasks.o
    0x08010544   0x08010544   0x00000068   Code   RO         3348    i.prvInsertBlockIntoFreeList  heap_4.o
    0x080105ac   0x080105ac   0x00000058   Code   RO         3113    i.prvInsertTimerInActiveList  timers.o
    0x08010604   0x08010604   0x0000001a   Code   RO         2898    i.prvIsQueueEmpty   queue.o
    0x0801061e   0x0801061e   0x0000001e   Code   RO         2899    i.prvIsQueueFull    queue.o
    0x0801063c   0x0801063c   0x00000064   Code   RO         3114    i.prvProcessExpiredTimer  timers.o
    0x080106a0   0x080106a0   0x000000f4   Code   RO         3115    i.prvProcessReceivedCommands  timers.o
    0x08010794   0x08010794   0x00000074   Code   RO         3116    i.prvProcessTimerOrBlockTask  timers.o
    0x08010808   0x08010808   0x00000034   Code   RO         2482    i.prvResetNextTaskUnblockTime  tasks.o
    0x0801083c   0x0801083c   0x0000002c   Code   RO         3117    i.prvSampleTimeNow  timers.o
    0x08010868   0x08010868   0x000000a0   Code   RO         3118    i.prvSwitchTimerLists  timers.o
    0x08010908   0x08010908   0x00000040   Code   RO         3397    i.prvTaskExitError  port.o
    0x08010948   0x08010948   0x0000001a   Code   RO         3119    i.prvTimerTask      timers.o
    0x08010962   0x08010962   0x0000007e   Code   RO         2900    i.prvUnlockQueue    queue.o
    0x080109e0   0x080109e0   0x0000013c   Code   RO         3349    i.pvPortMalloc      heap_4.o
    0x08010b1c   0x08010b1c   0x0000002c   Code   RO         3398    i.pxPortInitialiseStack  port.o
    0x08010b48   0x08010b48   0x0000009c   Code   RO         3530    i.run_self_test     inv_mpu.o
    0x08010be4   0x08010be4   0x00000090   Code   RO         3531    i.set_int_enable    inv_mpu.o
    0x08010c74   0x08010c74   0x00000006   Code   RO         4324    i.set_sensor_orientation_and_scale  data_builder.o
    0x08010c7a   0x08010c7a   0x00000002   PAD
    0x08010c7c   0x08010c7c   0x00000230   Code   RO          712    i.set_wind_target   task_control.o
    0x08010eac   0x08010eac   0x0000003e   Code   RO         6090    i.sqrtf             m_wm.l(sqrtf.o)
    0x08010eea   0x08010eea   0x00000002   PAD
    0x08010eec   0x08010eec   0x0000008c   Code   RO            4    i.start_task        main.o
    0x08010f78   0x08010f78   0x0000001e   Code   RO          516    i.system_init       bsp_system.o
    0x08010f96   0x08010f96   0x00000002   PAD
    0x08010f98   0x08010f98   0x000000a8   Code   RO          713    i.task_control_update  task_control.o
    0x08011040   0x08011040   0x00000028   Code   RO         2853    i.uxListRemove      list.o
    0x08011068   0x08011068   0x0000001a   Code   RO         2854    i.vListInitialise   list.o
    0x08011082   0x08011082   0x00000006   Code   RO         2855    i.vListInitialiseItem  list.o
    0x08011088   0x08011088   0x00000034   Code   RO         2856    i.vListInsert       list.o
    0x080110bc   0x080110bc   0x00000018   Code   RO         2857    i.vListInsertEnd    list.o
    0x080110d4   0x080110d4   0x00000054   Code   RO         3400    i.vPortEnterCritical  port.o
    0x08011128   0x08011128   0x0000003c   Code   RO         3401    i.vPortExitCritical  port.o
    0x08011164   0x08011164   0x00000094   Code   RO         3350    i.vPortFree         heap_4.o
    0x080111f8   0x080111f8   0x00000028   Code   RO         3402    i.vPortSetupTimerInterrupt  port.o
    0x08011220   0x08011220   0x00000078   Code   RO         3403    i.vPortValidateInterruptPriority  port.o
    0x08011298   0x08011298   0x0000002c   Code   RO         2906    i.vQueueAddToRegistry  queue.o
    0x080112c4   0x080112c4   0x0000004a   Code   RO         2910    i.vQueueWaitForMessageRestricted  queue.o
    0x0801130e   0x0801130e   0x00000002   PAD
    0x08011310   0x08011310   0x0000005c   Code   RO         2493    i.vTaskDelay        tasks.o
    0x0801136c   0x0801136c   0x000000f4   Code   RO         2495    i.vTaskDelete       tasks.o
    0x08011460   0x08011460   0x00000018   Code   RO         2498    i.vTaskInternalSetTimeOutState  tasks.o
    0x08011478   0x08011478   0x0000000c   Code   RO         2499    i.vTaskMissedYield  tasks.o
    0x08011484   0x08011484   0x00000038   Code   RO         2501    i.vTaskPlaceOnEventList  tasks.o
    0x080114bc   0x080114bc   0x00000040   Code   RO         2502    i.vTaskPlaceOnEventListRestricted  tasks.o
    0x080114fc   0x080114fc   0x00000094   Code   RO         2510    i.vTaskStartScheduler  tasks.o
    0x08011590   0x08011590   0x00000010   Code   RO         2512    i.vTaskSuspendAll   tasks.o
    0x080115a0   0x080115a0   0x0000008c   Code   RO         2513    i.vTaskSwitchContext  tasks.o
    0x0801162c   0x0801162c   0x000000e4   Code   RO          714    i.wind_set_mode     task_control.o
    0x08011710   0x08011710   0x00000168   Code   RO         3404    i.xPortStartScheduler  port.o
    0x08011878   0x08011878   0x00000034   Code   RO         3405    i.xPortSysTickHandler  port.o
    0x080118ac   0x080118ac   0x0000005a   Code   RO         2913    i.xQueueGenericCreate  queue.o
    0x08011906   0x08011906   0x00000002   PAD
    0x08011908   0x08011908   0x00000098   Code   RO         2914    i.xQueueGenericReset  queue.o
    0x080119a0   0x080119a0   0x000001a8   Code   RO         2915    i.xQueueGenericSend  queue.o
    0x08011b48   0x08011b48   0x000000f8   Code   RO         2916    i.xQueueGenericSendFromISR  queue.o
    0x08011c40   0x08011c40   0x00000168   Code   RO         2923    i.xQueueReceive     queue.o
    0x08011da8   0x08011da8   0x0000008c   Code   RO         2514    i.xTaskCheckForTimeOut  tasks.o
    0x08011e34   0x08011e34   0x00000060   Code   RO         2515    i.xTaskCreate       tasks.o
    0x08011e94   0x08011e94   0x00000020   Code   RO         2519    i.xTaskGetSchedulerState  tasks.o
    0x08011eb4   0x08011eb4   0x0000000c   Code   RO         2520    i.xTaskGetTickCount  tasks.o
    0x08011ec0   0x08011ec0   0x00000148   Code   RO         2522    i.xTaskIncrementTick  tasks.o
    0x08012008   0x08012008   0x000000c8   Code   RO         2525    i.xTaskPriorityDisinherit  tasks.o
    0x080120d0   0x080120d0   0x00000098   Code   RO         2527    i.xTaskRemoveFromEventList  tasks.o
    0x08012168   0x08012168   0x00000104   Code   RO         2528    i.xTaskResumeAll    tasks.o
    0x0801226c   0x0801226c   0x00000058   Code   RO         3125    i.xTimerCreateTimerTask  timers.o
    0x080122c4   0x080122c4   0x00000084   Code   RO         3126    i.xTimerGenericCommand  timers.o
    0x08012348   0x08012348   0x0000002c   Code   RO         6303    locale$$code        c_w.l(lc_numeric_c.o)
    0x08012374   0x08012374   0x0000002c   Code   RO         6378    locale$$code        c_w.l(lc_ctype_c.o)
    0x080123a0   0x080123a0   0x00000018   Code   RO         6154    x$fpl$basic         fz_wm.l(basic.o)
    0x080123b8   0x080123b8   0x00000062   Code   RO         5852    x$fpl$d2f           fz_wm.l(d2f.o)
    0x0801241a   0x0801241a   0x00000002   PAD
    0x0801241c   0x0801241c   0x00000150   Code   RO         5854    x$fpl$dadd          fz_wm.l(daddsub_clz.o)
    0x0801256c   0x0801256c   0x00000018   Code   RO         6156    x$fpl$dcmpinf       fz_wm.l(dcmpi.o)
    0x08012584   0x08012584   0x000002b0   Code   RO         5861    x$fpl$ddiv          fz_wm.l(ddiv.o)
    0x08012834   0x08012834   0x00000078   Code   RO         5864    x$fpl$deqf          fz_wm.l(deqf.o)
    0x080128ac   0x080128ac   0x0000005e   Code   RO         5866    x$fpl$dfix          fz_wm.l(dfix.o)
    0x0801290a   0x0801290a   0x0000002e   Code   RO         5871    x$fpl$dflt          fz_wm.l(dflt_clz.o)
    0x08012938   0x08012938   0x00000026   Code   RO         5870    x$fpl$dfltu         fz_wm.l(dflt_clz.o)
    0x0801295e   0x0801295e   0x00000002   PAD
    0x08012960   0x08012960   0x00000078   Code   RO         5876    x$fpl$dleqf         fz_wm.l(dleqf.o)
    0x080129d8   0x080129d8   0x00000154   Code   RO         5878    x$fpl$dmul          fz_wm.l(dmul.o)
    0x08012b2c   0x08012b2c   0x0000009c   Code   RO         6158    x$fpl$dnaninf       fz_wm.l(dnaninf.o)
    0x08012bc8   0x08012bc8   0x0000000c   Code   RO         6160    x$fpl$dretinf       fz_wm.l(dretinf.o)
    0x08012bd4   0x08012bd4   0x0000006c   Code   RO         5880    x$fpl$drleqf        fz_wm.l(drleqf.o)
    0x08012c40   0x08012c40   0x00000016   Code   RO         5855    x$fpl$drsb          fz_wm.l(daddsub_clz.o)
    0x08012c56   0x08012c56   0x00000002   PAD
    0x08012c58   0x08012c58   0x00000198   Code   RO         6162    x$fpl$dsqrt         fz_wm.l(dsqrt_umaal.o)
    0x08012df0   0x08012df0   0x000001d4   Code   RO         5856    x$fpl$dsub          fz_wm.l(daddsub_clz.o)
    0x08012fc4   0x08012fc4   0x00000056   Code   RO         5882    x$fpl$f2d           fz_wm.l(f2d.o)
    0x0801301a   0x0801301a   0x00000060   Code   RO         5888    x$fpl$ffltll        fz_wm.l(ffltll_clz.o)
    0x0801307a   0x0801307a   0x0000008c   Code   RO         6164    x$fpl$fnaninf       fz_wm.l(fnaninf.o)
    0x08013106   0x08013106   0x0000000a   Code   RO         6386    x$fpl$fpinit        fz_wm.l(fpinit.o)
    0x08013110   0x08013110   0x0000000a   Code   RO         6166    x$fpl$fretinf       fz_wm.l(fretinf.o)
    0x0801311a   0x0801311a   0x00000002   PAD
    0x0801311c   0x0801311c   0x00000086   Code   RO         5884    x$fpl$llsfromf      fz_wm.l(ffixll.o)
    0x080131a2   0x080131a2   0x00000004   Code   RO         5890    x$fpl$printf1       fz_wm.l(printf1.o)
    0x080131a6   0x080131a6   0x00000004   Code   RO         6168    x$fpl$printf2       fz_wm.l(printf2.o)
    0x080131aa   0x080131aa   0x00000000   Code   RO         6176    x$fpl$usenofp       fz_wm.l(usenofp.o)
    0x080131aa   0x080131aa   0x00000008   Data   RO          578    .constdata          bsp_dma.o
    0x080131b2   0x080131b2   0x00000002   PAD
    0x080131b4   0x080131b4   0x0000025c   Data   RO         3532    .constdata          inv_mpu.o
    0x08013410   0x08013410   0x00000bf6   Data   RO         3970    .constdata          inv_mpu_dmp_motion_driver.o
    0x08014006   0x08014006   0x0000002f   Data   RO         5191    .constdata          mpl.o
    0x08014035   0x08014035   0x00000028   Data   RO         5808    .constdata          c_w.l(_printf_hex_int_ll_ptr.o)
    0x0801405d   0x0801405d   0x00000011   Data   RO         5828    .constdata          c_w.l(__printf_flags_ss_wp.o)
    0x0801406e   0x0801406e   0x00000002   PAD
    0x08014070   0x08014070   0x00000038   Data   RO         6027    .constdata          m_wm.l(log.o)
    0x080140a8   0x080140a8   0x00000008   Data   RO         6124    .constdata          c_w.l(_printf_wctomb.o)
    0x080140b0   0x080140b0   0x00000030   Data   RO         6178    .constdata          m_wm.l(cos_i.o)
    0x080140e0   0x080140e0   0x00000008   Data   RO         6214    .constdata          m_wm.l(qnan.o)
    0x080140e8   0x080140e8   0x000000c8   Data   RO         6217    .constdata          m_wm.l(rred.o)
    0x080141b0   0x080141b0   0x00000020   Data   RO         6221    .constdata          m_wm.l(rredf.o)
    0x080141d0   0x080141d0   0x00000028   Data   RO         6224    .constdata          m_wm.l(sin_i.o)
    0x080141f8   0x080141f8   0x00000026   Data   RO         6261    .constdata          c_w.l(_printf_fp_hex.o)
    0x0801421e   0x0801421e   0x00000002   PAD
    0x08014220   0x08014220   0x00000094   Data   RO         6272    .constdata          c_w.l(bigflt0.o)
    0x080142b4   0x080142b4   0x00000009   Data   RO         3533    .conststring        inv_mpu.o
    0x080142bd   0x080142bd   0x00000003   PAD
    0x080142c0   0x080142c0   0x00000044   Data   RO         4326    .conststring        data_builder.o
    0x08014304   0x08014304   0x00000020   Data   RO         6459    Region$$Table       anon$$obj.o
    0x08014324   0x08014324   0x0000001c   Data   RO         6302    locale$$data        c_w.l(lc_numeric_c.o)
    0x08014340   0x08014340   0x00000110   Data   RO         6377    locale$$data        c_w.l(lc_ctype_c.o)


    Execution Region RW_IRAM1 (Exec base: 0x20000000, Load base: 0x08014450, Size: 0x00015f38, Max: 0x00030000, ABSOLUTE, COMPRESSED[0x0000015c])

    Exec Addr    Load Addr    Size         Type   Attr      Idx    E Section Name        Object

    0x20000000   COMPRESSED   0x00000004   Data   RW            5    .data               main.o
    0x20000004   COMPRESSED   0x00000013   Data   RW          237    .data               stm32f4xx_it.o
    0x20000017   COMPRESSED   0x00000001   PAD
    0x20000018   COMPRESSED   0x00000014   Data   RW          353    .data               system_stm32f4xx.o
    0x2000002c   COMPRESSED   0x00000004   Data   RW          392    .data               delay.o
    0x20000030   COMPRESSED   0x00000006   Data   RW          456    .data               usart.o
    0x20000036   COMPRESSED   0x00000002   PAD
    0x20000038   COMPRESSED   0x00000150   Data   RW          842    .data               driver_filter.o
    0x20000188   COMPRESSED   0x00000010   Data   RW         1259    .data               stm32f4xx_rcc.o
    0x20000198   COMPRESSED   0x0000003c   Data   RW         2531    .data               tasks.o
    0x200001d4   COMPRESSED   0x00000014   Data   RW         3132    .data               timers.o
    0x200001e8   COMPRESSED   0x00000018   Data   RW         3355    .data               heap_4.o
    0x20000200   COMPRESSED   0x0000000c   Data   RW         3406    .data               port.o
    0x2000020c   COMPRESSED   0x00000039   Data   RW         3534    .data               inv_mpu.o
    0x20000245   COMPRESSED   0x00000003   PAD
    0x20000248   COMPRESSED   0x00000004   Data   RW         4806    .data               message_layer.o
    0x2000024c   COMPRESSED   0x00000010   Data   RW         5537    .data               libmpllib.lib(compass_vec_cal.o)
    0x2000025c        -       0x0000001e   Zero   RW          236    .bss                stm32f4xx_it.o
    0x2000027a        -       0x000000c8   Zero   RW          455    .bss                usart.o
    0x20000342        -       0x00000064   Zero   RW          577    .bss                bsp_dma.o
    0x200003a6   COMPRESSED   0x00000002   PAD
    0x200003a8        -       0x00000158   Zero   RW          674    .bss                task_imu.o
    0x20000500        -       0x00000284   Zero   RW          715    .bss                task_control.o
    0x20000784        -       0x000000c8   Zero   RW         2530    .bss                tasks.o
    0x2000084c        -       0x00000040   Zero   RW         2927    .bss                queue.o
    0x2000088c        -       0x00000028   Zero   RW         3131    .bss                timers.o
    0x200008b4        -       0x00012c00   Zero   RW         3354    .bss                heap_4.o
    0x200134b4        -       0x00000010   Zero   RW         3969    .bss                inv_mpu_dmp_motion_driver.o
    0x200134c4        -       0x00000028   Zero   RW         4178    .bss                empl_outputs.o
    0x200134ec        -       0x000002d8   Zero   RW         4325    .bss                data_builder.o
    0x200137c4        -       0x000000c4   Zero   RW         4716    .bss                hal_outputs.o
    0x20013888        -       0x00000088   Zero   RW         5263    .bss                results_holder.o
    0x20013910        -       0x00000054   Zero   RW         5464    .bss                start_manager.o
    0x20013964        -       0x00000198   Zero   RW         5498    .bss                storage_manager.o
    0x20013afc   COMPRESSED   0x00000004   PAD
    0x20013b00        -       0x00000460   Zero   RW         5536    .bss                libmpllib.lib(compass_vec_cal.o)
    0x20013f60        -       0x000002a0   Zero   RW         5626    .bss                libmpllib.lib(fast_no_motion.o)
    0x20014200        -       0x00000138   Zero   RW         5659    .bss                libmpllib.lib(fusion_9axis.o)
    0x20014338        -       0x000001c4   Zero   RW         5681    .bss                libmpllib.lib(gyro_tc.o)
    0x200144fc        -       0x000000b8   Zero   RW         5699    .bss                libmpllib.lib(mag_disturb.o)
    0x200145b4        -       0x0000006c   Zero   RW         5721    .bss                libmpllib.lib(quaternion_supervisor.o)
    0x20014620        -       0x000004b8   Zero   RW         5739    .bss                libmpllib.lib(accel_auto_cal.o)
    0x20014ad8        -       0x00000060   Zero   RW         6310    .bss                c_w.l(libspace.o)
    0x20014b38        -       0x00001000   Zero   RW          508    HEAP                startup_stm32f427xx.o
    0x20015b38        -       0x00000400   Zero   RW          507    STACK               startup_stm32f427xx.o


==============================================================================

Image component sizes


      Code (inc. data)   RO Data    RW Data    ZI Data      Debug   Object Name

       436         34          8          0        100       1813   bsp_dma.o
       480         22          0          0          0        756   bsp_gpio.o
       192         20          0          0          0        592   bsp_nvic.o
        30          0          0          0          0        494   bsp_system.o
       156          8          0          0          0        640   bsp_tim.o
       168          8          0          0          0        593   bsp_uart.o
      2240        250         68          0        728      22431   data_builder.o
       220         18          0          4          0       2441   delay.o
      1650         28          0          0          0       5565   driver_control.o
       110          0          0        336          0       1953   driver_filter.o
       692        108          0          0          0       4454   driver_iic.o
       700          0          0          0          0       7043   driver_imu.o
       180          8          0          0          0        900   driver_motor.o
       924         48          0          0         40       7082   empl_outputs.o
       112          8          0          0        196       1974   hal_outputs.o
       692         62          0         24      76800       4291   heap_4.o
      9818       1462        613         57          0      39034   inv_mpu.o
      3128        138       3062          0         16      20902   inv_mpu_dmp_motion_driver.o
       148          0          0          0          0       3118   list.o
       202         10          0          0          0       1134   log_stm32.o
       200         78          0          4          0     316570   main.o
        28          4          0          4          0       1150   message_layer.o
       180         24          0          0          0       2001   misc.o
      1816         24          0          0          0      13092   ml_math_func.o
       248         76         47          0          0       2448   mpl.o
      1014         92          0         12          0      11289   port.o
      1784         20          0          0         64      18254   queue.o
       824        128          0          0        136      15269   results_holder.o
       204         20          0          0         84       3204   start_manager.o
        64         26        428          0       5120        820   startup_stm32f427xx.o
       816         86          0          0          0       8084   stm32f4xx_dma.o
       222          0          0          0          0       2787   stm32f4xx_gpio.o
       364         60          0         19         30     239465   stm32f4xx_it.o
       392         48          0         16          0       5657   stm32f4xx_rcc.o
       852         66          0          0          0       9688   stm32f4xx_tim.o
       692         42          0          0          0       6054   stm32f4xx_usart.o
       168         10          0          0        408       2381   storage_manager.o
       392         32          0         20          0       1717   system_stm32f4xx.o
      1412        112          0          0        644       5601   task_control.o
       228         14          0          0        344       2462   task_imu.o
        32          4          0          0          0        504   task_led.o
      2842        390          0         60        200      30832   tasks.o
      1138        116          0         20         40      21727   timers.o
       168         18          0          6        200       3452   usart.o
        46          0          0          0          0        550   user_math.o

    ----------------------------------------------------------------------
     38450       3722       4263        588      85156     852268   Object Totals
         0          0         32          0          0          0   (incl. Generated)
        46          0          5          6          6          0   (incl. Padding)

    ----------------------------------------------------------------------

      Code (inc. data)   RO Data    RW Data    ZI Data      Debug   Library Member Name

        24          4          0          0          0         84   __2printf.o
        90          0          0          0          0          0   __dczerorl2.o
         8          0          0          0          0         68   __main.o
       392          4         17          0          0         92   __printf_flags_ss_wp.o
        14          0          0          0          0         68   __printf_wp.o
         0          0          0          0          0          0   __rtentry.o
        12          0          0          0          0          0   __rtentry2.o
         6          0          0          0          0          0   __rtentry4.o
        52          8          0          0          0          0   __scatter.o
        28          0          0          0          0          0   __scatter_zi.o
         6          0          0          0          0          0   _printf_a.o
         6          0          0          0          0          0   _printf_c.o
        44          0          0          0          0        108   _printf_char.o
        48          6          0          0          0         96   _printf_char_common.o
        36          4          0          0          0         80   _printf_char_file.o
        40          0          0          0          0         68   _printf_charcount.o
         6          0          0          0          0          0   _printf_d.o
       120         16          0          0          0         92   _printf_dec.o
         6          0          0          0          0          0   _printf_e.o
         6          0          0          0          0          0   _printf_f.o
      1054          0          0          0          0        216   _printf_fp_dec.o
       764          8         38          0          0        100   _printf_fp_hex.o
       128         16          0          0          0         84   _printf_fp_infnan.o
         6          0          0          0          0          0   _printf_g.o
       148          4         40          0          0        160   _printf_hex_int_ll_ptr.o
         6          0          0          0          0          0   _printf_i.o
       178          0          0          0          0         88   _printf_intcommon.o
        10          0          0          0          0          0   _printf_l.o
         6          0          0          0          0          0   _printf_lc.o
        10          0          0          0          0          0   _printf_ll.o
         6          0          0          0          0          0   _printf_lld.o
         6          0          0          0          0          0   _printf_lli.o
         6          0          0          0          0          0   _printf_llo.o
         6          0          0          0          0          0   _printf_llu.o
         6          0          0          0          0          0   _printf_llx.o
       124         16          0          0          0         92   _printf_longlong_dec.o
         6          0          0          0          0          0   _printf_ls.o
         6          0          0          0          0          0   _printf_n.o
         6          0          0          0          0          0   _printf_o.o
       112         10          0          0          0        124   _printf_oct_int_ll.o
         6          0          0          0          0          0   _printf_p.o
        78          0          0          0          0        108   _printf_pad.o
         0          0          0          0          0          0   _printf_percent.o
         4          0          0          0          0          0   _printf_percent_end.o
         6          0          0          0          0          0   _printf_s.o
        82          0          0          0          0         80   _printf_str.o
        36          0          0          0          0         84   _printf_truncate.o
         6          0          0          0          0          0   _printf_u.o
        44          0          0          0          0        108   _printf_wchar.o
       188          6          8          0          0         92   _printf_wctomb.o
         6          0          0          0          0          0   _printf_x.o
        22          0          0          0          0        100   _rserrno.o
        10          0          0          0          0         68   _sputc.o
        64          0          0          0          0         92   _wcrtomb.o
        16          0          0          0          0         68   aeabi_memset.o
       228          4        148          0          0         96   bigflt0.o
      1936        128          0          0          0        672   btod.o
        18          0          0          0          0         80   exit.o
         8          0          0          0          0         68   ferror.o
         6          0          0          0          0        152   heapauxi.o
        44         10        272          0          0         76   lc_ctype_c.o
        44         10         28          0          0         76   lc_numeric_c.o
         2          0          0          0          0          0   libinit.o
        34          0          0          0          0          0   libinit2.o
         2          0          0          0          0          0   libshutdown.o
         2          0          0          0          0          0   libshutdown2.o
         8          4          0          0         96         68   libspace.o
        72          0          0          0          0         76   llsdiv.o
        38          0          0          0          0         68   llshl.o
        38          0          0          0          0         68   llsshr.o
       138          0          0          0          0         80   lludiv10.o
       238          0          0          0          0        100   lludivv7m.o
        88          0          0          0          0         76   memcmp.o
        16          4          0          0          0         76   rt_ctype_table.o
         8          4          0          0          0         68   rt_errno_addr_intlibspace.o
         8          4          0          0          0         68   rt_locale_intlibspace.o
        68          0          0          0          0         68   rt_memclr.o
        78          0          0          0          0         80   rt_memclr_w.o
       138          0          0          0          0         68   rt_memcpy_v6.o
       100          0          0          0          0         80   rt_memcpy_w.o
       122          0          0          0          0         80   rt_memmove_w.o
         2          0          0          0          0          0   rtexit.o
        10          0          0          0          0          0   rtexit2.o
       128          0          0          0          0         68   strcmpv7m.o
        74          0          0          0          0         80   sys_stackheap_outer.o
         2          0          0          0          0         68   use_no_semi.o
         2          0          0          0          0         68   use_no_semi_2.o
        36          4          0          0          0         76   vsprintf.o
        24          0          0          0          0        164   basic.o
        98          4          0          0          0        140   d2f.o
       826         16          0          0          0        492   daddsub_clz.o
        24          0          0          0          0        116   dcmpi.o
       688        140          0          0          0        256   ddiv.o
       120          4          0          0          0        140   deqf.o
        94          4          0          0          0        140   dfix.o
        84          0          0          0          0        232   dflt_clz.o
       120          4          0          0          0        140   dleqf.o
       340         12          0          0          0        152   dmul.o
       156          4          0          0          0        140   dnaninf.o
        12          0          0          0          0        116   dretinf.o
       108          0          0          0          0        128   drleqf.o
       408         56          0          0          0        168   dsqrt_umaal.o
        86          4          0          0          0        132   f2d.o
       134          4          0          0          0        132   ffixll.o
        96          0          0          0          0        132   ffltll_clz.o
       140          4          0          0          0        132   fnaninf.o
        10          0          0          0          0        116   fpinit.o
        10          0          0          0          0        116   fretinf.o
         4          0          0          0          0        116   printf1.o
         4          0          0          0          0        116   printf2.o
         0          0          0          0          0          0   usenofp.o
      3140        190          0          0       1208       9672   accel_auto_cal.o
      9456        298          0         16       1120      19892   compass_vec_cal.o
      2584         42          0          0        672      13744   fast_no_motion.o
      1712         72          0          0        312       5636   fusion_9axis.o
      1220         32          0          0        452       5735   gyro_tc.o
      1472         48          0          0        184       7614   mag_disturb.o
      2452        130          0          0        108       5637   quaternion_supervisor.o
       280         46          0          0          0        176   acosf.o
       592         90          0          0          0        184   atan2f.o
       200         20          0          0          0        164   cos.o
       368         46         48          0          0        200   cos_i.o
       336         56          0          0          0        136   cosf.o
       132         36          0          0          0        496   dunder.o
        44          0          0          0          0        248   fabs.o
        48          0          0          0          0        124   fpclassify.o
        38          0          0          0          0        116   fpclassifyf.o
        44         12          0          0          0        464   funder.o
       964         92         56          0          0        316   log.o
       248          0          0          0          0        152   poly.o
         0          0          8          0          0          0   qnan.o
      1080        142        200          0          0        188   rred.o
       340         24         32          0          0        160   rredf.o
       200         20          0          0          0        164   sin.o
       304         24         40          0          0        208   sin_i.o
       400         56          0          0          0        212   sinf.o
       122          0          0          0          0        148   sqrt.o
       120          0          0          0          0        272   sqrtf.o

    ----------------------------------------------------------------------
     39372       2014        939         16       4152      80698   Library Totals
        48          8          4          0          0          0   (incl. Padding)

    ----------------------------------------------------------------------

      Code (inc. data)   RO Data    RW Data    ZI Data      Debug   Library Name

      7842        274        551          0         96       5124   c_w.l
      3586        256          0          0          0       3516   fz_wm.l
     22036        812          0         16       4056      67930   libmpllib.lib
      5860        664        384          0          0       4128   m_wm.l

    ----------------------------------------------------------------------
     39372       2014        939         16       4152      80698   Library Totals

    ----------------------------------------------------------------------

==============================================================================


      Code (inc. data)   RO Data    RW Data    ZI Data      Debug   

     77822       5736       5202        604      89308     891754   Grand Totals
     77822       5736       5202        348      89308     891754   ELF Image Totals (compressed)
     77822       5736       5202        348          0          0   ROM Totals

==============================================================================

    Total RO  Size (Code + RO Data)                83024 (  81.08kB)
    Total RW  Size (RW Data + ZI Data)             89912 (  87.80kB)
    Total ROM Size (Code + RO Data + RW Data)      83372 (  81.42kB)

==============================================================================

