Component: ARM Compiler 5.06 update 6 (build 750) Tool: armlink [4d35ed]

==============================================================================

Section Cross References

    main.o(i.main) refers to bsp_system.o(i.system_init) for system_init
    main.o(i.main) refers to delay.o(i.delay_ms) for delay_ms
    main.o(i.main) refers to tasks.o(i.xTaskCreate) for xTaskCreate
    main.o(i.main) refers to tasks.o(i.vTaskStartScheduler) for vTaskStartScheduler
    main.o(i.main) refers to main.o(.data) for g_start_task_handler
    main.o(i.main) refers to main.o(i.start_task) for start_task
    main.o(i.start_task) refers to port.o(i.vPortEnterCritical) for vPortEnterCritical
    main.o(i.start_task) refers to tasks.o(i.xTaskCreate) for xTaskCreate
    main.o(i.start_task) refers to tasks.o(i.vTaskDelete) for vTaskDelete
    main.o(i.start_task) refers to port.o(i.vPortExitCritical) for vPortExitCritical
    main.o(i.start_task) refers to task_led.o(i.led1_task) for led1_task
    main.o(i.start_task) refers to task_control.o(i.control_task) for control_task
    main.o(i.start_task) refers to task_vision.o(.data) for xHandleTaskPCParse
    main.o(i.start_task) refers to task_vision.o(i.vision_task) for vision_task
    main.o(i.start_task) refers to main.o(.data) for g_start_task_handler
    stm32f4xx_it.o(i.CAN1_RX0_IRQHandler) refers to stm32f4xx_can.o(i.CAN_Receive) for CAN_Receive
    stm32f4xx_it.o(i.CAN1_RX0_IRQHandler) refers to driver_encoder.o(i.get_moto_offset) for get_moto_offset
    stm32f4xx_it.o(i.CAN1_RX0_IRQHandler) refers to driver_encoder.o(i.encoder_data_handler) for encoder_data_handler
    stm32f4xx_it.o(i.CAN1_RX0_IRQHandler) refers to stm32f4xx_it.o(.bss) for g_can1_receive_str
    stm32f4xx_it.o(i.CAN1_TX_IRQHandler) refers to stm32f4xx_can.o(i.CAN_GetITStatus) for CAN_GetITStatus
    stm32f4xx_it.o(i.CAN1_TX_IRQHandler) refers to stm32f4xx_can.o(i.CAN_ClearITPendingBit) for CAN_ClearITPendingBit
    stm32f4xx_it.o(i.DMA1_Stream0_IRQHandler) refers to stm32f4xx_dma.o(i.DMA_GetITStatus) for DMA_GetITStatus
    stm32f4xx_it.o(i.DMA1_Stream0_IRQHandler) refers to stm32f4xx_dma.o(i.DMA_ClearITPendingBit) for DMA_ClearITPendingBit
    stm32f4xx_it.o(i.DMA1_Stream0_IRQHandler) refers to stm32f4xx_dma.o(i.DMA_Cmd) for DMA_Cmd
    stm32f4xx_it.o(i.DMA2_Stream7_IRQHandler) refers to stm32f4xx_dma.o(i.DMA_GetFlagStatus) for DMA_GetFlagStatus
    stm32f4xx_it.o(i.DMA2_Stream7_IRQHandler) refers to stm32f4xx_dma.o(i.DMA_ClearFlag) for DMA_ClearFlag
    stm32f4xx_it.o(i.UART8_IRQHandler) refers to stm32f4xx_usart.o(i.USART_GetITStatus) for USART_GetITStatus
    stm32f4xx_it.o(i.UART8_IRQHandler) refers to stm32f4xx_dma.o(i.DMA_Cmd) for DMA_Cmd
    stm32f4xx_it.o(i.UART8_IRQHandler) refers to stm32f4xx_dma.o(i.DMA_GetCurrDataCounter) for DMA_GetCurrDataCounter
    stm32f4xx_it.o(i.UART8_IRQHandler) refers to stm32f4xx_dma.o(i.DMA_GetCmdStatus) for DMA_GetCmdStatus
    stm32f4xx_it.o(i.UART8_IRQHandler) refers to stm32f4xx_dma.o(i.DMA_SetCurrDataCounter) for DMA_SetCurrDataCounter
    stm32f4xx_it.o(i.UART8_IRQHandler) refers to stm32f4xx_dma.o(i.DMA_ClearFlag) for DMA_ClearFlag
    stm32f4xx_it.o(i.UART8_IRQHandler) refers to bsp_dma.o(.constdata) for DMA_VISION_RECEIVE_BUF_SIZE
    stm32f4xx_it.o(i.UART8_IRQHandler) refers to bsp_dma.o(.bss) for g_dma_vision_receice_buff
    stm32f4xx_it.o(i.UART8_IRQHandler) refers to stm32f4xx_it.o(.data) for g_xx
    stm32f4xx_it.o(i.USART6_DMA_SendData) refers to stm32f4xx_dma.o(i.DMA_Cmd) for DMA_Cmd
    stm32f4xx_it.o(i.USART6_DMA_SendData) refers to stm32f4xx_dma.o(i.DMA_GetCmdStatus) for DMA_GetCmdStatus
    stm32f4xx_it.o(i.USART6_DMA_SendData) refers to stm32f4xx_dma.o(i.DMA_SetCurrDataCounter) for DMA_SetCurrDataCounter
    stm32f4xx_it.o(i.USART6_DMA_SendData) refers to stm32f4xx_dma.o(i.DMA_ClearFlag) for DMA_ClearFlag
    stm32f4xx_it.o(i.USART6_IRQHandler) refers to stm32f4xx_usart.o(i.USART_GetITStatus) for USART_GetITStatus
    stm32f4xx_it.o(i.USART6_IRQHandler) refers to stm32f4xx_dma.o(i.DMA_Cmd) for DMA_Cmd
    stm32f4xx_it.o(i.USART6_IRQHandler) refers to stm32f4xx_dma.o(i.DMA_GetCurrDataCounter) for DMA_GetCurrDataCounter
    stm32f4xx_it.o(i.USART6_IRQHandler) refers to stm32f4xx_dma.o(i.DMA_SetCurrDataCounter) for DMA_SetCurrDataCounter
    stm32f4xx_it.o(i.USART6_IRQHandler) refers to stm32f4xx_dma.o(i.DMA_ClearFlag) for DMA_ClearFlag
    stm32f4xx_it.o(i.USART6_IRQHandler) refers to stm32f4xx_it.o(i.USART6_DMA_SendData) for USART6_DMA_SendData
    stm32f4xx_it.o(i.USART6_IRQHandler) refers to bsp_dma.o(.constdata) for DMA_JUDGE_RECEIVE_BUF_SIZE
    stm32f4xx_it.o(i.USART6_IRQHandler) refers to stm32f4xx_it.o(.data) for USART6_RXCnt
    stm32f4xx_it.o(i.USART6_IRQHandler) refers to bsp_dma.o(.bss) for g_dma_judge_receive_buff
    stm32f4xx_it.o(i.get_bull_xmotor_measure_point) refers to stm32f4xx_it.o(.bss) for bull_xmotor
    stm32f4xx_it.o(i.get_bull_ymotor_measure_point) refers to stm32f4xx_it.o(.bss) for bull_ymotor
[...]
    i.abs_limit                              0x0800194a   Section        0  driver_control.o(i.abs_limit)
    i.amplitude_limit                        0x08001978   Section        0  user_math.o(i.amplitude_limit)
    i.bsp_can_init                           0x080019a8   Section        0  bsp_can.o(i.bsp_can_init)
    i.bsp_dma_init                           0x08001a30   Section        0  bsp_dma.o(i.bsp_dma_init)
    i.bsp_gpio_init                          0x08001be4   Section        0  bsp_gpio.o(i.bsp_gpio_init)
    i.bsp_nvic_init                          0x08001e04   Section        0  bsp_nvic.o(i.bsp_nvic_init)
    i.bsp_usart_init                         0x08001ef0   Section        0  bsp_uart.o(i.bsp_usart_init)
    i.control_pid_calculate                  0x08001f98   Section        0  task_control.o(i.control_pid_calculate)
    control_pid_calculate                    0x08001f99   Thumb Code    66  task_control.o(i.control_pid_calculate)
    i.control_task                           0x08001fdc   Section        0  task_control.o(i.control_task)
    i.control_task_init                      0x0800215c   Section        0  task_control.o(i.control_task_init)
    control_task_init                        0x0800215d   Thumb Code   292  task_control.o(i.control_task_init)
    i.dead_limit                             0x080022a4   Section        0  driver_control.o(i.dead_limit)
    i.delay_init                             0x080022e4   Section        0  delay.o(i.delay_init)
    i.delay_ms                               0x08002328   Section        0  delay.o(i.delay_ms)
    i.delay_us                               0x08002368   Section        0  delay.o(i.delay_us)
    i.encoder_data_handler                   0x080023b0   Section        0  driver_encoder.o(i.encoder_data_handler)
    i.first_order_low_pass_filter            0x0800243c   Section        0  driver_filter.o(i.first_order_low_pass_filter)
    i.get_bull_xmotor_measure_point          0x08002488   Section        0  stm32f4xx_it.o(i.get_bull_xmotor_measure_point)
    i.get_bull_ymotor_measure_point          0x08002490   Section        0  stm32f4xx_it.o(i.get_bull_ymotor_measure_point)
    i.get_moto_offset                        0x08002498   Section        0  driver_encoder.o(i.get_moto_offset)
    i.led1_task                              0x080024a8   Section        0  task_led.o(i.led1_task)
    i.main                                   0x080024c8   Section        0  main.o(i.main)
    i.pid_calculate                          0x08002504   Section        0  driver_control.o(i.pid_calculate)
    i.pid_param_init                         0x08002aa0   Section        0  driver_control.o(i.pid_param_init)
    pid_param_init                           0x08002aa1   Thumb Code    30  driver_control.o(i.pid_param_init)
    i.pid_reset                              0x08002abe   Section        0  driver_control.o(i.pid_reset)
    i.pid_struct_init                        0x08002acc   Section        0  driver_control.o(i.pid_struct_init)
    i.prvAddCurrentTaskToDelayedList         0x08002b28   Section        0  tasks.o(i.prvAddCurrentTaskToDelayedList)
    prvAddCurrentTaskToDelayedList           0x08002b29   Thumb Code   124  tasks.o(i.prvAddCurrentTaskToDelayedList)
    i.prvAddNewTaskToReadyList               0x08002bc0   Section        0  tasks.o(i.prvAddNewTaskToReadyList)
    prvAddNewTaskToReadyList                 0x08002bc1   Thumb Code   156  tasks.o(i.prvAddNewTaskToReadyList)
    i.prvCheckForValidListAndQueue           0x08002c78   Section        0  timers.o(i.prvCheckForValidListAndQueue)
    prvCheckForValidListAndQueue             0x08002c79   Thumb Code    72  timers.o(i.prvCheckForValidListAndQueue)
    i.prvCheckTasksWaitingTermination        0x08002cdc   Section        0  tasks.o(i.prvCheckTasksWaitingTermination)
    prvCheckTasksWaitingTermination          0x08002cdd   Thumb Code    60  tasks.o(i.prvCheckTasksWaitingTermination)
    i.prvCopyDataFromQueue                   0x08002d24   Section        0  queue.o(i.prvCopyDataFromQueue)
    prvCopyDataFromQueue                     0x08002d25   Thumb Code    42  queue.o(i.prvCopyDataFromQueue)
    i.prvCopyDataToQueue                     0x08002d4e   Section        0  queue.o(i.prvCopyDataToQueue)
    prvCopyDataToQueue                       0x08002d4f   Thumb Code   126  queue.o(i.prvCopyDataToQueue)
    i.prvDeleteTCB                           0x08002dcc   Section        0  tasks.o(i.prvDeleteTCB)
    prvDeleteTCB                             0x08002dcd   Thumb Code    18  tasks.o(i.prvDeleteTCB)
    i.prvGetNextExpireTime                   0x08002de0   Section        0  timers.o(i.prvGetNextExpireTime)
    prvGetNextExpireTime                     0x08002de1   Thumb Code    36  timers.o(i.prvGetNextExpireTime)
    i.prvHeapInit                            0x08002e08   Section        0  heap_4.o(i.prvHeapInit)
    prvHeapInit                              0x08002e09   Thumb Code    98  heap_4.o(i.prvHeapInit)
    i.prvIdleTask                            0x08002e84   Section        0  tasks.o(i.prvIdleTask)
    prvIdleTask                              0x08002e85   Thumb Code    32  tasks.o(i.prvIdleTask)
    i.prvInitialiseNewQueue                  0x08002eac   Section        0  queue.o(i.prvInitialiseNewQueue)
    prvInitialiseNewQueue                    0x08002ead   Thumb Code    42  queue.o(i.prvInitialiseNewQueue)
    i.prvInitialiseNewTask                   0x08002ed6   Section        0  tasks.o(i.prvInitialiseNewTask)
    prvInitialiseNewTask                     0x08002ed7   Thumb Code   204  tasks.o(i.prvInitialiseNewTask)
    i.prvInitialiseTaskLists                 0x08002fa4   Section        0  tasks.o(i.prvInitialiseTaskLists)
    prvInitialiseTaskLists                   0x08002fa5   Thumb Code    70  tasks.o(i.prvInitialiseTaskLists)
    i.prvInsertBlockIntoFreeList             0x0800300c   Section        0  heap_4.o(i.prvInsertBlockIntoFreeList)
    prvInsertBlockIntoFreeList               0x0800300d   Thumb Code    96  heap_4.o(i.prvInsertBlockIntoFreeList)
    i.prvInsertTimerInActiveList             0x08003074   Section        0  timers.o(i.prvInsertTimerInActiveList)
    prvInsertTimerInActiveList               0x08003075   Thumb Code    80  timers.o(i.prvInsertTimerInActiveList)
    i.prvIsQueueEmpty                        0x080030cc   Section        0  queue.o(i.prvIsQueueEmpty)
    prvIsQueueEmpty                          0x080030cd   Thumb Code    26  queue.o(i.prvIsQueueEmpty)
    i.prvIsQueueFull                         0x080030e6   Section        0  queue.o(i.prvIsQueueFull)
    prvIsQueueFull                           0x080030e7   Thumb Code    30  queue.o(i.prvIsQueueFull)
    i.prvProcessExpiredTimer                 0x08003104   Section        0  timers.o(i.prvProcessExpiredTimer)
    prvProcessExpiredTimer                   0x08003105   Thumb Code    94  timers.o(i.prvProcessExpiredTimer)
    i.prvProcessReceivedCommands             0x08003168   Section        0  timers.o(i.prvProcessReceivedCommands)
    prvProcessReceivedCommands               0x08003169   Thumb Code   240  timers.o(i.prvProcessReceivedCommands)
    i.prvProcessTimerOrBlockTask             0x0800325c   Section        0  timers.o(i.prvProcessTimerOrBlockTask)
    prvProcessTimerOrBlockTask               0x0800325d   Thumb Code   102  timers.o(i.prvProcessTimerOrBlockTask)
    i.prvResetNextTaskUnblockTime            0x080032d0   Section        0  tasks.o(i.prvResetNextTaskUnblockTime)
    prvResetNextTaskUnblockTime              0x080032d1   Thumb Code    42  tasks.o(i.prvResetNextTaskUnblockTime)
    i.prvSampleTimeNow                       0x08003304   Section        0  timers.o(i.prvSampleTimeNow)
    prvSampleTimeNow                         0x08003305   Thumb Code    40  timers.o(i.prvSampleTimeNow)
    i.prvSwitchTimerLists                    0x08003330   Section        0  timers.o(i.prvSwitchTimerLists)
    prvSwitchTimerLists                      0x08003331   Thumb Code   150  timers.o(i.prvSwitchTimerLists)
    i.prvTaskExitError                       0x080033d0   Section        0  port.o(i.prvTaskExitError)
    prvTaskExitError                         0x080033d1   Thumb Code    60  port.o(i.prvTaskExitError)
    i.prvTimerTask                           0x08003410   Section        0  timers.o(i.prvTimerTask)
    prvTimerTask                             0x08003411   Thumb Code    26  timers.o(i.prvTimerTask)
    i.prvUnlockQueue                         0x0800342a   Section        0  queue.o(i.prvUnlockQueue)
    prvUnlockQueue                           0x0800342b   Thumb Code   126  queue.o(i.prvUnlockQueue)
    i.pvPortMalloc                           0x080034a8   Section        0  heap_4.o(i.pvPortMalloc)
    i.pxPortInitialiseStack                  0x080035e4   Section        0  port.o(i.pxPortInitialiseStack)
    i.set_motor_current                      0x08003610   Section        0  task_control.o(i.set_motor_current)
    set_motor_current                        0x08003611   Thumb Code    84  task_control.o(i.set_motor_current)
    i.set_motor_target                       0x08003668   Section        0  task_control.o(i.set_motor_target)
    set_motor_target                         0x08003669   Thumb Code    98  task_control.o(i.set_motor_target)
    i.start_task                             0x080036d4   Section        0  main.o(i.start_task)
    i.system_init                            0x08003764   Section        0  bsp_system.o(i.system_init)
    i.task_data_update                       0x080037a0   Section        0  task_control.o(i.task_data_update)
    task_data_update                         0x080037a1   Thumb Code   158  task_control.o(i.task_data_update)
    i.uxListRemove                           0x08003848   Section        0  list.o(i.uxListRemove)
    i.vListInitialise                        0x08003870   Section        0  list.o(i.vListInitialise)
    i.vListInitialiseItem                    0x0800388a   Section        0  list.o(i.vListInitialiseItem)
    i.vListInsert                            0x08003890   Section        0  list.o(i.vListInsert)
    i.vListInsertEnd                         0x080038c4   Section        0  list.o(i.vListInsertEnd)
    i.vPortEnterCritical                     0x080038dc   Section        0  port.o(i.vPortEnterCritical)
    i.vPortExitCritical                      0x08003930   Section        0  port.o(i.vPortExitCritical)
    i.vPortFree                              0x0800396c   Section        0  heap_4.o(i.vPortFree)
    i.vPortSetupTimerInterrupt               0x08003a00   Section        0  port.o(i.vPortSetupTimerInterrupt)
    i.vPortValidateInterruptPriority         0x08003a28   Section        0  port.o(i.vPortValidateInterruptPriority)
    i.vQueueAddToRegistry                    0x08003aa0   Section        0  queue.o(i.vQueueAddToRegistry)
    i.vQueueWaitForMessageRestricted         0x08003acc   Section        0  queue.o(i.vQueueWaitForMessageRestricted)
    i.vTaskDelay                             0x08003b18   Section        0  tasks.o(i.vTaskDelay)
    i.vTaskDelete                            0x08003b74   Section        0  tasks.o(i.vTaskDelete)
    i.vTaskInternalSetTimeOutState           0x08003c68   Section        0  tasks.o(i.vTaskInternalSetTimeOutState)
    i.vTaskMissedYield                       0x08003c80   Section        0  tasks.o(i.vTaskMissedYield)
    i.vTaskPlaceOnEventList                  0x08003c8c   Section        0  tasks.o(i.vTaskPlaceOnEventList)
    i.vTaskPlaceOnEventListRestricted        0x08003cc4   Section        0  tasks.o(i.vTaskPlaceOnEventListRestricted)
    i.vTaskStartScheduler                    0x08003d04   Section        0  tasks.o(i.vTaskStartScheduler)
    i.vTaskSuspendAll                        0x08003d98   Section        0  tasks.o(i.vTaskSuspendAll)
    i.vTaskSwitchContext                     0x08003da8   Section        0  tasks.o(i.vTaskSwitchContext)
    i.vision_receive_data                    0x08003e34   Section        0  task_vision.o(i.vision_receive_data)
    i.vision_task                            0x08003f64   Section        0  task_vision.o(i.vision_task)
    i.xPortStartScheduler                    0x08003fbc   Section        0  port.o(i.xPortStartScheduler)
    i.xPortSysTickHandler                    0x08004124   Section        0  port.o(i.xPortSysTickHandler)
    i.xQueueGenericCreate                    0x08004158   Section        0  queue.o(i.xQueueGenericCreate)
    i.xQueueGenericReset                     0x080041b4   Section        0  queue.o(i.xQueueGenericReset)
    i.xQueueGenericSend                      0x0800424c   Section        0  queue.o(i.xQueueGenericSend)
    i.xQueueGenericSendFromISR               0x080043f4   Section        0  queue.o(i.xQueueGenericSendFromISR)
    i.xQueueReceive                          0x080044ec   Section        0  queue.o(i.xQueueReceive)
    i.xTaskCheckForTimeOut                   0x08004654   Section        0  tasks.o(i.xTaskCheckForTimeOut)
    i.xTaskCreate                            0x080046e0   Section        0  tasks.o(i.xTaskCreate)
    i.xTaskGetSchedulerState                 0x08004740   Section        0  tasks.o(i.xTaskGetSchedulerState)
    i.xTaskGetTickCount                      0x08004760   Section        0  tasks.o(i.xTaskGetTickCount)
    i.xTaskIncrementTick                     0x0800476c   Section        0  tasks.o(i.xTaskIncrementTick)
    i.xTaskPriorityDisinherit                0x080048b4   Section        0  tasks.o(i.xTaskPriorityDisinherit)
    i.xTaskRemoveFromEventList               0x0800497c   Section        0  tasks.o(i.xTaskRemoveFromEventList)
    i.xTaskResumeAll                         0x08004a14   Section        0  tasks.o(i.xTaskResumeAll)
    i.xTimerCreateTimerTask                  0x08004b18   Section        0  timers.o(i.xTimerCreateTimerTask)
    i.xTimerGenericCommand                   0x08004b70   Section        0  timers.o(i.xTimerGenericCommand)
    x$fpl$fpinit                             0x08004bf4   Section       10  fpinit.o(x$fpl$fpinit)
    $v0                                      0x08004bf4   Number         0  fpinit.o(x$fpl$fpinit)
    .constdata                               0x08004bfe   Section        8  bsp_dma.o(.constdata)
    .constdata                               0x08004c08   Section       16  driver_filter.o(.constdata)
    .data                                    0x20000000   Section        4  main.o(.data)
    .data                                    0x20000004   Section       12  stm32f4xx_it.o(.data)
    .data                                    0x20000010   Section       20  system_stm32f4xx.o(.data)
    .data                                    0x20000024   Section        4  delay.o(.data)
    fac_us                                   0x20000024   Data           1  delay.o(.data)
    fac_ms                                   0x20000026   Data           2  delay.o(.data)
    .data                                    0x20000028   Section        6  usart.o(.data)
    .data                                    0x20000030   Section      108  task_control.o(.data)
    .data                                    0x2000009c   Section       12  task_vision.o(.data)
    vision_memory                            0x200000a0   Data           4  task_vision.o(.data)
    vision_send_memory                       0x200000a4   Data           4  task_vision.o(.data)
    .data                                    0x200000a8   Section       16  stm32f4xx_rcc.o(.data)
    APBAHBPrescTable                         0x200000a8   Data          16  stm32f4xx_rcc.o(.data)
    .data                                    0x200000b8   Section       60  tasks.o(.data)
    pxDelayedTaskList                        0x200000bc   Data           4  tasks.o(.data)
    pxOverflowDelayedTaskList                0x200000c0   Data           4  tasks.o(.data)
    uxDeletedTasksWaitingCleanUp             0x200000c4   Data           4  tasks.o(.data)
    uxCurrentNumberOfTasks                   0x200000c8   Data           4  tasks.o(.data)
    xTickCount                               0x200000cc   Data           4  tasks.o(.data)
    uxTopReadyPriority                       0x200000d0   Data           4  tasks.o(.data)
    xSchedulerRunning                        0x200000d4   Data           4  tasks.o(.data)
    uxPendedTicks                            0x200000d8   Data           4  tasks.o(.data)
    xYieldPending                            0x200000dc   Data           4  tasks.o(.data)
    xNumOfOverflows                          0x200000e0   Data           4  tasks.o(.data)
    uxTaskNumber                             0x200000e4   Data           4  tasks.o(.data)
    xNextTaskUnblockTime                     0x200000e8   Data           4  tasks.o(.data)
    xIdleTaskHandle                          0x200000ec   Data           4  tasks.o(.data)
    uxSchedulerSuspended                     0x200000f0   Data           4  tasks.o(.data)
    .data                                    0x200000f4   Section       20  timers.o(.data)
    pxCurrentTimerList                       0x200000f4   Data           4  timers.o(.data)
    pxOverflowTimerList                      0x200000f8   Data           4  timers.o(.data)
    xTimerQueue                              0x200000fc   Data           4  timers.o(.data)
    xTimerTaskHandle                         0x20000100   Data           4  timers.o(.data)
    xLastTime                                0x20000104   Data           4  timers.o(.data)
    .data                                    0x20000108   Section       24  heap_4.o(.data)
    xStart                                   0x20000108   Data           8  heap_4.o(.data)
    pxEnd                                    0x20000110   Data           4  heap_4.o(.data)
    xFreeBytesRemaining                      0x20000114   Data           4  heap_4.o(.data)
    xMinimumEverFreeBytesRemaining           0x20000118   Data           4  heap_4.o(.data)
    xBlockAllocatedBit                       0x2000011c   Data           4  heap_4.o(.data)
    .data                                    0x20000120   Section       12  port.o(.data)
    uxCriticalNesting                        0x20000120   Data           4  port.o(.data)
    ucMaxSysCallPriority                     0x20000124   Data           1  port.o(.data)
    ulMaxPRIGROUPValue                       0x20000128   Data           4  port.o(.data)
    .bss                                     0x2000012c   Section       92  stm32f4xx_it.o(.bss)
    bull_xmotor                              0x20000140   Data          36  stm32f4xx_it.o(.bss)
    bull_ymotor                              0x20000164   Data          36  stm32f4xx_it.o(.bss)
    .bss                                     0x20000188   Section      200  usart.o(.bss)
    .bss                                     0x20000250   Section       80  bsp_dma.o(.bss)
    .bss                                     0x200002a0   Section     1324  task_control.o(.bss)
    .bss                                     0x200007cc   Section       72  task_vision.o(.bss)
    .bss                                     0x20000814   Section      200  tasks.o(.bss)
    pxReadyTasksLists                        0x20000814   Data         100  tasks.o(.bss)
    xDelayedTaskList1                        0x20000878   Data          20  tasks.o(.bss)
    xDelayedTaskList2                        0x2000088c   Data          20  tasks.o(.bss)
    xPendingReadyList                        0x200008a0   Data          20  tasks.o(.bss)
    xTasksWaitingTermination                 0x200008b4   Data          20  tasks.o(.bss)
    xSuspendedTaskList                       0x200008c8   Data          20  tasks.o(.bss)
    .bss                                     0x200008dc   Section       64  queue.o(.bss)
    .bss                                     0x2000091c   Section       40  timers.o(.bss)
    xActiveTimerList1                        0x2000091c   Data          20  timers.o(.bss)
    xActiveTimerList2                        0x20000930   Data          20  timers.o(.bss)
    .bss                                     0x20000944   Section    76800  heap_4.o(.bss)
    ucHeap                                   0x20000944   Data       76800  heap_4.o(.bss)
    .bss                                     0x20013544   Section       96  libspace.o(.bss)
    HEAP                                     0x200135a8   Section     4096  startup_stm32f427xx.o(HEAP)
    Heap_Mem                                 0x200135a8   Data        4096  startup_stm32f427xx.o(HEAP)
    STACK                                    0x200145a8   Section     1024  startup_stm32f427xx.o(STACK)
    Stack_Mem                                0x200145a8   Data        1024  startup_stm32f427xx.o(STACK)
    __initial_sp                             0x200149a8   Data           0  startup_stm32f427xx.o(STACK)

    Global Symbols

    Symbol Name                              Value     Ov Type        Size  Object(Section)

    BuildAttributes$$THM_ISAv4$E$P$D$K$B$S$7EM$VFPi3$EXTD16$VFPS$VFMA$PE$A:L22UL41UL21$X:L11$S22US41US21$IEEE1$IW$USESV6$~STKCKD$USESV7$~SHL$OTIME$ROPI$IEEEX$EBA8$UX$STANDARDLIB$REQ8$PRES8$EABIv2 0x00000000   Number         0  anon$$obj.o ABSOLUTE
    __ARM_use_no_argv                        0x00000000   Number         0  main.o ABSOLUTE
    _printf_flags                            0x00000000   Number         0  printf_stubs.o ABSOLUTE
    _printf_return_value                     0x00000000   Number         0  printf_stubs.o ABSOLUTE
    _printf_sizespec                         0x00000000   Number         0  printf_stubs.o ABSOLUTE
    _printf_widthprec                        0x00000000   Number         0  printf_stubs.o ABSOLUTE
    __ARM_exceptions_init                     - Undefined Weak Reference
    __alloca_initialize                       - Undefined Weak Reference
    __arm_preinit_                            - Undefined Weak Reference
    __cpp_initialize__aeabi_                  - Undefined Weak Reference
    __cxa_finalize                            - Undefined Weak Reference
    __sigvec_lookup                           - Undefined Weak Reference
    _atexit_init                              - Undefined Weak Reference
    _call_atexit_fns                          - Undefined Weak Reference
    _clock_init                               - Undefined Weak Reference
    _fp_trap_init                             - Undefined Weak Reference
    _fp_trap_shutdown                         - Undefined Weak Reference
    _get_lc_collate                           - Undefined Weak Reference
    _get_lc_monetary                          - Undefined Weak Reference
    _get_lc_time                              - Undefined Weak Reference
    _getenv_init                              - Undefined Weak Reference
    _handle_redirection                       - Undefined Weak Reference
    _init_alloc                               - Undefined Weak Reference
    _init_user_alloc                          - Undefined Weak Reference
    _initio                                   - Undefined Weak Reference
    _mutex_acquire                            - Undefined Weak Reference
    _mutex_release                            - Undefined Weak Reference
    _printf_mbtowc                            - Undefined Weak Reference
    _printf_wc                                - Undefined Weak Reference
    _rand_init                                - Undefined Weak Reference
    _signal_finish                            - Undefined Weak Reference
    _signal_init                              - Undefined Weak Reference
    _terminate_alloc                          - Undefined Weak Reference
    _terminate_user_alloc                     - Undefined Weak Reference
    _terminateio                              - Undefined Weak Reference
    __Vectors_Size                           0x000001ac   Number         0  startup_stm32f427xx.o ABSOLUTE
    __Vectors                                0x08000000   Data           4  startup_stm32f427xx.o(RESET)
    __Vectors_End                            0x080001ac   Data           0  startup_stm32f427xx.o(RESET)
    __main                                   0x080001ad   Thumb Code     8  __main.o(!!!main)
    __scatterload                            0x080001b5   Thumb Code     0  __scatter.o(!!!scatter)
    __scatterload_rt2                        0x080001b5   Thumb Code    44  __scatter.o(!!!scatter)
    __scatterload_rt2_thumb_only             0x080001b5   Thumb Code     0  __scatter.o(!!!scatter)
    __scatterload_null                       0x080001c3   Thumb Code     0  __scatter.o(!!!scatter)
    __decompress                             0x080001e9   Thumb Code    90  __dczerorl2.o(!!dczerorl2)
    __decompress1                            0x080001e9   Thumb Code     0  __dczerorl2.o(!!dczerorl2)
    __scatterload_zeroinit                   0x08000245   Thumb Code    28  __scatter_zi.o(!!handler_zi)
    __rt_lib_init                            0x08000261   Thumb Code     0  libinit.o(.ARM.Collect$$libinit$$00000000)
    __rt_lib_init_fp_1                       0x08000263   Thumb Code     0  libinit2.o(.ARM.Collect$$libinit$$00000001)
    __rt_lib_init_alloca_1                   0x08000267   Thumb Code     0  libinit2.o(.ARM.Collect$$libinit$$0000002E)
    __rt_lib_init_argv_1                     0x08000267   Thumb Code     0  libinit2.o(.ARM.Collect$$libinit$$0000002C)
    __rt_lib_init_atexit_1                   0x08000267   Thumb Code     0  libinit2.o(.ARM.Collect$$libinit$$0000001B)
    __rt_lib_init_clock_1                    0x08000267   Thumb Code     0  libinit2.o(.ARM.Collect$$libinit$$00000021)
    __rt_lib_init_cpp_1                      0x08000267   Thumb Code     0  libinit2.o(.ARM.Collect$$libinit$$00000032)
    __rt_lib_init_exceptions_1               0x08000267   Thumb Code     0  libinit2.o(.ARM.Collect$$libinit$$00000030)
    __rt_lib_init_fp_trap_1                  0x08000267   Thumb Code     0  libinit2.o(.ARM.Collect$$libinit$$0000001F)
    __rt_lib_init_getenv_1                   0x08000267   Thumb Code     0  libinit2.o(.ARM.Collect$$libinit$$00000023)
    __rt_lib_init_heap_1                     0x08000267   Thumb Code     0  libinit2.o(.ARM.Collect$$libinit$$0000000A)
    __rt_lib_init_lc_collate_1               0x08000267   Thumb Code     0  libinit2.o(.ARM.Collect$$libinit$$00000011)
    __rt_lib_init_lc_ctype_1                 0x08000267   Thumb Code     0  libinit2.o(.ARM.Collect$$libinit$$00000013)
    __rt_lib_init_lc_monetary_1              0x08000267   Thumb Code     0  libinit2.o(.ARM.Collect$$libinit$$00000015)
    __rt_lib_init_lc_numeric_1               0x08000267   Thumb Code     0  libinit2.o(.ARM.Collect$$libinit$$00000017)
    __rt_lib_init_lc_time_1                  0x08000267   Thumb Code     0  libinit2.o(.ARM.Collect$$libinit$$00000019)
    __rt_lib_init_preinit_1                  0x08000267   Thumb Code     0  libinit2.o(.ARM.Collect$$libinit$$00000004)
    __rt_lib_init_rand_1                     0x08000267   Thumb Code     0  libinit2.o(.ARM.Collect$$libinit$$0000000E)
    __rt_lib_init_return                     0x08000267   Thumb Code     0  libinit2.o(.ARM.Collect$$libinit$$00000033)
    __rt_lib_init_signal_1                   0x08000267   Thumb Code     0  libinit2.o(.ARM.Collect$$libinit$$0000001D)
    __rt_lib_init_stdio_1                    0x08000267   Thumb Code     0  libinit2.o(.ARM.Collect$$libinit$$00000025)
    __rt_lib_init_user_alloc_1               0x08000267   Thumb Code     0  libinit2.o(.ARM.Collect$$libinit$$0000000C)
    __rt_lib_shutdown                        0x08000269   Thumb Code     0  libshutdown.o(.ARM.Collect$$libshutdown$$00000000)
    __rt_lib_shutdown_cpp_1                  0x0800026b   Thumb Code     0  libshutdown2.o(.ARM.Collect$$libshutdown$$00000002)
    __rt_lib_shutdown_fp_trap_1              0x0800026b   Thumb Code     0  libshutdown2.o(.ARM.Collect$$libshutdown$$00000007)
    __rt_lib_shutdown_heap_1                 0x0800026b   Thumb Code     0  libshutdown2.o(.ARM.Collect$$libshutdown$$0000000F)
    __rt_lib_shutdown_return                 0x0800026b   Thumb Code     0  libshutdown2.o(.ARM.Collect$$libshutdown$$00000010)
    __rt_lib_shutdown_signal_1               0x0800026b   Thumb Code     0  libshutdown2.o(.ARM.Collect$$libshutdown$$0000000A)
    __rt_lib_shutdown_stdio_1                0x0800026b   Thumb Code     0  libshutdown2.o(.ARM.Collect$$libshutdown$$00000004)
    __rt_lib_shutdown_user_alloc_1           0x0800026b   Thumb Code     0  libshutdown2.o(.ARM.Collect$$libshutdown$$0000000C)
    __rt_entry                               0x0800026d   Thumb Code     0  __rtentry.o(.ARM.Collect$$rtentry$$00000000)
    __rt_entry_presh_1                       0x0800026d   Thumb Code     0  __rtentry2.o(.ARM.Collect$$rtentry$$00000002)
    __rt_entry_sh                            0x0800026d   Thumb Code     0  __rtentry4.o(.ARM.Collect$$rtentry$$00000004)
    __rt_entry_li                            0x08000273   Thumb Code     0  __rtentry2.o(.ARM.Collect$$rtentry$$0000000A)
    __rt_entry_postsh_1                      0x08000273   Thumb Code     0  __rtentry2.o(.ARM.Collect$$rtentry$$00000009)
    __rt_entry_main                          0x08000277   Thumb Code     0  __rtentry2.o(.ARM.Collect$$rtentry$$0000000D)
    __rt_entry_postli_1                      0x08000277   Thumb Code     0  __rtentry2.o(.ARM.Collect$$rtentry$$0000000C)
    __rt_exit                                0x0800027f   Thumb Code     0  rtexit.o(.ARM.Collect$$rtexit$$00000000)
    __rt_exit_ls                             0x08000281   Thumb Code     0  rtexit2.o(.ARM.Collect$$rtexit$$00000003)
    __rt_exit_prels_1                        0x08000281   Thumb Code     0  rtexit2.o(.ARM.Collect$$rtexit$$00000002)
    __rt_exit_exit                           0x08000285   Thumb Code     0  rtexit2.o(.ARM.Collect$$rtexit$$00000004)
    SVC_Handler                              0x0800028d   Thumb Code    28  port.o(.emb_text)
    __asm___6_port_c_39a90d8d__prvStartFirstTask 0x080002ad   Thumb Code    36  port.o(.emb_text)
    __asm___6_port_c_39a90d8d__prvEnableVFP  0x080002d5   Thumb Code    16  port.o(.emb_text)
    PendSV_Handler                           0x080002e9   Thumb Code    88  port.o(.emb_text)
    vPortGetIPSR                             0x08000345   Thumb Code     6  port.o(.emb_text)
    Reset_Handler                            0x0800034d   Thumb Code     8  startup_stm32f427xx.o(.text)
    ADC_IRQHandler                           0x08000367   Thumb Code     0  startup_stm32f427xx.o(.text)
    CAN1_RX1_IRQHandler                      0x08000367   Thumb Code     0  startup_stm32f427xx.o(.text)
    CAN1_SCE_IRQHandler                      0x08000367   Thumb Code     0  startup_stm32f427xx.o(.text)
    CAN2_RX0_IRQHandler                      0x08000367   Thumb Code     0  startup_stm32f427xx.o(.text)
    CAN2_RX1_IRQHandler                      0x08000367   Thumb Code     0  startup_stm32f427xx.o(.text)
    CAN2_SCE_IRQHandler                      0x08000367   Thumb Code     0  startup_stm32f427xx.o(.text)
    CAN2_TX_IRQHandler                       0x08000367   Thumb Code     0  startup_stm32f427xx.o(.text)
    DCMI_IRQHandler                          0x08000367   Thumb Code     0  startup_stm32f427xx.o(.text)
    DMA1_Stream1_IRQHandler                  0x08000367   Thumb Code     0  startup_stm32f427xx.o(.text)
    DMA1_Stream2_IRQHandler                  0x08000367   Thumb Code     0  startup_stm32f427xx.o(.text)
    DMA1_Stream3_IRQHandler                  0x08000367   Thumb Code     0  startup_stm32f427xx.o(.text)
    DMA1_Stream4_IRQHandler                  0x08000367   Thumb Code     0  startup_stm32f427xx.o(.text)
    DMA1_Stream5_IRQHandler                  0x08000367   Thumb Code     0  startup_stm32f427xx.o(.text)
    DMA1_Stream6_IRQHandler                  0x08000367   Thumb Code     0  startup_stm32f427xx.o(.text)
    DMA1_Stream7_IRQHandler                  0x08000367   Thumb Code     0  startup_stm32f427xx.o(.text)
    DMA2D_IRQHandler                         0x08000367   Thumb Code     0  startup_stm32f427xx.o(.text)
    DMA2_Stream0_IRQHandler                  0x08000367   Thumb Code     0  startup_stm32f427xx.o(.text)
    DMA2_Stream1_IRQHandler                  0x08000367   Thumb Code     0  startup_stm32f427xx.o(.text)
    DMA2_Stream2_IRQHandler                  0x08000367   Thumb Code     0  startup_stm32f427xx.o(.text)
    DMA2_Stream3_IRQHandler                  0x08000367   Thumb Code     0  startup_stm32f427xx.o(.text)
    DMA2_Stream4_IRQHandler                  0x08000367   Thumb Code     0  startup_stm32f427xx.o(.text)
    DMA2_Stream5_IRQHandler                  0x08000367   Thumb Code     0  startup_stm32f427xx.o(.text)
    DMA2_Stream6_IRQHandler                  0x08000367   Thumb Code     0  startup_stm32f427xx.o(.text)
    ETH_IRQHandler                           0x08000367   Thumb Code     0  startup_stm32f427xx.o(.text)
    ETH_WKUP_IRQHandler                      0x08000367   Thumb Code     0  startup_stm32f427xx.o(.text)
    EXTI0_IRQHandler                         0x08000367   Thumb Code     0  startup_stm32f427xx.o(.text)
    EXTI15_10_IRQHandler                     0x08000367   Thumb Code     0  startup_stm32f427xx.o(.text)
    EXTI1_IRQHandler                         0x08000367   Thumb Code     0  startup_stm32f427xx.o(.text)
    EXTI2_IRQHandler                         0x08000367   Thumb Code     0  startup_stm32f427xx.o(.text)
    EXTI3_IRQHandler                         0x08000367   Thumb Code     0  startup_stm32f427xx.o(.text)
    EXTI4_IRQHandler                         0x08000367   Thumb Code     0  startup_stm32f427xx.o(.text)
    EXTI9_5_IRQHandler                       0x08000367   Thumb Code     0  startup_stm32f427xx.o(.text)
    FLASH_IRQHandler                         0x08000367   Thumb Code     0  startup_stm32f427xx.o(.text)
    FMC_IRQHandler                           0x08000367   Thumb Code     0  startup_stm32f427xx.o(.text)
    FPU_IRQHandler                           0x08000367   Thumb Code     0  startup_stm32f427xx.o(.text)
    HASH_RNG_IRQHandler                      0x08000367   Thumb Code     0  startup_stm32f427xx.o(.text)
    I2C1_ER_IRQHandler                       0x08000367   Thumb Code     0  startup_stm32f427xx.o(.text)
    I2C1_EV_IRQHandler                       0x08000367   Thumb Code     0  startup_stm32f427xx.o(.text)
    I2C2_ER_IRQHandler                       0x08000367   Thumb Code     0  startup_stm32f427xx.o(.text)
    I2C2_EV_IRQHandler                       0x08000367   Thumb Code     0  startup_stm32f427xx.o(.text)
    I2C3_ER_IRQHandler                       0x08000367   Thumb Code     0  startup_stm32f427xx.o(.text)
    I2C3_EV_IRQHandler                       0x08000367   Thumb Code     0  startup_stm32f427xx.o(.text)
    OTG_FS_IRQHandler                        0x08000367   Thumb Code     0  startup_stm32f427xx.o(.text)
    OTG_FS_WKUP_IRQHandler                   0x08000367   Thumb Code     0  startup_stm32f427xx.o(.text)
    OTG_HS_EP1_IN_IRQHandler                 0x08000367   Thumb Code     0  startup_stm32f427xx.o(.text)
    OTG_HS_EP1_OUT_IRQHandler                0x08000367   Thumb Code     0  startup_stm32f427xx.o(.text)
    OTG_HS_IRQHandler                        0x08000367   Thumb Code     0  startup_stm32f427xx.o(.text)
    OTG_HS_WKUP_IRQHandler                   0x08000367   Thumb Code     0  startup_stm32f427xx.o(.text)
    PVD_IRQHandler                           0x08000367   Thumb Code     0  startup_stm32f427xx.o(.text)
    RCC_IRQHandler                           0x08000367   Thumb Code     0  startup_stm32f427xx.o(.text)
    RTC_Alarm_IRQHandler                     0x08000367   Thumb Code     0  startup_stm32f427xx.o(.text)
    RTC_WKUP_IRQHandler                      0x08000367   Thumb Code     0  startup_stm32f427xx.o(.text)
    SAI1_IRQHandler                          0x08000367   Thumb Code     0  startup_stm32f427xx.o(.text)
    SDIO_IRQHandler                          0x08000367   Thumb Code     0  startup_stm32f427xx.o(.text)
    SPI1_IRQHandler                          0x08000367   Thumb Code     0  startup_stm32f427xx.o(.text)
    SPI2_IRQHandler                          0x08000367   Thumb Code     0  startup_stm32f427xx.o(.text)
    SPI3_IRQHandler                          0x08000367   Thumb Code     0  startup_stm32f427xx.o(.text)
    SPI4_IRQHandler                          0x08000367   Thumb Code     0  startup_stm32f427xx.o(.text)
    SPI5_IRQHandler                          0x08000367   Thumb Code     0  startup_stm32f427xx.o(.text)
    SPI6_IRQHandler                          0x08000367   Thumb Code     0  startup_stm32f427xx.o(.text)
    TAMP_STAMP_IRQHandler                    0x08000367   Thumb Code     0  startup_stm32f427xx.o(.text)
    TIM1_BRK_TIM9_IRQHandler                 0x08000367   Thumb Code     0  startup_stm32f427xx.o(.text)
    TIM1_CC_IRQHandler                       0x08000367   Thumb Code     0  startup_stm32f427xx.o(.text)
    TIM1_TRG_COM_TIM11_IRQHandler            0x08000367   Thumb Code     0  startup_stm32f427xx.o(.text)
    TIM1_UP_TIM10_IRQHandler                 0x08000367   Thumb Code     0  startup_stm32f427xx.o(.text)
    TIM2_IRQHandler                          0x08000367   Thumb Code     0  startup_stm32f427xx.o(.text)
    TIM3_IRQHandler                          0x08000367   Thumb Code     0  startup_stm32f427xx.o(.text)
    TIM4_IRQHandler                          0x08000367   Thumb Code     0  startup_stm32f427xx.o(.text)
    TIM5_IRQHandler                          0x08000367   Thumb Code     0  startup_stm32f427xx.o(.text)
    TIM6_DAC_IRQHandler                      0x08000367   Thumb Code     0  startup_stm32f427xx.o(.text)
    TIM7_IRQHandler                          0x08000367   Thumb Code     0  startup_stm32f427xx.o(.text)
    TIM8_BRK_TIM12_IRQHandler                0x08000367   Thumb Code     0  startup_stm32f427xx.o(.text)
    TIM8_CC_IRQHandler                       0x08000367   Thumb Code     0  startup_stm32f427xx.o(.text)
    TIM8_TRG_COM_TIM14_IRQHandler            0x08000367   Thumb Code     0  startup_stm32f427xx.o(.text)
    TIM8_UP_TIM13_IRQHandler                 0x08000367   Thumb Code     0  startup_stm32f427xx.o(.text)
    UART4_IRQHandler                         0x08000367   Thumb Code     0  startup_stm32f427xx.o(.text)
    UART5_IRQHandler                         0x08000367   Thumb Code     0  startup_stm32f427xx.o(.text)
    UART7_IRQHandler                         0x08000367   Thumb Code     0  startup_stm32f427xx.o(.text)
    USART1_IRQHandler                        0x08000367   Thumb Code     0  startup_stm32f427xx.o(.text)
    USART2_IRQHandler                        0x08000367   Thumb Code     0  startup_stm32f427xx.o(.text)
    WWDG_IRQHandler                          0x08000367   Thumb Code     0  startup_stm32f427xx.o(.text)
    __user_initial_stackheap                 0x08000369   Thumb Code     0  startup_stm32f427xx.o(.text)
    __use_no_semihosting                     0x0800038d   Thumb Code     2  use_no_semi_2.o(.text)
    __aeabi_memcpy                           0x0800038f   Thumb Code     0  rt_memcpy_v6.o(.text)
    __rt_memcpy                              0x0800038f   Thumb Code   138  rt_memcpy_v6.o(.text)
    _memcpy_lastbytes                        0x080003f5   Thumb Code     0  rt_memcpy_v6.o(.text)
    __aeabi_memcpy4                          0x08000419   Thumb Code     0  rt_memcpy_w.o(.text)
    __aeabi_memcpy8                          0x08000419   Thumb Code     0  rt_memcpy_w.o(.text)
    __rt_memcpy_w                            0x08000419   Thumb Code   100  rt_memcpy_w.o(.text)
    _memcpy_lastbytes_aligned                0x08000461   Thumb Code     0  rt_memcpy_w.o(.text)
    __aeabi_memset                           0x0800047d   Thumb Code    16  aeabi_memset.o(.text)
    __aeabi_memclr                           0x0800048d   Thumb Code     0  rt_memclr.o(.text)
    __rt_memclr                              0x0800048d   Thumb Code    68  rt_memclr.o(.text)
    _memset                                  0x08000491   Thumb Code     0  rt_memclr.o(.text)
    __aeabi_memclr4                          0x080004d1   Thumb Code     0  rt_memclr_w.o(.text)
    __aeabi_memclr8                          0x080004d1   Thumb Code     0  rt_memclr_w.o(.text)
    __rt_memclr_w                            0x080004d1   Thumb Code    78  rt_memclr_w.o(.text)
    _memset_w                                0x080004d5   Thumb Code     0  rt_memclr_w.o(.text)
    __use_two_region_memory                  0x0800051f   Thumb Code     2  heapauxi.o(.text)
    __rt_heap_escrow$2region                 0x08000521   Thumb Code     2  heapauxi.o(.text)
    __rt_heap_expand$2region                 0x08000523   Thumb Code     2  heapauxi.o(.text)
    __I$use$semihosting                      0x08000525   Thumb Code     0  use_no_semi.o(.text)
    __use_no_semihosting_swi                 0x08000525   Thumb Code     2  use_no_semi.o(.text)
    __user_libspace                          0x08000529   Thumb Code     8  libspace.o(.text)
    __user_perproc_libspace                  0x08000529   Thumb Code     0  libspace.o(.text)
    __user_perthread_libspace                0x08000529   Thumb Code     0  libspace.o(.text)
    __user_setup_stackheap                   0x08000531   Thumb Code    74  sys_stackheap_outer.o(.text)
    exit                                     0x0800057b   Thumb Code    18  exit.o(.text)
    BusFault_Handler                         0x0800058d   Thumb Code     4  stm32f4xx_it.o(i.BusFault_Handler)
    CAN1_RX0_IRQHandler                      0x08000591   Thumb Code   136  stm32f4xx_it.o(i.CAN1_RX0_IRQHandler)
    CAN1_TX_IRQHandler                       0x08000629   Thumb Code    22  stm32f4xx_it.o(i.CAN1_TX_IRQHandler)
    CAN_ClearITPendingBit                    0x08000645   Thumb Code   162  stm32f4xx_can.o(i.CAN_ClearITPendingBit)
    CAN_FilterInit                           0x080006ed   Thumb Code   258  stm32f4xx_can.o(i.CAN_FilterInit)
    CAN_GetITStatus                          0x080007f5   Thumb Code   284  stm32f4xx_can.o(i.CAN_GetITStatus)
    CAN_ITConfig                             0x08000915   Thumb Code    18  stm32f4xx_can.o(i.CAN_ITConfig)
    CAN_Init                                 0x08000927   Thumb Code   276  stm32f4xx_can.o(i.CAN_Init)
    CAN_Receive                              0x08000a3b   Thumb Code   240  stm32f4xx_can.o(i.CAN_Receive)
    CAN_Transmit                             0x08000b2b   Thumb Code   294  stm32f4xx_can.o(i.CAN_Transmit)
    DMA1_Stream0_IRQHandler                  0x08000c65   Thumb Code    30  stm32f4xx_it.o(i.DMA1_Stream0_IRQHandler)
    DMA2_Stream7_IRQHandler                  0x08000c8d   Thumb Code    24  stm32f4xx_it.o(i.DMA2_Stream7_IRQHandler)
    DMA_ClearFlag                            0x08000cad   Thumb Code    38  stm32f4xx_dma.o(i.DMA_ClearFlag)
    DMA_ClearITPendingBit                    0x08000ce1   Thumb Code    38  stm32f4xx_dma.o(i.DMA_ClearITPendingBit)
    DMA_Cmd                                  0x08000d15   Thumb Code    22  stm32f4xx_dma.o(i.DMA_Cmd)
    DMA_DeInit                               0x08000d2d   Thumb Code   324  stm32f4xx_dma.o(i.DMA_DeInit)
    DMA_GetCmdStatus                         0x08000e85   Thumb Code    20  stm32f4xx_dma.o(i.DMA_GetCmdStatus)
    DMA_GetCurrDataCounter                   0x08000e99   Thumb Code     8  stm32f4xx_dma.o(i.DMA_GetCurrDataCounter)
    DMA_GetFlagStatus                        0x08000ea1   Thumb Code    54  stm32f4xx_dma.o(i.DMA_GetFlagStatus)
    DMA_GetITStatus                          0x08000ee5   Thumb Code    82  stm32f4xx_dma.o(i.DMA_GetITStatus)
    DMA_ITConfig                             0x08000f49   Thumb Code    58  stm32f4xx_dma.o(i.DMA_ITConfig)
    DMA_Init                                 0x08000f85   Thumb Code    82  stm32f4xx_dma.o(i.DMA_Init)
    DMA_SetCurrDataCounter                   0x08000fdd   Thumb Code     4  stm32f4xx_dma.o(i.DMA_SetCurrDataCounter)
    DebugMon_Handler                         0x08000fe1   Thumb Code     2  stm32f4xx_it.o(i.DebugMon_Handler)
    GPIO_Init                                0x08000fe3   Thumb Code   144  stm32f4xx_gpio.o(i.GPIO_Init)
    GPIO_PinAFConfig                         0x08001073   Thumb Code    70  stm32f4xx_gpio.o(i.GPIO_PinAFConfig)
    GPIO_ResetBits                           0x080010b9   Thumb Code     4  stm32f4xx_gpio.o(i.GPIO_ResetBits)
    GPIO_SetBits                             0x080010bd   Thumb Code     4  stm32f4xx_gpio.o(i.GPIO_SetBits)
    HardFault_Handler                        0x080010c1   Thumb Code     4  stm32f4xx_it.o(i.HardFault_Handler)
    MemManage_Handler                        0x080010c5   Thumb Code     4  stm32f4xx_it.o(i.MemManage_Handler)
    NMI_Handler                              0x080010c9   Thumb Code     2  stm32f4xx_it.o(i.NMI_Handler)
    NVIC_Init                                0x080010cd   Thumb Code   106  misc.o(i.NVIC_Init)
    NVIC_PriorityGroupConfig                 0x08001145   Thumb Code    10  misc.o(i.NVIC_PriorityGroupConfig)
    RCC_AHB1PeriphClockCmd                   0x08001159   Thumb Code    26  stm32f4xx_rcc.o(i.RCC_AHB1PeriphClockCmd)
    RCC_APB1PeriphClockCmd                   0x08001179   Thumb Code    26  stm32f4xx_rcc.o(i.RCC_APB1PeriphClockCmd)
    RCC_APB1PeriphResetCmd                   0x08001199   Thumb Code    26  stm32f4xx_rcc.o(i.RCC_APB1PeriphResetCmd)
    RCC_APB2PeriphClockCmd                   0x080011b9   Thumb Code    26  stm32f4xx_rcc.o(i.RCC_APB2PeriphClockCmd)
    RCC_APB2PeriphResetCmd                   0x080011d9   Thumb Code    26  stm32f4xx_rcc.o(i.RCC_APB2PeriphResetCmd)
    RCC_GetClocksFreq                        0x080011f9   Thumb Code   214  stm32f4xx_rcc.o(i.RCC_GetClocksFreq)
    SysTick_CLKSourceConfig                  0x08001401   Thumb Code    40  misc.o(i.SysTick_CLKSourceConfig)
    SysTick_Handler                          0x08001429   Thumb Code    16  delay.o(i.SysTick_Handler)
    SystemInit                               0x08001439   Thumb Code    88  system_stm32f4xx.o(i.SystemInit)
    UART8_IRQHandler                         0x080014a1   Thumb Code   128  stm32f4xx_it.o(i.UART8_IRQHandler)
    USART3_IRQHandler                        0x0800153d   Thumb Code   122  usart.o(i.USART3_IRQHandler)
    USART6_DMA_SendData                      0x080015c5   Thumb Code    52  stm32f4xx_it.o(i.USART6_DMA_SendData)
    USART6_IRQHandler                        0x080015fd   Thumb Code   138  stm32f4xx_it.o(i.USART6_IRQHandler)
    USART_Cmd                                0x080016a9   Thumb Code    24  stm32f4xx_usart.o(i.USART_Cmd)
    USART_DMACmd                             0x080016c1   Thumb Code    18  stm32f4xx_usart.o(i.USART_DMACmd)
    USART_DeInit                             0x080016d5   Thumb Code   206  stm32f4xx_usart.o(i.USART_DeInit)
    USART_GetITStatus                        0x080017c5   Thumb Code    84  stm32f4xx_usart.o(i.USART_GetITStatus)
    USART_ITConfig                           0x08001819   Thumb Code    74  stm32f4xx_usart.o(i.USART_ITConfig)
    USART_Init                               0x08001865   Thumb Code   204  stm32f4xx_usart.o(i.USART_Init)
    USART_ReceiveData                        0x08001939   Thumb Code    10  stm32f4xx_usart.o(i.USART_ReceiveData)
    UsageFault_Handler                       0x08001943   Thumb Code     4  stm32f4xx_it.o(i.UsageFault_Handler)
    _sys_exit                                0x08001947   Thumb Code     4  usart.o(i._sys_exit)
    abs_limit                                0x0800194b   Thumb Code    46  driver_control.o(i.abs_limit)
    amplitude_limit                          0x08001979   Thumb Code    46  user_math.o(i.amplitude_limit)
    bsp_can_init                             0x080019a9   Thumb Code   130  bsp_can.o(i.bsp_can_init)
    bsp_dma_init                             0x08001a31   Thumb Code   402  bsp_dma.o(i.bsp_dma_init)
    bsp_gpio_init                            0x08001be5   Thumb Code   518  bsp_gpio.o(i.bsp_gpio_init)
    bsp_nvic_init                            0x08001e05   Thumb Code   212  bsp_nvic.o(i.bsp_nvic_init)
    bsp_usart_init                           0x08001ef1   Thumb Code   160  bsp_uart.o(i.bsp_usart_init)
    control_task                             0x08001fdd   Thumb Code   282  task_control.o(i.control_task)
    dead_limit                               0x080022a5   Thumb Code    58  driver_control.o(i.dead_limit)
    delay_init                               0x080022e5   Thumb Code    58  delay.o(i.delay_init)
    delay_ms                                 0x08002329   Thumb Code    60  delay.o(i.delay_ms)
    delay_us                                 0x08002369   Thumb Code    68  delay.o(i.delay_us)
    encoder_data_handler                     0x080023b1   Thumb Code   134  driver_encoder.o(i.encoder_data_handler)
    first_order_low_pass_filter              0x0800243d   Thumb Code    66  driver_filter.o(i.first_order_low_pass_filter)
    get_bull_xmotor_measure_point            0x08002489   Thumb Code     4  stm32f4xx_it.o(i.get_bull_xmotor_measure_point)
    get_bull_ymotor_measure_point            0x08002491   Thumb Code     4  stm32f4xx_it.o(i.get_bull_ymotor_measure_point)
    get_moto_offset                          0x08002499   Thumb Code    16  driver_encoder.o(i.get_moto_offset)
    led1_task                                0x080024a9   Thumb Code    28  task_led.o(i.led1_task)
    main                                     0x080024c9   Thumb Code    40  main.o(i.main)
    pid_calculate                            0x08002505   Thumb Code  1436  driver_control.o(i.pid_calculate)
    pid_reset                                0x08002abf   Thumb Code    14  driver_control.o(i.pid_reset)
    pid_struct_init                          0x08002acd   Thumb Code    84  driver_control.o(i.pid_struct_init)
    pvPortMalloc                             0x080034a9   Thumb Code   296  heap_4.o(i.pvPortMalloc)
    pxPortInitialiseStack                    0x080035e5   Thumb Code    38  port.o(i.pxPortInitialiseStack)
    start_task                               0x080036d5   Thumb Code    84  main.o(i.start_task)
    system_init                              0x08003765   Thumb Code    54  bsp_system.o(i.system_init)
    uxListRemove                             0x08003849   Thumb Code    40  list.o(i.uxListRemove)
    vListInitialise                          0x08003871   Thumb Code    26  list.o(i.vListInitialise)
    vListInitialiseItem                      0x0800388b   Thumb Code     6  list.o(i.vListInitialiseItem)
    vListInsert                              0x08003891   Thumb Code    52  list.o(i.vListInsert)
    vListInsertEnd                           0x080038c5   Thumb Code    24  list.o(i.vListInsertEnd)
    vPortEnterCritical                       0x080038dd   Thumb Code    76  port.o(i.vPortEnterCritical)
    vPortExitCritical                        0x08003931   Thumb Code    56  port.o(i.vPortExitCritical)
    vPortFree                                0x0800396d   Thumb Code   140  heap_4.o(i.vPortFree)
    vPortSetupTimerInterrupt                 0x08003a01   Thumb Code    36  port.o(i.vPortSetupTimerInterrupt)
    vPortValidateInterruptPriority           0x08003a29   Thumb Code   106  port.o(i.vPortValidateInterruptPriority)
    vQueueAddToRegistry                      0x08003aa1   Thumb Code    38  queue.o(i.vQueueAddToRegistry)
    vQueueWaitForMessageRestricted           0x08003acd   Thumb Code    74  queue.o(i.vQueueWaitForMessageRestricted)
    vTaskDelay                               0x08003b19   Thumb Code    82  tasks.o(i.vTaskDelay)
    vTaskDelete                              0x08003b75   Thumb Code   202  tasks.o(i.vTaskDelete)
    vTaskInternalSetTimeOutState             0x08003c69   Thumb Code    14  tasks.o(i.vTaskInternalSetTimeOutState)
    vTaskMissedYield                         0x08003c81   Thumb Code     8  tasks.o(i.vTaskMissedYield)
    vTaskPlaceOnEventList                    0x08003c8d   Thumb Code    52  tasks.o(i.vTaskPlaceOnEventList)
    vTaskPlaceOnEventListRestricted          0x08003cc5   Thumb Code    60  tasks.o(i.vTaskPlaceOnEventListRestricted)
    vTaskStartScheduler                      0x08003d05   Thumb Code   118  tasks.o(i.vTaskStartScheduler)
    vTaskSuspendAll                          0x08003d99   Thumb Code    12  tasks.o(i.vTaskSuspendAll)
    vTaskSwitchContext                       0x08003da9   Thumb Code   118  tasks.o(i.vTaskSwitchContext)
    vision_receive_data                      0x08003e35   Thumb Code   286  task_vision.o(i.vision_receive_data)
    vision_task                              0x08003f65   Thumb Code    74  task_vision.o(i.vision_task)
    xPortStartScheduler                      0x08003fbd   Thumb Code   330  port.o(i.xPortStartScheduler)
    xPortSysTickHandler                      0x08004125   Thumb Code    46  port.o(i.xPortSysTickHandler)
    xQueueGenericCreate                      0x08004159   Thumb Code    90  queue.o(i.xQueueGenericCreate)
    xQueueGenericReset                       0x080041b5   Thumb Code   146  queue.o(i.xQueueGenericReset)
    xQueueGenericSend                        0x0800424d   Thumb Code   420  queue.o(i.xQueueGenericSend)
    xQueueGenericSendFromISR                 0x080043f5   Thumb Code   248  queue.o(i.xQueueGenericSendFromISR)
    xQueueReceive                            0x080044ed   Thumb Code   356  queue.o(i.xQueueReceive)
    xTaskCheckForTimeOut                     0x08004655   Thumb Code   132  tasks.o(i.xTaskCheckForTimeOut)
    xTaskCreate                              0x080046e1   Thumb Code    96  tasks.o(i.xTaskCreate)
    xTaskGetSchedulerState                   0x08004741   Thumb Code    24  tasks.o(i.xTaskGetSchedulerState)
    xTaskGetTickCount                        0x08004761   Thumb Code     6  tasks.o(i.xTaskGetTickCount)
    xTaskIncrementTick                       0x0800476d   Thumb Code   282  tasks.o(i.xTaskIncrementTick)
    xTaskPriorityDisinherit                  0x080048b5   Thumb Code   188  tasks.o(i.xTaskPriorityDisinherit)
    xTaskRemoveFromEventList                 0x0800497d   Thumb Code   128  tasks.o(i.xTaskRemoveFromEventList)
    xTaskResumeAll                           0x08004a15   Thumb Code   224  tasks.o(i.xTaskResumeAll)
    xTimerCreateTimerTask                    0x08004b19   Thumb Code    66  timers.o(i.xTimerCreateTimerTask)
    xTimerGenericCommand                     0x08004b71   Thumb Code   126  timers.o(i.xTimerGenericCommand)
    _fp_init                                 0x08004bf5   Thumb Code    10  fpinit.o(x$fpl$fpinit)
    __fplib_config_fpu_vfp                   0x08004bfd   Thumb Code     0  fpinit.o(x$fpl$fpinit)
    __fplib_config_pureend_doubles           0x08004bfd   Thumb Code     0  fpinit.o(x$fpl$fpinit)
    DMA_JUDGE_RECEIVE_BUF_SIZE               0x08004bfe   Data           2  bsp_dma.o(.constdata)
    DMA_JUDGE_SEND_BUF_SIZE                  0x08004c00   Data           2  bsp_dma.o(.constdata)
    DMA_VISION_SEND_BUF_SIZE                 0x08004c02   Data           2  bsp_dma.o(.constdata)
    DMA_VISION_RECEIVE_BUF_SIZE              0x08004c04   Data           2  bsp_dma.o(.constdata)
    low_filter_den                           0x08004c08   Data           8  driver_filter.o(.constdata)
    low_filter_num                           0x08004c10   Data           8  driver_filter.o(.constdata)
    Region$$Table$$Base                      0x08004c18   Number         0  anon$$obj.o(Region$$Table)
    Region$$Table$$Limit                     0x08004c38   Number         0  anon$$obj.o(Region$$Table)
    g_start_task_handler                     0x20000000   Data           4  main.o(.data)
    USART6_RXCnt                             0x20000004   Data           2  stm32f4xx_it.o(.data)
    g_xx                                     0x20000008   Data           4  stm32f4xx_it.o(.data)
    g_yy                                     0x2000000c   Data           4  stm32f4xx_it.o(.data)
    SystemCoreClock                          0x20000010   Data           4  system_stm32f4xx.o(.data)
    AHBPrescTable                            0x20000014   Data          16  system_stm32f4xx.o(.data)
    __stdout                                 0x20000028   Data           4  usart.o(.data)
    USART_RX_STA                             0x2000002c   Data           2  usart.o(.data)
    g_kp_x                                   0x20000030   Data           4  task_control.o(.data)
    g_ki_x                                   0x20000034   Data           4  task_control.o(.data)
    g_kd_x                                   0x20000038   Data           4  task_control.o(.data)
    g_kp_ax                                  0x2000003c   Data           4  task_control.o(.data)
    g_ki_ax                                  0x20000040   Data           4  task_control.o(.data)
    g_kd_ax                                  0x20000044   Data           4  task_control.o(.data)
    g_anti_x                                 0x20000048   Data           4  task_control.o(.data)
    g_IntegralLimit_x                        0x2000004c   Data           4  task_control.o(.data)
    g_maxout_x                               0x20000050   Data           4  task_control.o(.data)
    g_kp_y                                   0x20000054   Data           4  task_control.o(.data)
    g_ki_y                                   0x20000058   Data           4  task_control.o(.data)
    g_kd_y                                   0x2000005c   Data           4  task_control.o(.data)
    g_kp_ay                                  0x20000060   Data           4  task_control.o(.data)
    g_ki_ay                                  0x20000064   Data           4  task_control.o(.data)
    g_kd_ay                                  0x20000068   Data           4  task_control.o(.data)
    g_anti_y                                 0x2000006c   Data           4  task_control.o(.data)
    g_IntegralLimit_y                        0x20000070   Data           4  task_control.o(.data)
    g_maxout_y                               0x20000074   Data           4  task_control.o(.data)
    g_target_x                               0x20000078   Data           4  task_control.o(.data)
    g_target_y                               0x2000007c   Data           4  task_control.o(.data)
    g_deadband_y                             0x20000080   Data           4  task_control.o(.data)
    g_deadband_x                             0x20000084   Data           4  task_control.o(.data)
    g_kp_m                                   0x20000088   Data           4  task_control.o(.data)
    g_ki_m                                   0x2000008c   Data           4  task_control.o(.data)
    g_kd_m                                   0x20000090   Data           4  task_control.o(.data)
    g_alpha_y                                0x20000094   Data           4  task_control.o(.data)
    g_alpha_x                                0x20000098   Data           4  task_control.o(.data)
    xHandleTaskPCParse                       0x2000009c   Data           4  task_vision.o(.data)
    pxCurrentTCB                             0x200000b8   Data           4  tasks.o(.data)
    g_can1_receive_str                       0x2000012c   Data          20  stm32f4xx_it.o(.bss)
    USART_RX_BUF                             0x20000188   Data         200  usart.o(.bss)
    g_dma_judge_receive_buff                 0x20000250   Data          10  bsp_dma.o(.bss)
    g_dma_judge_send_buff                    0x2000025a   Data          10  bsp_dma.o(.bss)
    g_dma_vision_send_buff                   0x20000264   Data          30  bsp_dma.o(.bss)
    g_dma_vision_receice_buff                0x20000282   Data          30  bsp_dma.o(.bss)
    g_ball_move                              0x200002a0   Data        1324  task_control.o(.bss)
    g_vision_data                            0x200007cc   Data          40  task_vision.o(.bss)
    g_xspeed_low_filter                      0x200007f4   Data          16  task_vision.o(.bss)
    g_yspeed_low_filter                      0x20000804   Data          16  task_vision.o(.bss)
    xQueueRegistry                           0x200008dc   Data          64  queue.o(.bss)
    __libspace_start                         0x20013544   Data          96  libspace.o(.bss)
    __temporary_stack_top$libspace           0x200135a4   Data           0  libspace.o(.bss)



==============================================================================

Memory Map of the image

  Image Entry point : 0x080001ad

  Load Region LR_IROM1 (Base: 0x08000000, Size: 0x00004d64, Max: 0x00200000, ABSOLUTE, COMPRESSED[0x00004c80])

    Execution Region ER_IROM1 (Exec base: 0x08000000, Load base: 0x08000000, Size: 0x00004c38, Max: 0x00200000, ABSOLUTE)

    Exec Addr    Load Addr    Size         Type   Attr      Idx    E Section Name        Object

    0x08000000   0x08000000   0x000001ac   Data   RO          812    RESET               startup_stm32f427xx.o
    0x080001ac   0x080001ac   0x00000008   Code   RO         6514  * !!!main             c_w.l(__main.o)
    0x080001b4   0x080001b4   0x00000034   Code   RO         7127    !!!scatter          c_w.l(__scatter.o)
    0x080001e8   0x080001e8   0x0000005a   Code   RO         7125    !!dczerorl2         c_w.l(__dczerorl2.o)
    0x08000242   0x08000242   0x00000002   PAD
    0x08000244   0x08000244   0x0000001c   Code   RO         7129    !!handler_zi        c_w.l(__scatter_zi.o)
    0x08000260   0x08000260   0x00000002   Code   RO         6991    .ARM.Collect$$libinit$$00000000  c_w.l(libinit.o)
    0x08000262   0x08000262   0x00000004   Code   RO         6992    .ARM.Collect$$libinit$$00000001  c_w.l(libinit2.o)
    0x08000266   0x08000266   0x00000000   Code   RO         6995    .ARM.Collect$$libinit$$00000004  c_w.l(libinit2.o)
    0x08000266   0x08000266   0x00000000   Code   RO         6998    .ARM.Collect$$libinit$$0000000A  c_w.l(libinit2.o)
    0x08000266   0x08000266   0x00000000   Code   RO         7000    .ARM.Collect$$libinit$$0000000C  c_w.l(libinit2.o)
    0x08000266   0x08000266   0x00000000   Code   RO         7002    .ARM.Collect$$libinit$$0000000E  c_w.l(libinit2.o)
    0x08000266   0x08000266   0x00000000   Code   RO         7005    .ARM.Collect$$libinit$$00000011  c_w.l(libinit2.o)
    0x08000266   0x08000266   0x00000000   Code   RO         7007    .ARM.Collect$$libinit$$00000013  c_w.l(libinit2.o)
    0x08000266   0x08000266   0x00000000   Code   RO         7009    .ARM.Collect$$libinit$$00000015  c_w.l(libinit2.o)
    0x08000266   0x08000266   0x00000000   Code   RO         7011    .ARM.Collect$$libinit$$00000017  c_w.l(libinit2.o)
    0x08000266   0x08000266   0x00000000   Code   RO         7013    .ARM.Collect$$libinit$$00000019  c_w.l(libinit2.o)
    0x08000266   0x08000266   0x00000000   Code   RO         7015    .ARM.Collect$$libinit$$0000001B  c_w.l(libinit2.o)
    0x08000266   0x08000266   0x00000000   Code   RO         7017    .ARM.Collect$$libinit$$0000001D  c_w.l(libinit2.o)
    0x08000266   0x08000266   0x00000000   Code   RO         7019    .ARM.Collect$$libinit$$0000001F  c_w.l(libinit2.o)
    0x08000266   0x08000266   0x00000000   Code   RO         7021    .ARM.Collect$$libinit$$00000021  c_w.l(libinit2.o)
    0x08000266   0x08000266   0x00000000   Code   RO         7023    .ARM.Collect$$libinit$$00000023  c_w.l(libinit2.o)
    0x08000266   0x08000266   0x00000000   Code   RO         7025    .ARM.Collect$$libinit$$00000025  c_w.l(libinit2.o)
    0x08000266   0x08000266   0x00000000   Code   RO         7029    .ARM.Collect$$libinit$$0000002C  c_w.l(libinit2.o)
    0x08000266   0x08000266   0x00000000   Code   RO         7031    .ARM.Collect$$libinit$$0000002E  c_w.l(libinit2.o)
    0x08000266   0x08000266   0x00000000   Code   RO         7033    .ARM.Collect$$libinit$$00000030  c_w.l(libinit2.o)
    0x08000266   0x08000266   0x00000000   Code   RO         7035    .ARM.Collect$$libinit$$00000032  c_w.l(libinit2.o)
    0x08000266   0x08000266   0x00000002   Code   RO         7036    .ARM.Collect$$libinit$$00000033  c_w.l(libinit2.o)
    0x08000268   0x08000268   0x00000002   Code   RO         7085    .ARM.Collect$$libshutdown$$00000000  c_w.l(libshutdown.o)
    0x0800026a   0x0800026a   0x00000000   Code   RO         7094    .ARM.Collect$$libshutdown$$00000002  c_w.l(libshutdown2.o)
    0x0800026a   0x0800026a   0x00000000   Code   RO         7096    .ARM.Collect$$libshutdown$$00000004  c_w.l(libshutdown2.o)
    0x0800026a   0x0800026a   0x00000000   Code   RO         7099    .ARM.Collect$$libshutdown$$00000007  c_w.l(libshutdown2.o)
    0x0800026a   0x0800026a   0x00000000   Code   RO         7102    .ARM.Collect$$libshutdown$$0000000A  c_w.l(libshutdown2.o)
    0x0800026a   0x0800026a   0x00000000   Code   RO         7104    .ARM.Collect$$libshutdown$$0000000C  c_w.l(libshutdown2.o)
    0x0800026a   0x0800026a   0x00000000   Code   RO         7107    .ARM.Collect$$libshutdown$$0000000F  c_w.l(libshutdown2.o)
    0x0800026a   0x0800026a   0x00000002   Code   RO         7108    .ARM.Collect$$libshutdown$$00000010  c_w.l(libshutdown2.o)
    0x0800026c   0x0800026c   0x00000000   Code   RO         6766    .ARM.Collect$$rtentry$$00000000  c_w.l(__rtentry.o)
    0x0800026c   0x0800026c   0x00000000   Code   RO         6894    .ARM.Collect$$rtentry$$00000002  c_w.l(__rtentry2.o)
    0x0800026c   0x0800026c   0x00000006   Code   RO         6906    .ARM.Collect$$rtentry$$00000004  c_w.l(__rtentry4.o)
    0x08000272   0x08000272   0x00000000   Code   RO         6896    .ARM.Collect$$rtentry$$00000009  c_w.l(__rtentry2.o)
    0x08000272   0x08000272   0x00000004   Code   RO         6897    .ARM.Collect$$rtentry$$0000000A  c_w.l(__rtentry2.o)
    0x08000276   0x08000276   0x00000000   Code   RO         6899    .ARM.Collect$$rtentry$$0000000C  c_w.l(__rtentry2.o)
    0x08000276   0x08000276   0x00000008   Code   RO         6900    .ARM.Collect$$rtentry$$0000000D  c_w.l(__rtentry2.o)
    0x0800027e   0x0800027e   0x00000002   Code   RO         7039    .ARM.Collect$$rtexit$$00000000  c_w.l(rtexit.o)
    0x08000280   0x08000280   0x00000000   Code   RO         7055    .ARM.Collect$$rtexit$$00000002  c_w.l(rtexit2.o)
    0x08000280   0x08000280   0x00000004   Code   RO         7056    .ARM.Collect$$rtexit$$00000003  c_w.l(rtexit2.o)
    0x08000284   0x08000284   0x00000006   Code   RO         7057    .ARM.Collect$$rtexit$$00000004  c_w.l(rtexit2.o)
    0x0800028a   0x0800028a   0x00000002   PAD
    0x0800028c   0x0800028c   0x000000be   Code   RO         4057    .emb_text           port.o
    0x0800034a   0x0800034a   0x00000002   PAD
    0x0800034c   0x0800034c   0x00000040   Code   RO          813    .text               startup_stm32f427xx.o
    0x0800038c   0x0800038c   0x00000002   Code   RO         6433    .text               c_w.l(use_no_semi_2.o)
    0x0800038e   0x0800038e   0x0000008a   Code   RO         6500    .text               c_w.l(rt_memcpy_v6.o)
    0x08000418   0x08000418   0x00000064   Code   RO         6502    .text               c_w.l(rt_memcpy_w.o)
    0x0800047c   0x0800047c   0x00000010   Code   RO         6506    .text               c_w.l(aeabi_memset.o)
    0x0800048c   0x0800048c   0x00000044   Code   RO         6508    .text               c_w.l(rt_memclr.o)
    0x080004d0   0x080004d0   0x0000004e   Code   RO         6510    .text               c_w.l(rt_memclr_w.o)
    0x0800051e   0x0800051e   0x00000006   Code   RO         6512    .text               c_w.l(heapauxi.o)
    0x08000524   0x08000524   0x00000002   Code   RO         6764    .text               c_w.l(use_no_semi.o)
    0x08000526   0x08000526   0x00000002   PAD
    0x08000528   0x08000528   0x00000008   Code   RO         6973    .text               c_w.l(libspace.o)
    0x08000530   0x08000530   0x0000004a   Code   RO         6976    .text               c_w.l(sys_stackheap_outer.o)
    0x0800057a   0x0800057a   0x00000012   Code   RO         6982    .text               c_w.l(exit.o)
    0x0800058c   0x0800058c   0x00000004   Code   RO          230    i.BusFault_Handler  stm32f4xx_it.o
    0x08000590   0x08000590   0x00000098   Code   RO          231    i.CAN1_RX0_IRQHandler  stm32f4xx_it.o
    0x08000628   0x08000628   0x0000001c   Code   RO          232    i.CAN1_TX_IRQHandler  stm32f4xx_it.o
    0x08000644   0x08000644   0x000000a8   Code   RO         2974    i.CAN_ClearITPendingBit  stm32f4xx_can.o
    0x080006ec   0x080006ec   0x00000108   Code   RO         2978    i.CAN_FilterInit    stm32f4xx_can.o
    0x080007f4   0x080007f4   0x00000120   Code   RO         2980    i.CAN_GetITStatus   stm32f4xx_can.o
    0x08000914   0x08000914   0x00000012   Code   RO         2984    i.CAN_ITConfig      stm32f4xx_can.o
    0x08000926   0x08000926   0x00000114   Code   RO         2985    i.CAN_Init          stm32f4xx_can.o
    0x08000a3a   0x08000a3a   0x000000f0   Code   RO         2988    i.CAN_Receive       stm32f4xx_can.o
    0x08000b2a   0x08000b2a   0x00000126   Code   RO         2993    i.CAN_Transmit      stm32f4xx_can.o
    0x08000c50   0x08000c50   0x00000012   Code   RO         2996    i.CheckITStatus     stm32f4xx_can.o
    0x08000c62   0x08000c62   0x00000002   PAD
    0x08000c64   0x08000c64   0x00000028   Code   RO          233    i.DMA1_Stream0_IRQHandler  stm32f4xx_it.o
    0x08000c8c   0x08000c8c   0x00000020   Code   RO          234    i.DMA2_Stream7_IRQHandler  stm32f4xx_it.o
    0x08000cac   0x08000cac   0x00000034   Code   RO         2844    i.DMA_ClearFlag     stm32f4xx_dma.o
    0x08000ce0   0x08000ce0   0x00000034   Code   RO         2845    i.DMA_ClearITPendingBit  stm32f4xx_dma.o
    0x08000d14   0x08000d14   0x00000016   Code   RO         2846    i.DMA_Cmd           stm32f4xx_dma.o
    0x08000d2a   0x08000d2a   0x00000002   PAD
    0x08000d2c   0x08000d2c   0x00000158   Code   RO         2847    i.DMA_DeInit        stm32f4xx_dma.o
    0x08000e84   0x08000e84   0x00000014   Code   RO         2851    i.DMA_GetCmdStatus  stm32f4xx_dma.o
    0x08000e98   0x08000e98   0x00000008   Code   RO         2852    i.DMA_GetCurrDataCounter  stm32f4xx_dma.o
    0x08000ea0   0x08000ea0   0x00000044   Code   RO         2855    i.DMA_GetFlagStatus  stm32f4xx_dma.o
    0x08000ee4   0x08000ee4   0x00000064   Code   RO         2856    i.DMA_GetITStatus   stm32f4xx_dma.o
    0x08000f48   0x08000f48   0x0000003a   Code   RO         2857    i.DMA_ITConfig      stm32f4xx_dma.o
    0x08000f82   0x08000f82   0x00000002   PAD
    0x08000f84   0x08000f84   0x00000058   Code   RO         2858    i.DMA_Init          stm32f4xx_dma.o
    0x08000fdc   0x08000fdc   0x00000004   Code   RO         2861    i.DMA_SetCurrDataCounter  stm32f4xx_dma.o
    0x08000fe0   0x08000fe0   0x00000002   Code   RO          235    i.DebugMon_Handler  stm32f4xx_it.o
    0x08000fe2   0x08000fe2   0x00000090   Code   RO         1607    i.GPIO_Init         stm32f4xx_gpio.o
    0x08001072   0x08001072   0x00000046   Code   RO         1608    i.GPIO_PinAFConfig  stm32f4xx_gpio.o
    0x080010b8   0x080010b8   0x00000004   Code   RO         1614    i.GPIO_ResetBits    stm32f4xx_gpio.o
    0x080010bc   0x080010bc   0x00000004   Code   RO         1615    i.GPIO_SetBits      stm32f4xx_gpio.o
    0x080010c0   0x080010c0   0x00000004   Code   RO          236    i.HardFault_Handler  stm32f4xx_it.o
    0x080010c4   0x080010c4   0x00000004   Code   RO          237    i.MemManage_Handler  stm32f4xx_it.o
    0x080010c8   0x080010c8   0x00000002   Code   RO          238    i.NMI_Handler       stm32f4xx_it.o
    0x080010ca   0x080010ca   0x00000002   PAD
    0x080010cc   0x080010cc   0x00000078   Code   RO         1562    i.NVIC_Init         misc.o
    0x08001144   0x08001144   0x00000014   Code   RO         1563    i.NVIC_PriorityGroupConfig  misc.o
    0x08001158   0x08001158   0x00000020   Code   RO         1704    i.RCC_AHB1PeriphClockCmd  stm32f4xx_rcc.o
    0x08001178   0x08001178   0x00000020   Code   RO         1713    i.RCC_APB1PeriphClockCmd  stm32f4xx_rcc.o
    0x08001198   0x08001198   0x00000020   Code   RO         1715    i.RCC_APB1PeriphResetCmd  stm32f4xx_rcc.o
    0x080011b8   0x080011b8   0x00000020   Code   RO         1716    i.RCC_APB2PeriphClockCmd  stm32f4xx_rcc.o
    0x080011d8   0x080011d8   0x00000020   Code   RO         1718    i.RCC_APB2PeriphResetCmd  stm32f4xx_rcc.o
    0x080011f8   0x080011f8   0x000000e8   Code   RO         1725    i.RCC_GetClocksFreq  stm32f4xx_rcc.o
    0x080012e0   0x080012e0   0x00000120   Code   RO          491    i.SetSysClock       system_stm32f4xx.o
    0x08001400   0x08001400   0x00000028   Code   RO         1566    i.SysTick_CLKSourceConfig  misc.o
    0x08001428   0x08001428   0x00000010   Code   RO          631    i.SysTick_Handler   delay.o
    0x08001438   0x08001438   0x00000068   Code   RO          493    i.SystemInit        system_stm32f4xx.o
    0x080014a0   0x080014a0   0x0000009c   Code   RO          239    i.UART8_IRQHandler  stm32f4xx_it.o
    0x0800153c   0x0800153c   0x00000088   Code   RO          754    i.USART3_IRQHandler  usart.o
    0x080015c4   0x080015c4   0x00000038   Code   RO          240    i.USART6_DMA_SendData  stm32f4xx_it.o
    0x080015fc   0x080015fc   0x000000ac   Code   RO          241    i.USART6_IRQHandler  stm32f4xx_it.o
    0x080016a8   0x080016a8   0x00000018   Code   RO         2098    i.USART_Cmd         stm32f4xx_usart.o
    0x080016c0   0x080016c0   0x00000012   Code   RO         2099    i.USART_DMACmd      stm32f4xx_usart.o
    0x080016d2   0x080016d2   0x00000002   PAD
    0x080016d4   0x080016d4   0x000000f0   Code   RO         2100    i.USART_DeInit      stm32f4xx_usart.o
    0x080017c4   0x080017c4   0x00000054   Code   RO         2102    i.USART_GetITStatus  stm32f4xx_usart.o
    0x08001818   0x08001818   0x0000004a   Code   RO         2104    i.USART_ITConfig    stm32f4xx_usart.o
    0x08001862   0x08001862   0x00000002   PAD
    0x08001864   0x08001864   0x000000d4   Code   RO         2105    i.USART_Init        stm32f4xx_usart.o
    0x08001938   0x08001938   0x0000000a   Code   RO         2112    i.USART_ReceiveData  stm32f4xx_usart.o
    0x08001942   0x08001942   0x00000004   Code   RO          242    i.UsageFault_Handler  stm32f4xx_it.o
    0x08001946   0x08001946   0x00000004   Code   RO          755    i._sys_exit         usart.o
    0x0800194a   0x0800194a   0x0000002e   Code   RO         1173    i.abs_limit         driver_control.o
    0x08001978   0x08001978   0x0000002e   Code   RO         1514    i.amplitude_limit   user_math.o
    0x080019a6   0x080019a6   0x00000002   PAD
    0x080019a8   0x080019a8   0x00000088   Code   RO          961    i.bsp_can_init      bsp_can.o
    0x08001a30   0x08001a30   0x000001b4   Code   RO          911    i.bsp_dma_init      bsp_dma.o
    0x08001be4   0x08001be4   0x00000220   Code   RO          839    i.bsp_gpio_init     bsp_gpio.o
    0x08001e04   0x08001e04   0x000000ec   Code   RO          984    i.bsp_nvic_init     bsp_nvic.o
    0x08001ef0   0x08001ef0   0x000000a8   Code   RO          888    i.bsp_usart_init    bsp_uart.o
    0x08001f98   0x08001f98   0x00000042   Code   RO         1075    i.control_pid_calculate  task_control.o
    0x08001fda   0x08001fda   0x00000002   PAD
    0x08001fdc   0x08001fdc   0x00000180   Code   RO         1076    i.control_task      task_control.o
    0x0800215c   0x0800215c   0x00000148   Code   RO         1077    i.control_task_init  task_control.o
    0x080022a4   0x080022a4   0x00000040   Code   RO         1175    i.dead_limit        driver_control.o
    0x080022e4   0x080022e4   0x00000044   Code   RO          632    i.delay_init        delay.o
    0x08002328   0x08002328   0x00000040   Code   RO          633    i.delay_ms          delay.o
    0x08002368   0x08002368   0x00000048   Code   RO          634    i.delay_us          delay.o
    0x080023b0   0x080023b0   0x0000008c   Code   RO         1484    i.encoder_data_handler  driver_encoder.o
    0x0800243c   0x0800243c   0x0000004c   Code   RO         1252    i.first_order_low_pass_filter  driver_filter.o
    0x08002488   0x08002488   0x00000008   Code   RO          243    i.get_bull_xmotor_measure_point  stm32f4xx_it.o
    0x08002490   0x08002490   0x00000008   Code   RO          244    i.get_bull_ymotor_measure_point  stm32f4xx_it.o
    0x08002498   0x08002498   0x00000010   Code   RO         1485    i.get_moto_offset   driver_encoder.o
    0x080024a8   0x080024a8   0x00000020   Code   RO         1007    i.led1_task         task_led.o
    0x080024c8   0x080024c8   0x0000003c   Code   RO            3    i.main              main.o
    0x08002504   0x08002504   0x0000059c   Code   RO         1178    i.pid_calculate     driver_control.o
    0x08002aa0   0x08002aa0   0x0000001e   Code   RO         1180    i.pid_param_init    driver_control.o
    0x08002abe   0x08002abe   0x0000000e   Code   RO         1181    i.pid_reset         driver_control.o
    0x08002acc   0x08002acc   0x0000005c   Code   RO         1182    i.pid_struct_init   driver_control.o
    0x08002b28   0x08002b28   0x00000098   Code   RO         3135    i.prvAddCurrentTaskToDelayedList  tasks.o
    0x08002bc0   0x08002bc0   0x000000b8   Code   RO         3136    i.prvAddNewTaskToReadyList  tasks.o
    0x08002c78   0x08002c78   0x00000064   Code   RO         3771    i.prvCheckForValidListAndQueue  timers.o
    0x08002cdc   0x08002cdc   0x00000048   Code   RO         3137    i.prvCheckTasksWaitingTermination  tasks.o
    0x08002d24   0x08002d24   0x0000002a   Code   RO         3554    i.prvCopyDataFromQueue  queue.o
    0x08002d4e   0x08002d4e   0x0000007e   Code   RO         3555    i.prvCopyDataToQueue  queue.o
    0x08002dcc   0x08002dcc   0x00000012   Code   RO         3138    i.prvDeleteTCB      tasks.o
    0x08002dde   0x08002dde   0x00000002   PAD
    0x08002de0   0x08002de0   0x00000028   Code   RO         3772    i.prvGetNextExpireTime  timers.o
    0x08002e08   0x08002e08   0x0000007c   Code   RO         4008    i.prvHeapInit       heap_4.o
    0x08002e84   0x08002e84   0x00000028   Code   RO         3139    i.prvIdleTask       tasks.o
    0x08002eac   0x08002eac   0x0000002a   Code   RO         3558    i.prvInitialiseNewQueue  queue.o
    0x08002ed6   0x08002ed6   0x000000cc   Code   RO         3140    i.prvInitialiseNewTask  tasks.o
    0x08002fa2   0x08002fa2   0x00000002   PAD
    0x08002fa4   0x08002fa4   0x00000068   Code   RO         3141    i.prvInitialiseTaskLists  tasks.o
    0x0800300c   0x0800300c   0x00000068   Code   RO         4009    i.prvInsertBlockIntoFreeList  heap_4.o
    0x08003074   0x08003074   0x00000058   Code   RO         3774    i.prvInsertTimerInActiveList  timers.o
    0x080030cc   0x080030cc   0x0000001a   Code   RO         3559    i.prvIsQueueEmpty   queue.o
    0x080030e6   0x080030e6   0x0000001e   Code   RO         3560    i.prvIsQueueFull    queue.o
    0x08003104   0x08003104   0x00000064   Code   RO         3775    i.prvProcessExpiredTimer  timers.o
    0x08003168   0x08003168   0x000000f4   Code   RO         3776    i.prvProcessReceivedCommands  timers.o
    0x0800325c   0x0800325c   0x00000074   Code   RO         3777    i.prvProcessTimerOrBlockTask  timers.o
    0x080032d0   0x080032d0   0x00000034   Code   RO         3143    i.prvResetNextTaskUnblockTime  tasks.o
    0x08003304   0x08003304   0x0000002c   Code   RO         3778    i.prvSampleTimeNow  timers.o
    0x08003330   0x08003330   0x000000a0   Code   RO         3779    i.prvSwitchTimerLists  timers.o
    0x080033d0   0x080033d0   0x00000040   Code   RO         4058    i.prvTaskExitError  port.o
    0x08003410   0x08003410   0x0000001a   Code   RO         3780    i.prvTimerTask      timers.o
    0x0800342a   0x0800342a   0x0000007e   Code   RO         3561    i.prvUnlockQueue    queue.o
    0x080034a8   0x080034a8   0x0000013c   Code   RO         4010    i.pvPortMalloc      heap_4.o
    0x080035e4   0x080035e4   0x0000002c   Code   RO         4059    i.pxPortInitialiseStack  port.o
    0x08003610   0x08003610   0x00000058   Code   RO         1078    i.set_motor_current  task_control.o
    0x08003668   0x08003668   0x0000006c   Code   RO         1079    i.set_motor_target  task_control.o
    0x080036d4   0x080036d4   0x00000090   Code   RO            4    i.start_task        main.o
    0x08003764   0x08003764   0x0000003c   Code   RO          819    i.system_init       bsp_system.o
    0x080037a0   0x080037a0   0x000000a8   Code   RO         1080    i.task_data_update  task_control.o
    0x08003848   0x08003848   0x00000028   Code   RO         3514    i.uxListRemove      list.o
    0x08003870   0x08003870   0x0000001a   Code   RO         3515    i.vListInitialise   list.o
    0x0800388a   0x0800388a   0x00000006   Code   RO         3516    i.vListInitialiseItem  list.o
    0x08003890   0x08003890   0x00000034   Code   RO         3517    i.vListInsert       list.o
    0x080038c4   0x080038c4   0x00000018   Code   RO         3518    i.vListInsertEnd    list.o
    0x080038dc   0x080038dc   0x00000054   Code   RO         4061    i.vPortEnterCritical  port.o
    0x08003930   0x08003930   0x0000003c   Code   RO         4062    i.vPortExitCritical  port.o
    0x0800396c   0x0800396c   0x00000094   Code   RO         4011    i.vPortFree         heap_4.o
    0x08003a00   0x08003a00   0x00000028   Code   RO         4063    i.vPortSetupTimerInterrupt  port.o
    0x08003a28   0x08003a28   0x00000078   Code   RO         4064    i.vPortValidateInterruptPriority  port.o
    0x08003aa0   0x08003aa0   0x0000002c   Code   RO         3567    i.vQueueAddToRegistry  queue.o
    0x08003acc   0x08003acc   0x0000004a   Code   RO         3571    i.vQueueWaitForMessageRestricted  queue.o
    0x08003b16   0x08003b16   0x00000002   PAD
    0x08003b18   0x08003b18   0x0000005c   Code   RO         3154    i.vTaskDelay        tasks.o
    0x08003b74   0x08003b74   0x000000f4   Code   RO         3156    i.vTaskDelete       tasks.o
    0x08003c68   0x08003c68   0x00000018   Code   RO         3159    i.vTaskInternalSetTimeOutState  tasks.o
    0x08003c80   0x08003c80   0x0000000c   Code   RO         3160    i.vTaskMissedYield  tasks.o
    0x08003c8c   0x08003c8c   0x00000038   Code   RO         3162    i.vTaskPlaceOnEventList  tasks.o
    0x08003cc4   0x08003cc4   0x00000040   Code   RO         3163    i.vTaskPlaceOnEventListRestricted  tasks.o
    0x08003d04   0x08003d04   0x00000094   Code   RO         3171    i.vTaskStartScheduler  tasks.o
    0x08003d98   0x08003d98   0x00000010   Code   RO         3173    i.vTaskSuspendAll   tasks.o
    0x08003da8   0x08003da8   0x0000008c   Code   RO         3174    i.vTaskSwitchContext  tasks.o
    0x08003e34   0x08003e34   0x00000130   Code   RO         1127    i.vision_receive_data  task_vision.o
    0x08003f64   0x08003f64   0x00000058   Code   RO         1129    i.vision_task       task_vision.o
    0x08003fbc   0x08003fbc   0x00000168   Code   RO         4065    i.xPortStartScheduler  port.o
    0x08004124   0x08004124   0x00000034   Code   RO         4066    i.xPortSysTickHandler  port.o
    0x08004158   0x08004158   0x0000005a   Code   RO         3574    i.xQueueGenericCreate  queue.o
    0x080041b2   0x080041b2   0x00000002   PAD
    0x080041b4   0x080041b4   0x00000098   Code   RO         3575    i.xQueueGenericReset  queue.o
    0x0800424c   0x0800424c   0x000001a8   Code   RO         3576    i.xQueueGenericSend  queue.o
    0x080043f4   0x080043f4   0x000000f8   Code   RO         3577    i.xQueueGenericSendFromISR  queue.o
    0x080044ec   0x080044ec   0x00000168   Code   RO         3584    i.xQueueReceive     queue.o
    0x08004654   0x08004654   0x0000008c   Code   RO         3175    i.xTaskCheckForTimeOut  tasks.o
    0x080046e0   0x080046e0   0x00000060   Code   RO         3176    i.xTaskCreate       tasks.o
    0x08004740   0x08004740   0x00000020   Code   RO         3180    i.xTaskGetSchedulerState  tasks.o
    0x08004760   0x08004760   0x0000000c   Code   RO         3181    i.xTaskGetTickCount  tasks.o
    0x0800476c   0x0800476c   0x00000148   Code   RO         3183    i.xTaskIncrementTick  tasks.o
    0x080048b4   0x080048b4   0x000000c8   Code   RO         3186    i.xTaskPriorityDisinherit  tasks.o
    0x0800497c   0x0800497c   0x00000098   Code   RO         3188    i.xTaskRemoveFromEventList  tasks.o
    0x08004a14   0x08004a14   0x00000104   Code   RO         3189    i.xTaskResumeAll    tasks.o
    0x08004b18   0x08004b18   0x00000058   Code   RO         3786    i.xTimerCreateTimerTask  timers.o
    0x08004b70   0x08004b70   0x00000084   Code   RO         3787    i.xTimerGenericCommand  timers.o
    0x08004bf4   0x08004bf4   0x0000000a   Code   RO         7050    x$fpl$fpinit        fz_wm.l(fpinit.o)
    0x08004bfe   0x08004bfe   0x00000008   Data   RO          913    .constdata          bsp_dma.o
    0x08004c06   0x08004c06   0x00000002   PAD
    0x08004c08   0x08004c08   0x00000010   Data   RO         1253    .constdata          driver_filter.o
    0x08004c18   0x08004c18   0x00000020   Data   RO         7123    Region$$Table       anon$$obj.o


    Execution Region RW_IRAM1 (Exec base: 0x20000000, Load base: 0x08004c38, Size: 0x000149a8, Max: 0x00030000, ABSOLUTE, COMPRESSED[0x00000048])

    Exec Addr    Load Addr    Size         Type   Attr      Idx    E Section Name        Object

    0x20000000   COMPRESSED   0x00000004   Data   RW            5    .data               main.o
    0x20000004   COMPRESSED   0x0000000c   Data   RW          246    .data               stm32f4xx_it.o
    0x20000010   COMPRESSED   0x00000014   Data   RW          494    .data               system_stm32f4xx.o
    0x20000024   COMPRESSED   0x00000004   Data   RW          636    .data               delay.o
    0x20000028   COMPRESSED   0x00000006   Data   RW          759    .data               usart.o
    0x2000002e   COMPRESSED   0x00000002   PAD
    0x20000030   COMPRESSED   0x0000006c   Data   RW         1082    .data               task_control.o
    0x2000009c   COMPRESSED   0x0000000c   Data   RW         1131    .data               task_vision.o
    0x200000a8   COMPRESSED   0x00000010   Data   RW         1757    .data               stm32f4xx_rcc.o
    0x200000b8   COMPRESSED   0x0000003c   Data   RW         3192    .data               tasks.o
    0x200000f4   COMPRESSED   0x00000014   Data   RW         3793    .data               timers.o
    0x20000108   COMPRESSED   0x00000018   Data   RW         4016    .data               heap_4.o
    0x20000120   COMPRESSED   0x0000000c   Data   RW         4067    .data               port.o
    0x2000012c        -       0x0000005c   Zero   RW          245    .bss                stm32f4xx_it.o
    0x20000188        -       0x000000c8   Zero   RW          758    .bss                usart.o
    0x20000250        -       0x00000050   Zero   RW          912    .bss                bsp_dma.o
    0x200002a0        -       0x0000052c   Zero   RW         1081    .bss                task_control.o
    0x200007cc        -       0x00000048   Zero   RW         1130    .bss                task_vision.o
    0x20000814        -       0x000000c8   Zero   RW         3191    .bss                tasks.o
    0x200008dc        -       0x00000040   Zero   RW         3588    .bss                queue.o
    0x2000091c        -       0x00000028   Zero   RW         3792    .bss                timers.o
    0x20000944        -       0x00012c00   Zero   RW         4015    .bss                heap_4.o
    0x20013544        -       0x00000060   Zero   RW         6974    .bss                c_w.l(libspace.o)
    0x200135a4   COMPRESSED   0x00000004   PAD
    0x200135a8        -       0x00001000   Zero   RW          811    HEAP                startup_stm32f427xx.o
    0x200145a8        -       0x00000400   Zero   RW          810    STACK               startup_stm32f427xx.o


==============================================================================

Image component sizes


      Code (inc. data)   RO Data    RW Data    ZI Data      Debug   Object Name

       136          6          0          0          0        647   bsp_can.o
       436         34          8          0         80       1825   bsp_dma.o
       544         26          0          0          0     244556   bsp_gpio.o
       236         24          0          0          0        616   bsp_nvic.o
        60          6          0          0          0        514   bsp_system.o
       168          8          0          0          0        597   bsp_uart.o
       220         18          0          4          0     245261   delay.o
      1682         18          0          0          0       5003   driver_control.o
       156          6          0          0          0       2457   driver_encoder.o
        76         10         16          0          0       2044   driver_filter.o
       692         62          0         24      76800       4315   heap_4.o
       148          0          0          0          0       3142   list.o
       204         80          0          4          0     259454   main.o
       180         24          0          0          0       2017   misc.o
      1014         92          0         12          0      11337   port.o
      1784         20          0          0         64      18322   queue.o
        64         26        428          0       5120        824   startup_stm32f427xx.o
      1566         16          0          0          0       6286   stm32f4xx_can.o
       816         86          0          0          0       8132   stm32f4xx_dma.o
       222          0          0          0          0       2807   stm32f4xx_gpio.o
       672        114          0         12         92     257989   stm32f4xx_it.o
       392         48          0         16          0       5689   stm32f4xx_rcc.o
       662         42          0          0          0       5444   stm32f4xx_usart.o
       392         32          0         20          0      42601   system_stm32f4xx.o
      1142        162          0        108       1324       5476   task_control.o
        32          4          0          0          0        508   task_led.o
       392         32          0         12         72       2195   task_vision.o
      2842        390          0         60        200      30952   tasks.o
      1138        116          0         20         40      21799   timers.o
       140         14          0          6        200       2932   usart.o
        46          0          0          0          0        554   user_math.o

    ----------------------------------------------------------------------
     18280       1516        486        300      83992    1196295   Object Totals
         0          0         32          0          0          0   (incl. Generated)
        26          0          2          2          0          0   (incl. Padding)

    ----------------------------------------------------------------------

      Code (inc. data)   RO Data    RW Data    ZI Data      Debug   Library Member Name

        90          0          0          0          0          0   __dczerorl2.o
         8          0          0          0          0         68   __main.o
         0          0          0          0          0          0   __rtentry.o
        12          0          0          0          0          0   __rtentry2.o
         6          0          0          0          0          0   __rtentry4.o
        52          8          0          0          0          0   __scatter.o
        28          0          0          0          0          0   __scatter_zi.o
        16          0          0          0          0         68   aeabi_memset.o
        18          0          0          0          0         80   exit.o
         6          0          0          0          0        152   heapauxi.o
         2          0          0          0          0          0   libinit.o
         6          0          0          0          0          0   libinit2.o
         2          0          0          0          0          0   libshutdown.o
         2          0          0          0          0          0   libshutdown2.o
         8          4          0          0         96         68   libspace.o
        68          0          0          0          0         68   rt_memclr.o
        78          0          0          0          0         80   rt_memclr_w.o
       138          0          0          0          0         68   rt_memcpy_v6.o
       100          0          0          0          0         80   rt_memcpy_w.o
         2          0          0          0          0          0   rtexit.o
        10          0          0          0          0          0   rtexit2.o
        74          0          0          0          0         80   sys_stackheap_outer.o
         2          0          0          0          0         68   use_no_semi.o
         2          0          0          0          0         68   use_no_semi_2.o
        10          0          0          0          0        116   fpinit.o

    ----------------------------------------------------------------------
       746         12          0          0        100       1064   Library Totals
         6          0          0          0          4          0   (incl. Padding)

    ----------------------------------------------------------------------

      Code (inc. data)   RO Data    RW Data    ZI Data      Debug   Library Name

       730         12          0          0         96        948   c_w.l
        10          0          0          0          0        116   fz_wm.l

    ----------------------------------------------------------------------
       746         12          0          0        100       1064   Library Totals

    ----------------------------------------------------------------------

==============================================================================


      Code (inc. data)   RO Data    RW Data    ZI Data      Debug   

     19026       1528        486        300      84092    1182543   Grand Totals
     19026       1528        486         72      84092    1182543   ELF Image Totals (compressed)
     19026       1528        486         72          0          0   ROM Totals

==============================================================================

    Total RO  Size (Code + RO Data)                19512 (  19.05kB)
    Total RW  Size (RW Data + ZI Data)             84392 (  82.41kB)
    Total ROM Size (Code + RO Data + RW Data)      19584 (  19.13kB)

==============================================================================

