Component: ARM Compiler 5.06 update 6 (build 750) Tool: armlink [4d35ed]

==============================================================================

Section Cross References

    main.o(i.main) refers to bsp_system.o(i.system_init) for system_init
    main.o(i.main) refers to delay.o(i.delay_ms) for delay_ms
    main.o(i.main) refers to tasks.o(i.xTaskCreate) for xTaskCreate
    main.o(i.main) refers to tasks.o(i.vTaskStartScheduler) for vTaskStartScheduler
    main.o(i.main) refers to main.o(.data) for g_start_task_handler
    main.o(i.main) refers to main.o(i.start_task) for start_task
    main.o(i.start_task) refers to port.o(i.vPortEnterCritical) for vPortEnterCritical
    main.o(i.start_task) refers to tasks.o(i.xTaskCreate) for xTaskCreate
    main.o(i.start_task) refers to tasks.o(i.vTaskDelete) for vTaskDelete
    main.o(i.start_task) refers to port.o(i.vPortExitCritical) for vPortExitCritical
    main.o(i.start_task) refers to task_led.o(i.led1_task) for led1_task
    main.o(i.start_task) refers to task_imu.o(i.imu_task) for imu_task
    main.o(i.start_task) refers to task_control.o(i.control_task) for control_task
    main.o(i.start_task) refers to task_vision.o(.data) for xHandleTaskPCParse
    main.o(i.start_task) refers to task_vision.o(i.vision_task) for vision_task
    main.o(i.start_task) refers to main.o(.data) for g_start_task_handler
    stm32f4xx_it.o(i.CAN1_RX0_IRQHandler) refers to stm32f4xx_can.o(i.CAN_Receive) for CAN_Receive
    stm32f4xx_it.o(i.CAN1_RX0_IRQHandler) refers to driver_encoder.o(i.encoder_data_handler) for encoder_data_handler
    stm32f4xx_it.o(i.CAN1_RX0_IRQHandler) refers to stm32f4xx_it.o(.bss) for g_can1_receive_str
    stm32f4xx_it.o(i.CAN1_TX_IRQHandler) refers to stm32f4xx_can.o(i.CAN_GetITStatus) for CAN_GetITStatus
    stm32f4xx_it.o(i.CAN1_TX_IRQHandler) refers to stm32f4xx_can.o(i.CAN_ClearITPendingBit) for CAN_ClearITPendingBit
    stm32f4xx_it.o(i.CAN2_RX1_IRQHandler) refers to stm32f4xx_can.o(i.CAN_Receive) for CAN_Receive
    stm32f4xx_it.o(i.CAN2_RX1_IRQHandler) refers to rt_memcpy_v6.o(.text) for __aeabi_memcpy
    stm32f4xx_it.o(i.CAN2_RX1_IRQHandler) refers to stm32f4xx_it.o(.bss) for g_can2_receive_str
    stm32f4xx_it.o(i.CAN2_RX1_IRQHandler) refers to task_imu.o(.bss) for g_rm_imu_data
    stm32f4xx_it.o(i.DMA1_Stream0_IRQHandler) refers to stm32f4xx_dma.o(i.DMA_GetITStatus) for DMA_GetITStatus
    stm32f4xx_it.o(i.DMA1_Stream0_IRQHandler) refers to stm32f4xx_dma.o(i.DMA_ClearITPendingBit) for DMA_ClearITPendingBit
    stm32f4xx_it.o(i.DMA1_Stream0_IRQHandler) refers to stm32f4xx_dma.o(i.DMA_Cmd) for DMA_Cmd
    stm32f4xx_it.o(i.DMA2_Stream7_IRQHandler) refers to stm32f4xx_dma.o(i.DMA_GetFlagStatus) for DMA_GetFlagStatus
    stm32f4xx_it.o(i.DMA2_Stream7_IRQHandler) refers to stm32f4xx_dma.o(i.DMA_ClearFlag) for DMA_ClearFlag
    stm32f4xx_it.o(i.EXTI0_IRQHandler) refers to stm32f4xx_it.o(i.Get_SysTimeUs) for Get_SysTimeUs
    stm32f4xx_it.o(i.EXTI0_IRQHandler) refers to dflt_clz.o(x$fpl$dflt) for __aeabi_i2d
    stm32f4xx_it.o(i.EXTI0_IRQHandler) refers to ddiv.o(x$fpl$ddiv) for __aeabi_ddiv
    stm32f4xx_it.o(i.EXTI0_IRQHandler) refers to dmul.o(x$fpl$dmul) for __aeabi_dmul
    stm32f4xx_it.o(i.EXTI0_IRQHandler) refers to d2f.o(x$fpl$d2f) for __aeabi_d2f
    stm32f4xx_it.o(i.EXTI0_IRQHandler) refers to stm32f4xx_exti.o(i.EXTI_ClearITPendingBit) for EXTI_ClearITPendingBit
    stm32f4xx_it.o(i.EXTI0_IRQHandler) refers to stm32f4xx_it.o(.data) for g_second_time
    stm32f4xx_it.o(i.EXTI1_IRQHandler) refers to stm32f4xx_it.o(i.Get_SysTimeUs) for Get_SysTimeUs
    stm32f4xx_it.o(i.EXTI1_IRQHandler) refers to stm32f4xx_exti.o(i.EXTI_ClearITPendingBit) for EXTI_ClearITPendingBit
    stm32f4xx_it.o(i.EXTI1_IRQHandler) refers to stm32f4xx_it.o(.data) for g_first_time
    stm32f4xx_it.o(i.Get_SysTimeUs) refers to tasks.o(i.xTaskGetTickCount) for xTaskGetTickCount
    stm32f4xx_it.o(i.UART8_IRQHandler) refers to stm32f4xx_usart.o(i.USART_GetITStatus) for USART_GetITStatus
    stm32f4xx_it.o(i.UART8_IRQHandler) refers to stm32f4xx_dma.o(i.DMA_Cmd) for DMA_Cmd
    stm32f4xx_it.o(i.UART8_IRQHandler) refers to stm32f4xx_dma.o(i.DMA_GetCurrDataCounter) for DMA_GetCurrDataCounter
    stm32f4xx_it.o(i.UART8_IRQHandler) refers to stm32f4xx_dma.o(i.DMA_GetCmdStatus) for DMA_GetCmdStatus
    stm32f4xx_it.o(i.UART8_IRQHandler) refers to stm32f4xx_dma.o(i.DMA_SetCurrDataCounter) for DMA_SetCurrDataCounter
    stm32f4xx_it.o(i.UART8_IRQHandler) refers to stm32f4xx_dma.o(i.DMA_ClearFlag) for DMA_ClearFlag
    stm32f4xx_it.o(i.UART8_IRQHandler) refers to bsp_dma.o(.constdata) for DMA_VISION_RECEIVE_BUF_SIZE
    stm32f4xx_it.o(i.USART6_DMA_SendData) refers to stm32f4xx_dma.o(i.DMA_Cmd) for DMA_Cmd
    stm32f4xx_it.o(i.USART6_DMA_SendData) refers to stm32f4xx_dma.o(i.DMA_GetCmdStatus) for DMA_GetCmdStatus
    stm32f4xx_it.o(i.USART6_DMA_SendData) refers to stm32f4xx_dma.o(i.DMA_SetCurrDataCounter) for DMA_SetCurrDataCounter
[...]
    __alloca_initialize                       - Undefined Weak Reference
    __arm_preinit_                            - Undefined Weak Reference
    __cpp_initialize__aeabi_                  - Undefined Weak Reference
    __cxa_finalize                            - Undefined Weak Reference
    __sigvec_lookup                           - Undefined Weak Reference
    _atexit_init                              - Undefined Weak Reference
    _call_atexit_fns                          - Undefined Weak Reference
    _clock_init                               - Undefined Weak Reference
    _fp_trap_init                             - Undefined Weak Reference
    _fp_trap_shutdown                         - Undefined Weak Reference
    _get_lc_collate                           - Undefined Weak Reference
    _get_lc_monetary                          - Undefined Weak Reference
    _get_lc_time                              - Undefined Weak Reference
    _getenv_init                              - Undefined Weak Reference
    _handle_redirection                       - Undefined Weak Reference
    _init_alloc                               - Undefined Weak Reference
    _init_user_alloc                          - Undefined Weak Reference
    _initio                                   - Undefined Weak Reference
    _mutex_acquire                            - Undefined Weak Reference
    _mutex_release                            - Undefined Weak Reference
    _printf_mbtowc                            - Undefined Weak Reference
    _printf_wc                                - Undefined Weak Reference
    _rand_init                                - Undefined Weak Reference
    _signal_finish                            - Undefined Weak Reference
    _signal_init                              - Undefined Weak Reference
    _terminate_alloc                          - Undefined Weak Reference
    _terminate_user_alloc                     - Undefined Weak Reference
    _terminateio                              - Undefined Weak Reference
    __Vectors_Size                           0x000001ac   Number         0  startup_stm32f427xx.o ABSOLUTE
    __Vectors                                0x08000000   Data           4  startup_stm32f427xx.o(RESET)
    __Vectors_End                            0x080001ac   Data           0  startup_stm32f427xx.o(RESET)
    __main                                   0x080001ad   Thumb Code     8  __main.o(!!!main)
    __scatterload                            0x080001b5   Thumb Code     0  __scatter.o(!!!scatter)
    __scatterload_rt2                        0x080001b5   Thumb Code    44  __scatter.o(!!!scatter)
    __scatterload_rt2_thumb_only             0x080001b5   Thumb Code     0  __scatter.o(!!!scatter)
    __scatterload_null                       0x080001c3   Thumb Code     0  __scatter.o(!!!scatter)
    __scatterload_copy                       0x080001e9   Thumb Code    26  __scatter_copy.o(!!handler_copy)
    __scatterload_zeroinit                   0x08000205   Thumb Code    28  __scatter_zi.o(!!handler_zi)
    _printf_f                                0x08000221   Thumb Code     0  _printf_f.o(.ARM.Collect$$_printf_percent$$00000003)
    _printf_percent                          0x08000221   Thumb Code     0  _printf_percent.o(.ARM.Collect$$_printf_percent$$00000000)
    _printf_percent_end                      0x08000227   Thumb Code     0  _printf_percent_end.o(.ARM.Collect$$_printf_percent$$00000017)
    __rt_lib_init                            0x0800022b   Thumb Code     0  libinit.o(.ARM.Collect$$libinit$$00000000)
    __rt_lib_init_fp_1                       0x0800022d   Thumb Code     0  libinit2.o(.ARM.Collect$$libinit$$00000001)
    __rt_lib_init_heap_1                     0x08000231   Thumb Code     0  libinit2.o(.ARM.Collect$$libinit$$0000000A)
    __rt_lib_init_lc_common                  0x08000231   Thumb Code     0  libinit2.o(.ARM.Collect$$libinit$$0000000F)
    __rt_lib_init_preinit_1                  0x08000231   Thumb Code     0  libinit2.o(.ARM.Collect$$libinit$$00000004)
    __rt_lib_init_rand_1                     0x08000231   Thumb Code     0  libinit2.o(.ARM.Collect$$libinit$$0000000E)
    __rt_lib_init_user_alloc_1               0x08000231   Thumb Code     0  libinit2.o(.ARM.Collect$$libinit$$0000000C)
    __rt_lib_init_lc_collate_1               0x08000237   Thumb Code     0  libinit2.o(.ARM.Collect$$libinit$$00000011)
    __rt_lib_init_lc_ctype_1                 0x08000237   Thumb Code     0  libinit2.o(.ARM.Collect$$libinit$$00000013)
    __rt_lib_init_lc_monetary_1              0x08000237   Thumb Code     0  libinit2.o(.ARM.Collect$$libinit$$00000015)
    __rt_lib_init_lc_numeric_2               0x08000237   Thumb Code     0  libinit2.o(.ARM.Collect$$libinit$$00000016)
    __rt_lib_init_alloca_1                   0x08000241   Thumb Code     0  libinit2.o(.ARM.Collect$$libinit$$0000002E)
    __rt_lib_init_argv_1                     0x08000241   Thumb Code     0  libinit2.o(.ARM.Collect$$libinit$$0000002C)
    __rt_lib_init_atexit_1                   0x08000241   Thumb Code     0  libinit2.o(.ARM.Collect$$libinit$$0000001B)
    __rt_lib_init_clock_1                    0x08000241   Thumb Code     0  libinit2.o(.ARM.Collect$$libinit$$00000021)
    __rt_lib_init_cpp_1                      0x08000241   Thumb Code     0  libinit2.o(.ARM.Collect$$libinit$$00000032)
    __rt_lib_init_exceptions_1               0x08000241   Thumb Code     0  libinit2.o(.ARM.Collect$$libinit$$00000030)
    __rt_lib_init_fp_trap_1                  0x08000241   Thumb Code     0  libinit2.o(.ARM.Collect$$libinit$$0000001F)
    __rt_lib_init_getenv_1                   0x08000241   Thumb Code     0  libinit2.o(.ARM.Collect$$libinit$$00000023)
    __rt_lib_init_lc_numeric_1               0x08000241   Thumb Code     0  libinit2.o(.ARM.Collect$$libinit$$00000017)
    __rt_lib_init_lc_time_1                  0x08000241   Thumb Code     0  libinit2.o(.ARM.Collect$$libinit$$00000019)
    __rt_lib_init_return                     0x08000241   Thumb Code     0  libinit2.o(.ARM.Collect$$libinit$$00000033)
    __rt_lib_init_signal_1                   0x08000241   Thumb Code     0  libinit2.o(.ARM.Collect$$libinit$$0000001D)
    __rt_lib_init_stdio_1                    0x08000241   Thumb Code     0  libinit2.o(.ARM.Collect$$libinit$$00000025)
    __rt_lib_shutdown                        0x08000243   Thumb Code     0  libshutdown.o(.ARM.Collect$$libshutdown$$00000000)
    __rt_lib_shutdown_cpp_1                  0x08000245   Thumb Code     0  libshutdown2.o(.ARM.Collect$$libshutdown$$00000002)
    __rt_lib_shutdown_fp_trap_1              0x08000245   Thumb Code     0  libshutdown2.o(.ARM.Collect$$libshutdown$$00000007)
    __rt_lib_shutdown_heap_1                 0x08000245   Thumb Code     0  libshutdown2.o(.ARM.Collect$$libshutdown$$0000000F)
    __rt_lib_shutdown_return                 0x08000245   Thumb Code     0  libshutdown2.o(.ARM.Collect$$libshutdown$$00000010)
    __rt_lib_shutdown_signal_1               0x08000245   Thumb Code     0  libshutdown2.o(.ARM.Collect$$libshutdown$$0000000A)
    __rt_lib_shutdown_stdio_1                0x08000245   Thumb Code     0  libshutdown2.o(.ARM.Collect$$libshutdown$$00000004)
    __rt_lib_shutdown_user_alloc_1           0x08000245   Thumb Code     0  libshutdown2.o(.ARM.Collect$$libshutdown$$0000000C)
    __rt_entry                               0x08000247   Thumb Code     0  __rtentry.o(.ARM.Collect$$rtentry$$00000000)
    __rt_entry_presh_1                       0x08000247   Thumb Code     0  __rtentry2.o(.ARM.Collect$$rtentry$$00000002)
    __rt_entry_sh                            0x08000247   Thumb Code     0  __rtentry4.o(.ARM.Collect$$rtentry$$00000004)
    __rt_entry_li                            0x0800024d   Thumb Code     0  __rtentry2.o(.ARM.Collect$$rtentry$$0000000A)
    __rt_entry_postsh_1                      0x0800024d   Thumb Code     0  __rtentry2.o(.ARM.Collect$$rtentry$$00000009)
    __rt_entry_main                          0x08000251   Thumb Code     0  __rtentry2.o(.ARM.Collect$$rtentry$$0000000D)
    __rt_entry_postli_1                      0x08000251   Thumb Code     0  __rtentry2.o(.ARM.Collect$$rtentry$$0000000C)
    __rt_exit                                0x08000259   Thumb Code     0  rtexit.o(.ARM.Collect$$rtexit$$00000000)
    __rt_exit_ls                             0x0800025b   Thumb Code     0  rtexit2.o(.ARM.Collect$$rtexit$$00000003)
    __rt_exit_prels_1                        0x0800025b   Thumb Code     0  rtexit2.o(.ARM.Collect$$rtexit$$00000002)
    __rt_exit_exit                           0x0800025f   Thumb Code     0  rtexit2.o(.ARM.Collect$$rtexit$$00000004)
    SVC_Handler                              0x08000265   Thumb Code    28  port.o(.emb_text)
    __asm___6_port_c_39a90d8d__prvStartFirstTask 0x08000285   Thumb Code    36  port.o(.emb_text)
    __asm___6_port_c_39a90d8d__prvEnableVFP  0x080002ad   Thumb Code    16  port.o(.emb_text)
    PendSV_Handler                           0x080002c1   Thumb Code    88  port.o(.emb_text)
    vPortGetIPSR                             0x0800031d   Thumb Code     6  port.o(.emb_text)
    Reset_Handler                            0x08000325   Thumb Code     8  startup_stm32f427xx.o(.text)
    ADC_IRQHandler                           0x0800033f   Thumb Code     0  startup_stm32f427xx.o(.text)
    CAN1_RX1_IRQHandler                      0x0800033f   Thumb Code     0  startup_stm32f427xx.o(.text)
    CAN1_SCE_IRQHandler                      0x0800033f   Thumb Code     0  startup_stm32f427xx.o(.text)
    CAN2_RX0_IRQHandler                      0x0800033f   Thumb Code     0  startup_stm32f427xx.o(.text)
    CAN2_SCE_IRQHandler                      0x0800033f   Thumb Code     0  startup_stm32f427xx.o(.text)
    CAN2_TX_IRQHandler                       0x0800033f   Thumb Code     0  startup_stm32f427xx.o(.text)
    DCMI_IRQHandler                          0x0800033f   Thumb Code     0  startup_stm32f427xx.o(.text)
    DMA1_Stream1_IRQHandler                  0x0800033f   Thumb Code     0  startup_stm32f427xx.o(.text)
    DMA1_Stream2_IRQHandler                  0x0800033f   Thumb Code     0  startup_stm32f427xx.o(.text)
    DMA1_Stream3_IRQHandler                  0x0800033f   Thumb Code     0  startup_stm32f427xx.o(.text)
    DMA1_Stream4_IRQHandler                  0x0800033f   Thumb Code     0  startup_stm32f427xx.o(.text)
    DMA1_Stream5_IRQHandler                  0x0800033f   Thumb Code     0  startup_stm32f427xx.o(.text)
    DMA1_Stream6_IRQHandler                  0x0800033f   Thumb Code     0  startup_stm32f427xx.o(.text)
    DMA1_Stream7_IRQHandler                  0x0800033f   Thumb Code     0  startup_stm32f427xx.o(.text)
    DMA2D_IRQHandler                         0x0800033f   Thumb Code     0  startup_stm32f427xx.o(.text)
    DMA2_Stream0_IRQHandler                  0x0800033f   Thumb Code     0  startup_stm32f427xx.o(.text)
    DMA2_Stream1_IRQHandler                  0x0800033f   Thumb Code     0  startup_stm32f427xx.o(.text)
    DMA2_Stream2_IRQHandler                  0x0800033f   Thumb Code     0  startup_stm32f427xx.o(.text)
    DMA2_Stream3_IRQHandler                  0x0800033f   Thumb Code     0  startup_stm32f427xx.o(.text)
    DMA2_Stream4_IRQHandler                  0x0800033f   Thumb Code     0  startup_stm32f427xx.o(.text)
    DMA2_Stream5_IRQHandler                  0x0800033f   Thumb Code     0  startup_stm32f427xx.o(.text)
    DMA2_Stream6_IRQHandler                  0x0800033f   Thumb Code     0  startup_stm32f427xx.o(.text)
    ETH_IRQHandler                           0x0800033f   Thumb Code     0  startup_stm32f427xx.o(.text)
    ETH_WKUP_IRQHandler                      0x0800033f   Thumb Code     0  startup_stm32f427xx.o(.text)
    EXTI15_10_IRQHandler                     0x0800033f   Thumb Code     0  startup_stm32f427xx.o(.text)
    EXTI2_IRQHandler                         0x0800033f   Thumb Code     0  startup_stm32f427xx.o(.text)
    EXTI3_IRQHandler                         0x0800033f   Thumb Code     0  startup_stm32f427xx.o(.text)
    EXTI4_IRQHandler                         0x0800033f   Thumb Code     0  startup_stm32f427xx.o(.text)
    EXTI9_5_IRQHandler                       0x0800033f   Thumb Code     0  startup_stm32f427xx.o(.text)
    FLASH_IRQHandler                         0x0800033f   Thumb Code     0  startup_stm32f427xx.o(.text)
    FMC_IRQHandler                           0x0800033f   Thumb Code     0  startup_stm32f427xx.o(.text)
    FPU_IRQHandler                           0x0800033f   Thumb Code     0  startup_stm32f427xx.o(.text)
    HASH_RNG_IRQHandler                      0x0800033f   Thumb Code     0  startup_stm32f427xx.o(.text)
    I2C1_ER_IRQHandler                       0x0800033f   Thumb Code     0  startup_stm32f427xx.o(.text)
    I2C1_EV_IRQHandler                       0x0800033f   Thumb Code     0  startup_stm32f427xx.o(.text)
    I2C2_ER_IRQHandler                       0x0800033f   Thumb Code     0  startup_stm32f427xx.o(.text)
    I2C2_EV_IRQHandler                       0x0800033f   Thumb Code     0  startup_stm32f427xx.o(.text)
    I2C3_ER_IRQHandler                       0x0800033f   Thumb Code     0  startup_stm32f427xx.o(.text)
    I2C3_EV_IRQHandler                       0x0800033f   Thumb Code     0  startup_stm32f427xx.o(.text)
    OTG_FS_IRQHandler                        0x0800033f   Thumb Code     0  startup_stm32f427xx.o(.text)
    OTG_FS_WKUP_IRQHandler                   0x0800033f   Thumb Code     0  startup_stm32f427xx.o(.text)
    OTG_HS_EP1_IN_IRQHandler                 0x0800033f   Thumb Code     0  startup_stm32f427xx.o(.text)
    OTG_HS_EP1_OUT_IRQHandler                0x0800033f   Thumb Code     0  startup_stm32f427xx.o(.text)
    OTG_HS_IRQHandler                        0x0800033f   Thumb Code     0  startup_stm32f427xx.o(.text)
    OTG_HS_WKUP_IRQHandler                   0x0800033f   Thumb Code     0  startup_stm32f427xx.o(.text)
    PVD_IRQHandler                           0x0800033f   Thumb Code     0  startup_stm32f427xx.o(.text)
    RCC_IRQHandler                           0x0800033f   Thumb Code     0  startup_stm32f427xx.o(.text)
    RTC_Alarm_IRQHandler                     0x0800033f   Thumb Code     0  startup_stm32f427xx.o(.text)
    RTC_WKUP_IRQHandler                      0x0800033f   Thumb Code     0  startup_stm32f427xx.o(.text)
    SAI1_IRQHandler                          0x0800033f   Thumb Code     0  startup_stm32f427xx.o(.text)
    SDIO_IRQHandler                          0x0800033f   Thumb Code     0  startup_stm32f427xx.o(.text)
    SPI1_IRQHandler                          0x0800033f   Thumb Code     0  startup_stm32f427xx.o(.text)
    SPI2_IRQHandler                          0x0800033f   Thumb Code     0  startup_stm32f427xx.o(.text)
    SPI3_IRQHandler                          0x0800033f   Thumb Code     0  startup_stm32f427xx.o(.text)
    SPI4_IRQHandler                          0x0800033f   Thumb Code     0  startup_stm32f427xx.o(.text)
    SPI5_IRQHandler                          0x0800033f   Thumb Code     0  startup_stm32f427xx.o(.text)
    SPI6_IRQHandler                          0x0800033f   Thumb Code     0  startup_stm32f427xx.o(.text)
    TAMP_STAMP_IRQHandler                    0x0800033f   Thumb Code     0  startup_stm32f427xx.o(.text)
    TIM1_BRK_TIM9_IRQHandler                 0x0800033f   Thumb Code     0  startup_stm32f427xx.o(.text)
    TIM1_CC_IRQHandler                       0x0800033f   Thumb Code     0  startup_stm32f427xx.o(.text)
    TIM1_TRG_COM_TIM11_IRQHandler            0x0800033f   Thumb Code     0  startup_stm32f427xx.o(.text)
    TIM1_UP_TIM10_IRQHandler                 0x0800033f   Thumb Code     0  startup_stm32f427xx.o(.text)
    TIM2_IRQHandler                          0x0800033f   Thumb Code     0  startup_stm32f427xx.o(.text)
    TIM3_IRQHandler                          0x0800033f   Thumb Code     0  startup_stm32f427xx.o(.text)
    TIM4_IRQHandler                          0x0800033f   Thumb Code     0  startup_stm32f427xx.o(.text)
    TIM5_IRQHandler                          0x0800033f   Thumb Code     0  startup_stm32f427xx.o(.text)
    TIM6_DAC_IRQHandler                      0x0800033f   Thumb Code     0  startup_stm32f427xx.o(.text)
    TIM7_IRQHandler                          0x0800033f   Thumb Code     0  startup_stm32f427xx.o(.text)
    TIM8_BRK_TIM12_IRQHandler                0x0800033f   Thumb Code     0  startup_stm32f427xx.o(.text)
    TIM8_CC_IRQHandler                       0x0800033f   Thumb Code     0  startup_stm32f427xx.o(.text)
    TIM8_TRG_COM_TIM14_IRQHandler            0x0800033f   Thumb Code     0  startup_stm32f427xx.o(.text)
    TIM8_UP_TIM13_IRQHandler                 0x0800033f   Thumb Code     0  startup_stm32f427xx.o(.text)
    UART4_IRQHandler                         0x0800033f   Thumb Code     0  startup_stm32f427xx.o(.text)
    UART5_IRQHandler                         0x0800033f   Thumb Code     0  startup_stm32f427xx.o(.text)
    UART7_IRQHandler                         0x0800033f   Thumb Code     0  startup_stm32f427xx.o(.text)
    USART1_IRQHandler                        0x0800033f   Thumb Code     0  startup_stm32f427xx.o(.text)
    USART2_IRQHandler                        0x0800033f   Thumb Code     0  startup_stm32f427xx.o(.text)
    WWDG_IRQHandler                          0x0800033f   Thumb Code     0  startup_stm32f427xx.o(.text)
    __user_initial_stackheap                 0x08000341   Thumb Code     0  startup_stm32f427xx.o(.text)
    __use_no_semihosting                     0x08000365   Thumb Code     2  use_no_semi_2.o(.text)
    __2sprintf                               0x08000369   Thumb Code    38  __2sprintf.o(.text)
    _printf_pre_padding                      0x08000395   Thumb Code    44  _printf_pad.o(.text)
    _printf_post_padding                     0x080003c1   Thumb Code    34  _printf_pad.o(.text)
    __printf                                 0x080003e5   Thumb Code   388  __printf_flags_ss_wp.o(.text)
    __aeabi_memcpy                           0x0800056d   Thumb Code     0  rt_memcpy_v6.o(.text)
    __rt_memcpy                              0x0800056d   Thumb Code   138  rt_memcpy_v6.o(.text)
    _memcpy_lastbytes                        0x080005d3   Thumb Code     0  rt_memcpy_v6.o(.text)
    __aeabi_memcpy4                          0x080005f7   Thumb Code     0  rt_memcpy_w.o(.text)
    __aeabi_memcpy8                          0x080005f7   Thumb Code     0  rt_memcpy_w.o(.text)
    __rt_memcpy_w                            0x080005f7   Thumb Code   100  rt_memcpy_w.o(.text)
    _memcpy_lastbytes_aligned                0x0800063f   Thumb Code     0  rt_memcpy_w.o(.text)
    __aeabi_memset                           0x0800065b   Thumb Code    16  aeabi_memset.o(.text)
    __aeabi_memclr                           0x0800066b   Thumb Code     0  rt_memclr.o(.text)
    __rt_memclr                              0x0800066b   Thumb Code    68  rt_memclr.o(.text)
    _memset                                  0x0800066f   Thumb Code     0  rt_memclr.o(.text)
    __aeabi_memclr4                          0x080006af   Thumb Code     0  rt_memclr_w.o(.text)
    __aeabi_memclr8                          0x080006af   Thumb Code     0  rt_memclr_w.o(.text)
    __rt_memclr_w                            0x080006af   Thumb Code    78  rt_memclr_w.o(.text)
    _memset_w                                0x080006b3   Thumb Code     0  rt_memclr_w.o(.text)
    __use_two_region_memory                  0x080006fd   Thumb Code     2  heapauxi.o(.text)
    __rt_heap_escrow$2region                 0x080006ff   Thumb Code     2  heapauxi.o(.text)
    __rt_heap_expand$2region                 0x08000701   Thumb Code     2  heapauxi.o(.text)
    __I$use$semihosting                      0x08000703   Thumb Code     0  use_no_semi.o(.text)
    __use_no_semihosting_swi                 0x08000703   Thumb Code     2  use_no_semi.o(.text)
    __read_errno                             0x08000705   Thumb Code    10  _rserrno.o(.text)
    __set_errno                              0x0800070f   Thumb Code    12  _rserrno.o(.text)
    __lib_sel_fp_printf                      0x0800071b   Thumb Code     2  _printf_fp_dec.o(.text)
    _printf_fp_dec_real                      0x080008cd   Thumb Code   620  _printf_fp_dec.o(.text)
    _printf_char_common                      0x08000b43   Thumb Code    32  _printf_char_common.o(.text)
    _sputc                                   0x08000b69   Thumb Code    10  _sputc.o(.text)
    __rt_locale                              0x08000b75   Thumb Code     8  rt_locale_intlibspace.o(.text)
    __aeabi_errno_addr                       0x08000b7d   Thumb Code     8  rt_errno_addr_intlibspace.o(.text)
    __errno$intlibspace                      0x08000b7d   Thumb Code     0  rt_errno_addr_intlibspace.o(.text)
    __rt_errno_addr$intlibspace              0x08000b7d   Thumb Code     0  rt_errno_addr_intlibspace.o(.text)
    _ll_udiv10                               0x08000b85   Thumb Code   138  lludiv10.o(.text)
    _printf_fp_infnan                        0x08000c11   Thumb Code   112  _printf_fp_infnan.o(.text)
    _btod_etento                             0x08000c91   Thumb Code   224  bigflt0.o(.text)
    __user_libspace                          0x08000d75   Thumb Code     8  libspace.o(.text)
    __user_perproc_libspace                  0x08000d75   Thumb Code     0  libspace.o(.text)
    __user_perthread_libspace                0x08000d75   Thumb Code     0  libspace.o(.text)
    __user_setup_stackheap                   0x08000d7d   Thumb Code    74  sys_stackheap_outer.o(.text)
    exit                                     0x08000dc7   Thumb Code    18  exit.o(.text)
    strcmp                                   0x08000dd9   Thumb Code   128  strcmpv7m.o(.text)
    _btod_d2e                                0x08000e59   Thumb Code    62  btod.o(CL$$btod_d2e)
    _d2e_denorm_low                          0x08000e97   Thumb Code    70  btod.o(CL$$btod_d2e_denorm_low)
    _d2e_norm_op1                            0x08000edd   Thumb Code    96  btod.o(CL$$btod_d2e_norm_op1)
    __btod_div_common                        0x08000f3d   Thumb Code   696  btod.o(CL$$btod_div_common)
    _e2e                                     0x08001275   Thumb Code   220  btod.o(CL$$btod_e2e)
    _btod_ediv                               0x08001351   Thumb Code    42  btod.o(CL$$btod_ediv)
    _btod_emul                               0x0800137b   Thumb Code    42  btod.o(CL$$btod_emul)
    __btod_mult_common                       0x080013a5   Thumb Code   580  btod.o(CL$$btod_mult_common)
    BusFault_Handler                         0x080015e9   Thumb Code     4  stm32f4xx_it.o(i.BusFault_Handler)
    CAN1_RX0_IRQHandler                      0x080015ed   Thumb Code    52  stm32f4xx_it.o(i.CAN1_RX0_IRQHandler)
    CAN1_TX_IRQHandler                       0x08001631   Thumb Code    22  stm32f4xx_it.o(i.CAN1_TX_IRQHandler)
    CAN2_RX1_IRQHandler                      0x0800164d   Thumb Code   516  stm32f4xx_it.o(i.CAN2_RX1_IRQHandler)
    CAN_ClearITPendingBit                    0x08001885   Thumb Code   162  stm32f4xx_can.o(i.CAN_ClearITPendingBit)
    CAN_FilterInit                           0x0800192d   Thumb Code   258  stm32f4xx_can.o(i.CAN_FilterInit)
    CAN_GetITStatus                          0x08001a35   Thumb Code   284  stm32f4xx_can.o(i.CAN_GetITStatus)
    CAN_ITConfig                             0x08001b55   Thumb Code    18  stm32f4xx_can.o(i.CAN_ITConfig)
    CAN_Init                                 0x08001b67   Thumb Code   276  stm32f4xx_can.o(i.CAN_Init)
    CAN_Receive                              0x08001c7b   Thumb Code   240  stm32f4xx_can.o(i.CAN_Receive)
    CAN_Transmit                             0x08001d6b   Thumb Code   294  stm32f4xx_can.o(i.CAN_Transmit)
    DMA1_Stream0_IRQHandler                  0x08001ea5   Thumb Code    30  stm32f4xx_it.o(i.DMA1_Stream0_IRQHandler)
    DMA2_Stream7_IRQHandler                  0x08001ecd   Thumb Code    24  stm32f4xx_it.o(i.DMA2_Stream7_IRQHandler)
    DMA_ClearFlag                            0x08001eed   Thumb Code    38  stm32f4xx_dma.o(i.DMA_ClearFlag)
    DMA_ClearITPendingBit                    0x08001f21   Thumb Code    38  stm32f4xx_dma.o(i.DMA_ClearITPendingBit)
    DMA_Cmd                                  0x08001f55   Thumb Code    22  stm32f4xx_dma.o(i.DMA_Cmd)
    DMA_DeInit                               0x08001f6d   Thumb Code   324  stm32f4xx_dma.o(i.DMA_DeInit)
    DMA_GetCmdStatus                         0x080020c5   Thumb Code    20  stm32f4xx_dma.o(i.DMA_GetCmdStatus)
    DMA_GetCurrDataCounter                   0x080020d9   Thumb Code     8  stm32f4xx_dma.o(i.DMA_GetCurrDataCounter)
    DMA_GetFlagStatus                        0x080020e1   Thumb Code    54  stm32f4xx_dma.o(i.DMA_GetFlagStatus)
    DMA_GetITStatus                          0x08002125   Thumb Code    82  stm32f4xx_dma.o(i.DMA_GetITStatus)
    DMA_ITConfig                             0x08002189   Thumb Code    58  stm32f4xx_dma.o(i.DMA_ITConfig)
    DMA_Init                                 0x080021c5   Thumb Code    82  stm32f4xx_dma.o(i.DMA_Init)
    DMA_SetCurrDataCounter                   0x0800221d   Thumb Code     4  stm32f4xx_dma.o(i.DMA_SetCurrDataCounter)
    DebugMon_Handler                         0x08002221   Thumb Code     2  stm32f4xx_it.o(i.DebugMon_Handler)
    EXTI0_IRQHandler                         0x08002225   Thumb Code    98  stm32f4xx_it.o(i.EXTI0_IRQHandler)
    EXTI1_IRQHandler                         0x080022ad   Thumb Code    18  stm32f4xx_it.o(i.EXTI1_IRQHandler)
    EXTI_ClearITPendingBit                   0x080022c5   Thumb Code     6  stm32f4xx_exti.o(i.EXTI_ClearITPendingBit)
    EXTI_Init                                0x080022d1   Thumb Code   142  stm32f4xx_exti.o(i.EXTI_Init)
    GPIO_Init                                0x08002365   Thumb Code   144  stm32f4xx_gpio.o(i.GPIO_Init)
    GPIO_PinAFConfig                         0x080023f5   Thumb Code    70  stm32f4xx_gpio.o(i.GPIO_PinAFConfig)
    GPIO_ResetBits                           0x0800243b   Thumb Code     4  stm32f4xx_gpio.o(i.GPIO_ResetBits)
    GPIO_SetBits                             0x0800243f   Thumb Code     4  stm32f4xx_gpio.o(i.GPIO_SetBits)
    Get_SysTimeUs                            0x08002443   Thumb Code    76  stm32f4xx_it.o(i.Get_SysTimeUs)
    HardFault_Handler                        0x0800248f   Thumb Code     4  stm32f4xx_it.o(i.HardFault_Handler)
    MemManage_Handler                        0x08002493   Thumb Code     4  stm32f4xx_it.o(i.MemManage_Handler)
    NMI_Handler                              0x08002497   Thumb Code     2  stm32f4xx_it.o(i.NMI_Handler)
    NVIC_Init                                0x08002499   Thumb Code   106  misc.o(i.NVIC_Init)
    NVIC_PriorityGroupConfig                 0x08002511   Thumb Code    10  misc.o(i.NVIC_PriorityGroupConfig)
    RCC_AHB1PeriphClockCmd                   0x08002525   Thumb Code    26  stm32f4xx_rcc.o(i.RCC_AHB1PeriphClockCmd)
    RCC_APB1PeriphClockCmd                   0x08002545   Thumb Code    26  stm32f4xx_rcc.o(i.RCC_APB1PeriphClockCmd)
    RCC_APB1PeriphResetCmd                   0x08002565   Thumb Code    26  stm32f4xx_rcc.o(i.RCC_APB1PeriphResetCmd)
    RCC_APB2PeriphClockCmd                   0x08002585   Thumb Code    26  stm32f4xx_rcc.o(i.RCC_APB2PeriphClockCmd)
    RCC_APB2PeriphResetCmd                   0x080025a5   Thumb Code    26  stm32f4xx_rcc.o(i.RCC_APB2PeriphResetCmd)
    RCC_GetClocksFreq                        0x080025c5   Thumb Code   214  stm32f4xx_rcc.o(i.RCC_GetClocksFreq)
    SYSCFG_EXTILineConfig                    0x080026ad   Thumb Code    60  stm32f4xx_syscfg.o(i.SYSCFG_EXTILineConfig)
    SysTick_CLKSourceConfig                  0x0800280d   Thumb Code    40  misc.o(i.SysTick_CLKSourceConfig)
    SysTick_Handler                          0x08002835   Thumb Code    16  delay.o(i.SysTick_Handler)
    SystemInit                               0x08002845   Thumb Code    88  system_stm32f4xx.o(i.SystemInit)
    TIM_ARRPreloadConfig                     0x080028ad   Thumb Code    24  stm32f4xx_tim.o(i.TIM_ARRPreloadConfig)
    TIM_Cmd                                  0x080028c5   Thumb Code    24  stm32f4xx_tim.o(i.TIM_Cmd)
    TIM_OC3Init                              0x080028dd   Thumb Code   150  stm32f4xx_tim.o(i.TIM_OC3Init)
    TIM_OC3PreloadConfig                     0x0800297d   Thumb Code    18  stm32f4xx_tim.o(i.TIM_OC3PreloadConfig)
    TIM_OC4Init                              0x08002991   Thumb Code   112  stm32f4xx_tim.o(i.TIM_OC4Init)
    TIM_OC4PreloadConfig                     0x08002a09   Thumb Code    26  stm32f4xx_tim.o(i.TIM_OC4PreloadConfig)
    TIM_TimeBaseInit                         0x08002a25   Thumb Code   104  stm32f4xx_tim.o(i.TIM_TimeBaseInit)
    UART8_IRQHandler                         0x08002b79   Thumb Code    92  stm32f4xx_it.o(i.UART8_IRQHandler)
    USART3_IRQHandler                        0x08002be5   Thumb Code   122  usart.o(i.USART3_IRQHandler)
    USART6_DMA_SendData                      0x08002c6d   Thumb Code    52  stm32f4xx_it.o(i.USART6_DMA_SendData)
    USART6_IRQHandler                        0x08002ca5   Thumb Code   138  stm32f4xx_it.o(i.USART6_IRQHandler)
    USART_Cmd                                0x08002d51   Thumb Code    24  stm32f4xx_usart.o(i.USART_Cmd)
    USART_DMACmd                             0x08002d69   Thumb Code    18  stm32f4xx_usart.o(i.USART_DMACmd)
    USART_DeInit                             0x08002d7d   Thumb Code   206  stm32f4xx_usart.o(i.USART_DeInit)
    USART_GetITStatus                        0x08002e6d   Thumb Code    84  stm32f4xx_usart.o(i.USART_GetITStatus)
    USART_ITConfig                           0x08002ec1   Thumb Code    74  stm32f4xx_usart.o(i.USART_ITConfig)
    USART_Init                               0x08002f0d   Thumb Code   204  stm32f4xx_usart.o(i.USART_Init)
    USART_ReceiveData                        0x08002fe1   Thumb Code    10  stm32f4xx_usart.o(i.USART_ReceiveData)
    UsageFault_Handler                       0x08002feb   Thumb Code     4  stm32f4xx_it.o(i.UsageFault_Handler)
    __ARM_fpclassify                         0x08002fef   Thumb Code    48  fpclassify.o(i.__ARM_fpclassify)
    __hardfp_cos                             0x08003021   Thumb Code   180  cos.o(i.__hardfp_cos)
    __hardfp_sin                             0x080030e9   Thumb Code   180  sin.o(i.__hardfp_sin)
    __ieee754_rem_pio2                       0x080031b1   Thumb Code   938  rred.o(i.__ieee754_rem_pio2)
    __kernel_cos                             0x080035e9   Thumb Code   322  cos_i.o(i.__kernel_cos)
    __kernel_poly                            0x08003759   Thumb Code   248  poly.o(i.__kernel_poly)
    __kernel_sin                             0x08003851   Thumb Code   280  sin_i.o(i.__kernel_sin)
    __mathlib_dbl_infnan                     0x08003981   Thumb Code    20  dunder.o(i.__mathlib_dbl_infnan)
    __mathlib_dbl_invalid                    0x08003999   Thumb Code    24  dunder.o(i.__mathlib_dbl_invalid)
    __mathlib_dbl_underflow                  0x080039b9   Thumb Code    24  dunder.o(i.__mathlib_dbl_underflow)
    _is_digit                                0x080039d9   Thumb Code    14  __printf_wp.o(i._is_digit)
    _sys_exit                                0x080039e7   Thumb Code     4  usart.o(i._sys_exit)
    abs_limit                                0x080039eb   Thumb Code    46  driver_control.o(i.abs_limit)
    append_crc8_check_sum                    0x08003a19   Thumb Code    36  driver_crc.o(i.append_crc8_check_sum)
    bluetooth_data_handle                    0x08003a3d   Thumb Code   178  task_vision.o(i.bluetooth_data_handle)
    bsp_can_init                             0x08003af5   Thumb Code   250  bsp_can.o(i.bsp_can_init)
    bsp_dma_init                             0x08003bf9   Thumb Code   404  bsp_dma.o(i.bsp_dma_init)
    bsp_gpio_init                            0x08003dad   Thumb Code   656  bsp_gpio.o(i.bsp_gpio_init)
    bsp_nvic_init                            0x0800405d   Thumb Code   362  bsp_nvic.o(i.bsp_nvic_init)
    bsp_time_init                            0x080041e5   Thumb Code   126  bsp_tim.o(i.bsp_time_init)
    bsp_usart_init                           0x08004269   Thumb Code   160  bsp_uart.o(i.bsp_usart_init)
    control_task                             0x08004311   Thumb Code   278  task_control.o(i.control_task)
    delay_init                               0x08004441   Thumb Code    58  delay.o(i.delay_init)
    delay_ms                                 0x08004485   Thumb Code    60  delay.o(i.delay_ms)
    delay_us                                 0x080044c5   Thumb Code    68  delay.o(i.delay_us)
    encoder_data_handler                     0x0800450d   Thumb Code   130  driver_encoder.o(i.encoder_data_handler)
    fabs                                     0x08004595   Thumb Code    24  fabs.o(i.fabs)
    get_check_sum                            0x080045ad   Thumb Code    28  driver_crc.o(i.get_check_sum)
    get_moto6020_pitch_point                 0x080045c9   Thumb Code     4  stm32f4xx_it.o(i.get_moto6020_pitch_point)
    get_moto6020_yaw_point                   0x080045d1   Thumb Code     4  stm32f4xx_it.o(i.get_moto6020_yaw_point)
    imu_task                                 0x080045d9   Thumb Code    94  task_imu.o(i.imu_task)
    led1_task                                0x08004649   Thumb Code    28  task_led.o(i.led1_task)
    main                                     0x08004669   Thumb Code    40  main.o(i.main)
    pid_reset                                0x080046c3   Thumb Code    14  driver_control.o(i.pid_reset)
    pid_struct_init                          0x080046d1   Thumb Code    84  driver_control.o(i.pid_struct_init)
    pvPortMalloc                             0x080050ad   Thumb Code   296  heap_4.o(i.pvPortMalloc)
    pxPortInitialiseStack                    0x080051e9   Thumb Code    38  port.o(i.pxPortInitialiseStack)
    send_rc_data                             0x08005215   Thumb Code   142  stm32f4xx_it.o(i.send_rc_data)
    single_pid_calculate                     0x080056f9   Thumb Code   308  driver_control.o(i.single_pid_calculate)
    start_task                               0x08005831   Thumb Code   102  main.o(i.start_task)
    system_init                              0x080058e5   Thumb Code    58  bsp_system.o(i.system_init)
    uxListRemove                             0x08005ad1   Thumb Code    40  list.o(i.uxListRemove)
    vListInitialise                          0x08005af9   Thumb Code    26  list.o(i.vListInitialise)
    vListInitialiseItem                      0x08005b13   Thumb Code     6  list.o(i.vListInitialiseItem)
    vListInsert                              0x08005b19   Thumb Code    52  list.o(i.vListInsert)
    vListInsertEnd                           0x08005b4d   Thumb Code    24  list.o(i.vListInsertEnd)
    vPortEnterCritical                       0x08005b65   Thumb Code    76  port.o(i.vPortEnterCritical)
    vPortExitCritical                        0x08005bb9   Thumb Code    56  port.o(i.vPortExitCritical)
    vPortFree                                0x08005bf5   Thumb Code   140  heap_4.o(i.vPortFree)
    vPortSetupTimerInterrupt                 0x08005c89   Thumb Code    36  port.o(i.vPortSetupTimerInterrupt)
    vPortValidateInterruptPriority           0x08005cb1   Thumb Code   106  port.o(i.vPortValidateInterruptPriority)
    vQueueAddToRegistry                      0x08005d29   Thumb Code    38  queue.o(i.vQueueAddToRegistry)
    vQueueWaitForMessageRestricted           0x08005d55   Thumb Code    74  queue.o(i.vQueueWaitForMessageRestricted)
    vTaskDelay                               0x08005da1   Thumb Code    82  tasks.o(i.vTaskDelay)
    vTaskDelete                              0x08005dfd   Thumb Code   202  tasks.o(i.vTaskDelete)
    vTaskInternalSetTimeOutState             0x08005ef1   Thumb Code    14  tasks.o(i.vTaskInternalSetTimeOutState)
    vTaskMissedYield                         0x08005f09   Thumb Code     8  tasks.o(i.vTaskMissedYield)
    vTaskPlaceOnEventList                    0x08005f15   Thumb Code    52  tasks.o(i.vTaskPlaceOnEventList)
    vTaskPlaceOnEventListRestricted          0x08005f4d   Thumb Code    60  tasks.o(i.vTaskPlaceOnEventListRestricted)
    vTaskStartScheduler                      0x08005f8d   Thumb Code   118  tasks.o(i.vTaskStartScheduler)
    vTaskSuspendAll                          0x08006021   Thumb Code    12  tasks.o(i.vTaskSuspendAll)
    vTaskSwitchContext                       0x08006031   Thumb Code   118  tasks.o(i.vTaskSwitchContext)
    verify_crc8_check_sum                    0x080060bd   Thumb Code    46  driver_crc.o(i.verify_crc8_check_sum)
    vision_receive_data                      0x080060ed   Thumb Code   122  task_vision.o(i.vision_receive_data)
    vision_send_data                         0x08006175   Thumb Code   154  task_vision.o(i.vision_send_data)
    vision_task                              0x08006225   Thumb Code    20  task_vision.o(i.vision_task)
    xPortStartScheduler                      0x0800623d   Thumb Code   330  port.o(i.xPortStartScheduler)
    xPortSysTickHandler                      0x080063a5   Thumb Code    46  port.o(i.xPortSysTickHandler)
    xQueueGenericCreate                      0x080063d9   Thumb Code    90  queue.o(i.xQueueGenericCreate)
    xQueueGenericReset                       0x08006435   Thumb Code   146  queue.o(i.xQueueGenericReset)
    xQueueGenericSend                        0x080064cd   Thumb Code   420  queue.o(i.xQueueGenericSend)
    xQueueGenericSendFromISR                 0x08006675   Thumb Code   248  queue.o(i.xQueueGenericSendFromISR)
    xQueueReceive                            0x0800676d   Thumb Code   356  queue.o(i.xQueueReceive)
    xTaskCheckForTimeOut                     0x080068d5   Thumb Code   132  tasks.o(i.xTaskCheckForTimeOut)
    xTaskCreate                              0x08006961   Thumb Code    96  tasks.o(i.xTaskCreate)
    xTaskGetSchedulerState                   0x080069c1   Thumb Code    24  tasks.o(i.xTaskGetSchedulerState)
    xTaskGetTickCount                        0x080069e1   Thumb Code     6  tasks.o(i.xTaskGetTickCount)
    xTaskIncrementTick                       0x080069ed   Thumb Code   282  tasks.o(i.xTaskIncrementTick)
    xTaskPriorityDisinherit                  0x08006b35   Thumb Code   188  tasks.o(i.xTaskPriorityDisinherit)
    xTaskRemoveFromEventList                 0x08006bfd   Thumb Code   128  tasks.o(i.xTaskRemoveFromEventList)
    xTaskResumeAll                           0x08006c95   Thumb Code   224  tasks.o(i.xTaskResumeAll)
    xTimerCreateTimerTask                    0x08006d99   Thumb Code    66  timers.o(i.xTimerCreateTimerTask)
    xTimerGenericCommand                     0x08006df1   Thumb Code   126  timers.o(i.xTimerGenericCommand)
    _get_lc_numeric                          0x08006e75   Thumb Code    44  lc_numeric_c.o(locale$$code)
    __aeabi_dneg                             0x08006ea1   Thumb Code     0  basic.o(x$fpl$basic)
    _dneg                                    0x08006ea1   Thumb Code     6  basic.o(x$fpl$basic)
    __aeabi_fneg                             0x08006ea7   Thumb Code     0  basic.o(x$fpl$basic)
    _fneg                                    0x08006ea7   Thumb Code     6  basic.o(x$fpl$basic)
    _dabs                                    0x08006ead   Thumb Code     6  basic.o(x$fpl$basic)
    _fabs                                    0x08006eb3   Thumb Code     6  basic.o(x$fpl$basic)
    __aeabi_d2f                              0x08006eb9   Thumb Code     0  d2f.o(x$fpl$d2f)
    _d2f                                     0x08006eb9   Thumb Code    98  d2f.o(x$fpl$d2f)
    __aeabi_dadd                             0x08006f1d   Thumb Code     0  daddsub_clz.o(x$fpl$dadd)
    _dadd                                    0x08006f1d   Thumb Code   332  daddsub_clz.o(x$fpl$dadd)
    __aeabi_ddiv                             0x0800706d   Thumb Code     0  ddiv.o(x$fpl$ddiv)
    _ddiv                                    0x0800706d   Thumb Code   552  ddiv.o(x$fpl$ddiv)
    __aeabi_d2iz                             0x0800731d   Thumb Code     0  dfix.o(x$fpl$dfix)
    _dfix                                    0x0800731d   Thumb Code    94  dfix.o(x$fpl$dfix)
    __aeabi_i2d                              0x0800737b   Thumb Code     0  dflt_clz.o(x$fpl$dflt)
    _dflt                                    0x0800737b   Thumb Code    46  dflt_clz.o(x$fpl$dflt)
    __aeabi_ui2d                             0x080073a9   Thumb Code     0  dflt_clz.o(x$fpl$dfltu)
    _dfltu                                   0x080073a9   Thumb Code    38  dflt_clz.o(x$fpl$dfltu)
    __aeabi_dmul                             0x080073d1   Thumb Code     0  dmul.o(x$fpl$dmul)
    _dmul                                    0x080073d1   Thumb Code   332  dmul.o(x$fpl$dmul)
    __fpl_dnaninf                            0x08007525   Thumb Code   156  dnaninf.o(x$fpl$dnaninf)
    __fpl_dretinf                            0x080075c1   Thumb Code    12  dretinf.o(x$fpl$dretinf)
    __aeabi_drsub                            0x080075cd   Thumb Code     0  daddsub_clz.o(x$fpl$drsb)
    _drsb                                    0x080075cd   Thumb Code    22  daddsub_clz.o(x$fpl$drsb)
    __aeabi_dsub                             0x080075e5   Thumb Code     0  daddsub_clz.o(x$fpl$dsub)
    _dsub                                    0x080075e5   Thumb Code   464  daddsub_clz.o(x$fpl$dsub)
    __aeabi_f2d                              0x080077b9   Thumb Code     0  f2d.o(x$fpl$f2d)
    _f2d                                     0x080077b9   Thumb Code    86  f2d.o(x$fpl$f2d)
    __fpl_fnaninf                            0x0800780f   Thumb Code   140  fnaninf.o(x$fpl$fnaninf)
    _fp_init                                 0x0800789b   Thumb Code    10  fpinit.o(x$fpl$fpinit)
    __fplib_config_fpu_vfp                   0x080078a3   Thumb Code     0  fpinit.o(x$fpl$fpinit)
    __fplib_config_pureend_doubles           0x080078a3   Thumb Code     0  fpinit.o(x$fpl$fpinit)
    __fpl_fretinf                            0x080078a5   Thumb Code    10  fretinf.o(x$fpl$fretinf)
    _printf_fp_dec                           0x080078af   Thumb Code     4  printf1.o(x$fpl$printf1)
    DMA_JUDGE_RECEIVE_BUF_SIZE               0x080078b2   Data           2  bsp_dma.o(.constdata)
    __I$use$fp                               0x080078b2   Number         0  usenofp.o(x$fpl$usenofp)
    DMA_JUDGE_SEND_BUF_SIZE                  0x080078b4   Data           2  bsp_dma.o(.constdata)
    DMA_VISION_SEND_BUF_SIZE                 0x080078b6   Data           2  bsp_dma.o(.constdata)
    DMA_VISION_RECEIVE_BUF_SIZE              0x080078b8   Data           2  bsp_dma.o(.constdata)
    Region$$Table$$Base                      0x08007a84   Number         0  anon$$obj.o(Region$$Table)
    Region$$Table$$Limit                     0x08007aa4   Number         0  anon$$obj.o(Region$$Table)
    g_start_task_handler                     0x20000000   Data           4  main.o(.data)
    g_time3_count                            0x20000004   Data           4  stm32f4xx_it.o(.data)
    g_first_time                             0x20000008   Data           4  stm32f4xx_it.o(.data)
    g_second_time                            0x2000000c   Data           4  stm32f4xx_it.o(.data)
    g_time_error                             0x20000010   Data           2  stm32f4xx_it.o(.data)
    g_speed_bull                             0x20000014   Data           4  stm32f4xx_it.o(.data)
    USART6_RXCnt                             0x20000018   Data           2  stm32f4xx_it.o(.data)
    SystemCoreClock                          0x2000001c   Data           4  system_stm32f4xx.o(.data)
    AHBPrescTable                            0x20000020   Data          16  system_stm32f4xx.o(.data)
    __stdout                                 0x20000034   Data           4  usart.o(.data)
    USART_RX_STA                             0x20000038   Data           2  usart.o(.data)
    xHandleTaskPCParse                       0x2000003c   Data           4  task_vision.o(.data)
    yaw_target                               0x20000048   Data           4  task_control.o(.data)
    pitch_target                             0x2000004c   Data           4  task_control.o(.data)
    g_kp                                     0x20000050   Data           4  task_control.o(.data)
    g_ki                                     0x20000054   Data           4  task_control.o(.data)
    g_kd                                     0x20000058   Data           4  task_control.o(.data)
    g_IntegralLimit                          0x2000005c   Data           4  task_control.o(.data)
    g_kp_angle                               0x20000060   Data           4  task_control.o(.data)
    g_ki_angle                               0x20000064   Data           4  task_control.o(.data)
    g_kd_angle                               0x20000068   Data           4  task_control.o(.data)
    g_angle_IntegralLimit                    0x2000006c   Data           4  task_control.o(.data)
    g_d                                      0x20000070   Data           4  task_control.o(.data)
    g_mode                                   0x20000074   Data           1  task_control.o(.data)
    g_alpha                                  0x20000078   Data           4  task_control.o(.data)
    pitch_add                                0x2000007c   Data           4  task_control.o(.data)
    yaw_add                                  0x20000080   Data           4  task_control.o(.data)
    pxCurrentTCB                             0x20000094   Data           4  tasks.o(.data)
    g_can2_receive_str                       0x20000108   Data          20  stm32f4xx_it.o(.bss)
    g_can1_receive_str                       0x2000011c   Data          20  stm32f4xx_it.o(.bss)
    moto6020_yaw                             0x20000130   Data          36  stm32f4xx_it.o(.bss)
    moto6020_pitch                           0x20000154   Data          36  stm32f4xx_it.o(.bss)
    USART_RX_BUF                             0x20000178   Data         200  usart.o(.bss)
    g_dma_judge_receive_buff                 0x20000240   Data          60  bsp_dma.o(.bss)
    g_dma_judge_send_buff                    0x2000027c   Data          60  bsp_dma.o(.bss)
    g_dma_vision_send_buff                   0x200002b8   Data          30  bsp_dma.o(.bss)
    g_dma_vision_receice_buff                0x200002d6   Data          30  bsp_dma.o(.bss)
    g_cloud_gyroscope                        0x200002f8   Data          36  task_imu.o(.bss)
    g_rm_imu_data                            0x2000031c   Data          84  task_imu.o(.bss)
    g_chebyshev_filter                       0x20000370   Data         304  task_imu.o(.bss)
    g_vision_data                            0x200004a0   Data          32  task_vision.o(.bss)
    g_bluetooth_data                         0x200004c0   Data          12  task_vision.o(.bss)
    g_gimbal_control                         0x200004cc   Data         876  task_control.o(.bss)
    scan_ramp                                0x20000838   Data          24  task_control.o(.bss)
    xQueueRegistry                           0x20000918   Data          64  queue.o(.bss)
    __libspace_start                         0x20013580   Data          96  libspace.o(.bss)
    __temporary_stack_top$libspace           0x200135e0   Data           0  libspace.o(.bss)



==============================================================================

Memory Map of the image

  Image Entry point : 0x080001ad

  Load Region LR_IROM1 (Base: 0x08000000, Size: 0x00007bc8, Max: 0x00200000, ABSOLUTE)

    Execution Region ER_IROM1 (Exec base: 0x08000000, Load base: 0x08000000, Size: 0x00007ac0, Max: 0x00200000, ABSOLUTE)

    Exec Addr    Load Addr    Size         Type   Attr      Idx    E Section Name        Object

    0x08000000   0x08000000   0x000001ac   Data   RO          579    RESET               startup_stm32f427xx.o
    0x080001ac   0x080001ac   0x00000008   Code   RO         6827  * !!!main             c_w.l(__main.o)
    0x080001b4   0x080001b4   0x00000034   Code   RO         7438    !!!scatter          c_w.l(__scatter.o)
    0x080001e8   0x080001e8   0x0000001a   Code   RO         7440    !!handler_copy      c_w.l(__scatter_copy.o)
    0x08000202   0x08000202   0x00000002   PAD
    0x08000204   0x08000204   0x0000001c   Code   RO         7442    !!handler_zi        c_w.l(__scatter_zi.o)
    0x08000220   0x08000220   0x00000000   Code   RO         6810    .ARM.Collect$$_printf_percent$$00000000  c_w.l(_printf_percent.o)
    0x08000220   0x08000220   0x00000006   Code   RO         6809    .ARM.Collect$$_printf_percent$$00000003  c_w.l(_printf_f.o)
    0x08000226   0x08000226   0x00000004   Code   RO         7121    .ARM.Collect$$_printf_percent$$00000017  c_w.l(_printf_percent_end.o)
    0x0800022a   0x0800022a   0x00000002   Code   RO         7304    .ARM.Collect$$libinit$$00000000  c_w.l(libinit.o)
    0x0800022c   0x0800022c   0x00000004   Code   RO         7305    .ARM.Collect$$libinit$$00000001  c_w.l(libinit2.o)
    0x08000230   0x08000230   0x00000000   Code   RO         7308    .ARM.Collect$$libinit$$00000004  c_w.l(libinit2.o)
    0x08000230   0x08000230   0x00000000   Code   RO         7311    .ARM.Collect$$libinit$$0000000A  c_w.l(libinit2.o)
    0x08000230   0x08000230   0x00000000   Code   RO         7313    .ARM.Collect$$libinit$$0000000C  c_w.l(libinit2.o)
    0x08000230   0x08000230   0x00000000   Code   RO         7315    .ARM.Collect$$libinit$$0000000E  c_w.l(libinit2.o)
    0x08000230   0x08000230   0x00000006   Code   RO         7316    .ARM.Collect$$libinit$$0000000F  c_w.l(libinit2.o)
    0x08000236   0x08000236   0x00000000   Code   RO         7318    .ARM.Collect$$libinit$$00000011  c_w.l(libinit2.o)
    0x08000236   0x08000236   0x00000000   Code   RO         7320    .ARM.Collect$$libinit$$00000013  c_w.l(libinit2.o)
    0x08000236   0x08000236   0x00000000   Code   RO         7322    .ARM.Collect$$libinit$$00000015  c_w.l(libinit2.o)
    0x08000236   0x08000236   0x0000000a   Code   RO         7323    .ARM.Collect$$libinit$$00000016  c_w.l(libinit2.o)
    0x08000240   0x08000240   0x00000000   Code   RO         7324    .ARM.Collect$$libinit$$00000017  c_w.l(libinit2.o)
    0x08000240   0x08000240   0x00000000   Code   RO         7326    .ARM.Collect$$libinit$$00000019  c_w.l(libinit2.o)
    0x08000240   0x08000240   0x00000000   Code   RO         7328    .ARM.Collect$$libinit$$0000001B  c_w.l(libinit2.o)
    0x08000240   0x08000240   0x00000000   Code   RO         7330    .ARM.Collect$$libinit$$0000001D  c_w.l(libinit2.o)
    0x08000240   0x08000240   0x00000000   Code   RO         7332    .ARM.Collect$$libinit$$0000001F  c_w.l(libinit2.o)
    0x08000240   0x08000240   0x00000000   Code   RO         7334    .ARM.Collect$$libinit$$00000021  c_w.l(libinit2.o)
    0x08000240   0x08000240   0x00000000   Code   RO         7336    .ARM.Collect$$libinit$$00000023  c_w.l(libinit2.o)
    0x08000240   0x08000240   0x00000000   Code   RO         7338    .ARM.Collect$$libinit$$00000025  c_w.l(libinit2.o)
    0x08000240   0x08000240   0x00000000   Code   RO         7342    .ARM.Collect$$libinit$$0000002C  c_w.l(libinit2.o)
    0x08000240   0x08000240   0x00000000   Code   RO         7344    .ARM.Collect$$libinit$$0000002E  c_w.l(libinit2.o)
    0x08000240   0x08000240   0x00000000   Code   RO         7346    .ARM.Collect$$libinit$$00000030  c_w.l(libinit2.o)
    0x08000240   0x08000240   0x00000000   Code   RO         7348    .ARM.Collect$$libinit$$00000032  c_w.l(libinit2.o)
    0x08000240   0x08000240   0x00000002   Code   RO         7349    .ARM.Collect$$libinit$$00000033  c_w.l(libinit2.o)
    0x08000242   0x08000242   0x00000002   Code   RO         7398    .ARM.Collect$$libshutdown$$00000000  c_w.l(libshutdown.o)
    0x08000244   0x08000244   0x00000000   Code   RO         7407    .ARM.Collect$$libshutdown$$00000002  c_w.l(libshutdown2.o)
    0x08000244   0x08000244   0x00000000   Code   RO         7409    .ARM.Collect$$libshutdown$$00000004  c_w.l(libshutdown2.o)
    0x08000244   0x08000244   0x00000000   Code   RO         7412    .ARM.Collect$$libshutdown$$00000007  c_w.l(libshutdown2.o)
    0x08000244   0x08000244   0x00000000   Code   RO         7415    .ARM.Collect$$libshutdown$$0000000A  c_w.l(libshutdown2.o)
    0x08000244   0x08000244   0x00000000   Code   RO         7417    .ARM.Collect$$libshutdown$$0000000C  c_w.l(libshutdown2.o)
    0x08000244   0x08000244   0x00000000   Code   RO         7420    .ARM.Collect$$libshutdown$$0000000F  c_w.l(libshutdown2.o)
    0x08000244   0x08000244   0x00000002   Code   RO         7421    .ARM.Collect$$libshutdown$$00000010  c_w.l(libshutdown2.o)
    0x08000246   0x08000246   0x00000000   Code   RO         7079    .ARM.Collect$$rtentry$$00000000  c_w.l(__rtentry.o)
    0x08000246   0x08000246   0x00000000   Code   RO         7207    .ARM.Collect$$rtentry$$00000002  c_w.l(__rtentry2.o)
    0x08000246   0x08000246   0x00000006   Code   RO         7219    .ARM.Collect$$rtentry$$00000004  c_w.l(__rtentry4.o)
    0x0800024c   0x0800024c   0x00000000   Code   RO         7209    .ARM.Collect$$rtentry$$00000009  c_w.l(__rtentry2.o)
    0x0800024c   0x0800024c   0x00000004   Code   RO         7210    .ARM.Collect$$rtentry$$0000000A  c_w.l(__rtentry2.o)
    0x08000250   0x08000250   0x00000000   Code   RO         7212    .ARM.Collect$$rtentry$$0000000C  c_w.l(__rtentry2.o)
    0x08000250   0x08000250   0x00000008   Code   RO         7213    .ARM.Collect$$rtentry$$0000000D  c_w.l(__rtentry2.o)
    0x08000258   0x08000258   0x00000002   Code   RO         7352    .ARM.Collect$$rtexit$$00000000  c_w.l(rtexit.o)
    0x0800025a   0x0800025a   0x00000000   Code   RO         7368    .ARM.Collect$$rtexit$$00000002  c_w.l(rtexit2.o)
    0x0800025a   0x0800025a   0x00000004   Code   RO         7369    .ARM.Collect$$rtexit$$00000003  c_w.l(rtexit2.o)
    0x0800025e   0x0800025e   0x00000006   Code   RO         7370    .ARM.Collect$$rtexit$$00000004  c_w.l(rtexit2.o)
    0x08000264   0x08000264   0x000000be   Code   RO         4330    .emb_text           port.o
    0x08000322   0x08000322   0x00000002   PAD
    0x08000324   0x08000324   0x00000040   Code   RO          580    .text               startup_stm32f427xx.o
    0x08000364   0x08000364   0x00000002   Code   RO         6742    .text               c_w.l(use_no_semi_2.o)
    0x08000366   0x08000366   0x00000002   PAD
    0x08000368   0x08000368   0x0000002c   Code   RO         6754    .text               c_w.l(__2sprintf.o)
    0x08000394   0x08000394   0x0000004e   Code   RO         6762    .text               c_w.l(_printf_pad.o)
    0x080003e2   0x080003e2   0x00000002   PAD
    0x080003e4   0x080003e4   0x00000188   Code   RO         6804    .text               c_w.l(__printf_flags_ss_wp.o)
    0x0800056c   0x0800056c   0x0000008a   Code   RO         6813    .text               c_w.l(rt_memcpy_v6.o)
    0x080005f6   0x080005f6   0x00000064   Code   RO         6815    .text               c_w.l(rt_memcpy_w.o)
    0x0800065a   0x0800065a   0x00000010   Code   RO         6819    .text               c_w.l(aeabi_memset.o)
    0x0800066a   0x0800066a   0x00000044   Code   RO         6821    .text               c_w.l(rt_memclr.o)
    0x080006ae   0x080006ae   0x0000004e   Code   RO         6823    .text               c_w.l(rt_memclr_w.o)
    0x080006fc   0x080006fc   0x00000006   Code   RO         6825    .text               c_w.l(heapauxi.o)
    0x08000702   0x08000702   0x00000002   Code   RO         7077    .text               c_w.l(use_no_semi.o)
    0x08000704   0x08000704   0x00000016   Code   RO         7082    .text               c_w.l(_rserrno.o)
    0x0800071a   0x0800071a   0x0000041e   Code   RO         7092    .text               c_w.l(_printf_fp_dec.o)
    0x08000b38   0x08000b38   0x00000030   Code   RO         7094    .text               c_w.l(_printf_char_common.o)
    0x08000b68   0x08000b68   0x0000000a   Code   RO         7096    .text               c_w.l(_sputc.o)
    0x08000b72   0x08000b72   0x00000002   PAD
    0x08000b74   0x08000b74   0x00000008   Code   RO         7228    .text               c_w.l(rt_locale_intlibspace.o)
    0x08000b7c   0x08000b7c   0x00000008   Code   RO         7233    .text               c_w.l(rt_errno_addr_intlibspace.o)
    0x08000b84   0x08000b84   0x0000008a   Code   RO         7235    .text               c_w.l(lludiv10.o)
    0x08000c0e   0x08000c0e   0x00000002   PAD
    0x08000c10   0x08000c10   0x00000080   Code   RO         7240    .text               c_w.l(_printf_fp_infnan.o)
    0x08000c90   0x08000c90   0x000000e4   Code   RO         7248    .text               c_w.l(bigflt0.o)
    0x08000d74   0x08000d74   0x00000008   Code   RO         7286    .text               c_w.l(libspace.o)
    0x08000d7c   0x08000d7c   0x0000004a   Code   RO         7289    .text               c_w.l(sys_stackheap_outer.o)
    0x08000dc6   0x08000dc6   0x00000012   Code   RO         7295    .text               c_w.l(exit.o)
    0x08000dd8   0x08000dd8   0x00000080   Code   RO         7297    .text               c_w.l(strcmpv7m.o)
    0x08000e58   0x08000e58   0x0000003e   Code   RO         7251    CL$$btod_d2e        c_w.l(btod.o)
    0x08000e96   0x08000e96   0x00000046   Code   RO         7253    CL$$btod_d2e_denorm_low  c_w.l(btod.o)
    0x08000edc   0x08000edc   0x00000060   Code   RO         7252    CL$$btod_d2e_norm_op1  c_w.l(btod.o)
    0x08000f3c   0x08000f3c   0x00000338   Code   RO         7261    CL$$btod_div_common  c_w.l(btod.o)
    0x08001274   0x08001274   0x000000dc   Code   RO         7258    CL$$btod_e2e        c_w.l(btod.o)
    0x08001350   0x08001350   0x0000002a   Code   RO         7255    CL$$btod_ediv       c_w.l(btod.o)
    0x0800137a   0x0800137a   0x0000002a   Code   RO         7254    CL$$btod_emul       c_w.l(btod.o)
    0x080013a4   0x080013a4   0x00000244   Code   RO         7260    CL$$btod_mult_common  c_w.l(btod.o)
    0x080015e8   0x080015e8   0x00000004   Code   RO          232    i.BusFault_Handler  stm32f4xx_it.o
    0x080015ec   0x080015ec   0x00000044   Code   RO          233    i.CAN1_RX0_IRQHandler  stm32f4xx_it.o
    0x08001630   0x08001630   0x0000001c   Code   RO          234    i.CAN1_TX_IRQHandler  stm32f4xx_it.o
    0x0800164c   0x0800164c   0x00000238   Code   RO          235    i.CAN2_RX1_IRQHandler  stm32f4xx_it.o
    0x08001884   0x08001884   0x000000a8   Code   RO         3133    i.CAN_ClearITPendingBit  stm32f4xx_can.o
    0x0800192c   0x0800192c   0x00000108   Code   RO         3137    i.CAN_FilterInit    stm32f4xx_can.o
    0x08001a34   0x08001a34   0x00000120   Code   RO         3139    i.CAN_GetITStatus   stm32f4xx_can.o
    0x08001b54   0x08001b54   0x00000012   Code   RO         3143    i.CAN_ITConfig      stm32f4xx_can.o
    0x08001b66   0x08001b66   0x00000114   Code   RO         3144    i.CAN_Init          stm32f4xx_can.o
    0x08001c7a   0x08001c7a   0x000000f0   Code   RO         3147    i.CAN_Receive       stm32f4xx_can.o
    0x08001d6a   0x08001d6a   0x00000126   Code   RO         3152    i.CAN_Transmit      stm32f4xx_can.o
    0x08001e90   0x08001e90   0x00000012   Code   RO         3155    i.CheckITStatus     stm32f4xx_can.o
    0x08001ea2   0x08001ea2   0x00000002   PAD
    0x08001ea4   0x08001ea4   0x00000028   Code   RO          236    i.DMA1_Stream0_IRQHandler  stm32f4xx_it.o
    0x08001ecc   0x08001ecc   0x00000020   Code   RO          237    i.DMA2_Stream7_IRQHandler  stm32f4xx_it.o
    0x08001eec   0x08001eec   0x00000034   Code   RO         3003    i.DMA_ClearFlag     stm32f4xx_dma.o
    0x08001f20   0x08001f20   0x00000034   Code   RO         3004    i.DMA_ClearITPendingBit  stm32f4xx_dma.o
    0x08001f54   0x08001f54   0x00000016   Code   RO         3005    i.DMA_Cmd           stm32f4xx_dma.o
    0x08001f6a   0x08001f6a   0x00000002   PAD
    0x08001f6c   0x08001f6c   0x00000158   Code   RO         3006    i.DMA_DeInit        stm32f4xx_dma.o
    0x080020c4   0x080020c4   0x00000014   Code   RO         3010    i.DMA_GetCmdStatus  stm32f4xx_dma.o
    0x080020d8   0x080020d8   0x00000008   Code   RO         3011    i.DMA_GetCurrDataCounter  stm32f4xx_dma.o
    0x080020e0   0x080020e0   0x00000044   Code   RO         3014    i.DMA_GetFlagStatus  stm32f4xx_dma.o
    0x08002124   0x08002124   0x00000064   Code   RO         3015    i.DMA_GetITStatus   stm32f4xx_dma.o
    0x08002188   0x08002188   0x0000003a   Code   RO         3016    i.DMA_ITConfig      stm32f4xx_dma.o
    0x080021c2   0x080021c2   0x00000002   PAD
    0x080021c4   0x080021c4   0x00000058   Code   RO         3017    i.DMA_Init          stm32f4xx_dma.o
    0x0800221c   0x0800221c   0x00000004   Code   RO         3020    i.DMA_SetCurrDataCounter  stm32f4xx_dma.o
    0x08002220   0x08002220   0x00000002   Code   RO          238    i.DebugMon_Handler  stm32f4xx_it.o
    0x08002222   0x08002222   0x00000002   PAD
    0x08002224   0x08002224   0x00000088   Code   RO          239    i.EXTI0_IRQHandler  stm32f4xx_it.o
    0x080022ac   0x080022ac   0x00000018   Code   RO          240    i.EXTI1_IRQHandler  stm32f4xx_it.o
    0x080022c4   0x080022c4   0x0000000c   Code   RO         3295    i.EXTI_ClearITPendingBit  stm32f4xx_exti.o
    0x080022d0   0x080022d0   0x00000094   Code   RO         3300    i.EXTI_Init         stm32f4xx_exti.o
    0x08002364   0x08002364   0x00000090   Code   RO         1766    i.GPIO_Init         stm32f4xx_gpio.o
    0x080023f4   0x080023f4   0x00000046   Code   RO         1767    i.GPIO_PinAFConfig  stm32f4xx_gpio.o
    0x0800243a   0x0800243a   0x00000004   Code   RO         1773    i.GPIO_ResetBits    stm32f4xx_gpio.o
    0x0800243e   0x0800243e   0x00000004   Code   RO         1774    i.GPIO_SetBits      stm32f4xx_gpio.o
    0x08002442   0x08002442   0x0000004c   Code   RO          241    i.Get_SysTimeUs     stm32f4xx_it.o
    0x0800248e   0x0800248e   0x00000004   Code   RO          242    i.HardFault_Handler  stm32f4xx_it.o
    0x08002492   0x08002492   0x00000004   Code   RO          243    i.MemManage_Handler  stm32f4xx_it.o
    0x08002496   0x08002496   0x00000002   Code   RO          244    i.NMI_Handler       stm32f4xx_it.o
    0x08002498   0x08002498   0x00000078   Code   RO         1721    i.NVIC_Init         misc.o
    0x08002510   0x08002510   0x00000014   Code   RO         1722    i.NVIC_PriorityGroupConfig  misc.o
    0x08002524   0x08002524   0x00000020   Code   RO         1863    i.RCC_AHB1PeriphClockCmd  stm32f4xx_rcc.o
    0x08002544   0x08002544   0x00000020   Code   RO         1872    i.RCC_APB1PeriphClockCmd  stm32f4xx_rcc.o
    0x08002564   0x08002564   0x00000020   Code   RO         1874    i.RCC_APB1PeriphResetCmd  stm32f4xx_rcc.o
    0x08002584   0x08002584   0x00000020   Code   RO         1875    i.RCC_APB2PeriphClockCmd  stm32f4xx_rcc.o
    0x080025a4   0x080025a4   0x00000020   Code   RO         1877    i.RCC_APB2PeriphResetCmd  stm32f4xx_rcc.o
    0x080025c4   0x080025c4   0x000000e8   Code   RO         1884    i.RCC_GetClocksFreq  stm32f4xx_rcc.o
    0x080026ac   0x080026ac   0x00000040   Code   RO         2200    i.SYSCFG_EXTILineConfig  stm32f4xx_syscfg.o
    0x080026ec   0x080026ec   0x00000120   Code   RO          420    i.SetSysClock       system_stm32f4xx.o
    0x0800280c   0x0800280c   0x00000028   Code   RO         1725    i.SysTick_CLKSourceConfig  misc.o
    0x08002834   0x08002834   0x00000010   Code   RO          457    i.SysTick_Handler   delay.o
    0x08002844   0x08002844   0x00000068   Code   RO          422    i.SystemInit        system_stm32f4xx.o
    0x080028ac   0x080028ac   0x00000018   Code   RO         2445    i.TIM_ARRPreloadConfig  stm32f4xx_tim.o
    0x080028c4   0x080028c4   0x00000018   Code   RO         2457    i.TIM_Cmd           stm32f4xx_tim.o
    0x080028dc   0x080028dc   0x000000a0   Code   RO         2496    i.TIM_OC3Init       stm32f4xx_tim.o
    0x0800297c   0x0800297c   0x00000012   Code   RO         2499    i.TIM_OC3PreloadConfig  stm32f4xx_tim.o
    0x0800298e   0x0800298e   0x00000002   PAD
    0x08002990   0x08002990   0x00000078   Code   RO         2501    i.TIM_OC4Init       stm32f4xx_tim.o
    0x08002a08   0x08002a08   0x0000001a   Code   RO         2503    i.TIM_OC4PreloadConfig  stm32f4xx_tim.o
    0x08002a22   0x08002a22   0x00000002   PAD
    0x08002a24   0x08002a24   0x00000084   Code   RO         2529    i.TIM_TimeBaseInit  stm32f4xx_tim.o
    0x08002aa8   0x08002aa8   0x000000d0   Code   RO         1108    i.Triangle_fitting  task_control.o
    0x08002b78   0x08002b78   0x0000006c   Code   RO          245    i.UART8_IRQHandler  stm32f4xx_it.o
    0x08002be4   0x08002be4   0x00000088   Code   RO          521    i.USART3_IRQHandler  usart.o
    0x08002c6c   0x08002c6c   0x00000038   Code   RO          246    i.USART6_DMA_SendData  stm32f4xx_it.o
    0x08002ca4   0x08002ca4   0x000000ac   Code   RO          247    i.USART6_IRQHandler  stm32f4xx_it.o
    0x08002d50   0x08002d50   0x00000018   Code   RO         2257    i.USART_Cmd         stm32f4xx_usart.o
    0x08002d68   0x08002d68   0x00000012   Code   RO         2258    i.USART_DMACmd      stm32f4xx_usart.o
    0x08002d7a   0x08002d7a   0x00000002   PAD
    0x08002d7c   0x08002d7c   0x000000f0   Code   RO         2259    i.USART_DeInit      stm32f4xx_usart.o
    0x08002e6c   0x08002e6c   0x00000054   Code   RO         2261    i.USART_GetITStatus  stm32f4xx_usart.o
    0x08002ec0   0x08002ec0   0x0000004a   Code   RO         2263    i.USART_ITConfig    stm32f4xx_usart.o
    0x08002f0a   0x08002f0a   0x00000002   PAD
    0x08002f0c   0x08002f0c   0x000000d4   Code   RO         2264    i.USART_Init        stm32f4xx_usart.o
    0x08002fe0   0x08002fe0   0x0000000a   Code   RO         2271    i.USART_ReceiveData  stm32f4xx_usart.o
    0x08002fea   0x08002fea   0x00000004   Code   RO          248    i.UsageFault_Handler  stm32f4xx_it.o
    0x08002fee   0x08002fee   0x00000030   Code   RO         7171    i.__ARM_fpclassify  m_wm.l(fpclassify.o)
    0x0800301e   0x0800301e   0x00000002   PAD
    0x08003020   0x08003020   0x000000c8   Code   RO         6965    i.__hardfp_cos      m_wm.l(cos.o)
    0x080030e8   0x080030e8   0x000000c8   Code   RO         7029    i.__hardfp_sin      m_wm.l(sin.o)
    0x080031b0   0x080031b0   0x00000438   Code   RO         7192    i.__ieee754_rem_pio2  m_wm.l(rred.o)
    0x080035e8   0x080035e8   0x00000170   Code   RO         7154    i.__kernel_cos      m_wm.l(cos_i.o)
    0x08003758   0x08003758   0x000000f8   Code   RO         7189    i.__kernel_poly     m_wm.l(poly.o)
    0x08003850   0x08003850   0x00000130   Code   RO         7200    i.__kernel_sin      m_wm.l(sin_i.o)
    0x08003980   0x08003980   0x00000014   Code   RO         7158    i.__mathlib_dbl_infnan  m_wm.l(dunder.o)
    0x08003994   0x08003994   0x00000004   PAD
    0x08003998   0x08003998   0x00000020   Code   RO         7160    i.__mathlib_dbl_invalid  m_wm.l(dunder.o)
    0x080039b8   0x080039b8   0x00000020   Code   RO         7163    i.__mathlib_dbl_underflow  m_wm.l(dunder.o)
    0x080039d8   0x080039d8   0x0000000e   Code   RO         6797    i._is_digit         c_w.l(__printf_wp.o)
    0x080039e6   0x080039e6   0x00000004   Code   RO          522    i._sys_exit         usart.o
    0x080039ea   0x080039ea   0x0000002e   Code   RO         1175    i.abs_limit         driver_control.o
    0x08003a18   0x08003a18   0x00000024   Code   RO         1620    i.append_crc8_check_sum  driver_crc.o
    0x08003a3c   0x08003a3c   0x000000b8   Code   RO         1053    i.bluetooth_data_handle  task_vision.o
    0x08003af4   0x08003af4   0x00000104   Code   RO          812    i.bsp_can_init      bsp_can.o
    0x08003bf8   0x08003bf8   0x000001b4   Code   RO          756    i.bsp_dma_init      bsp_dma.o
    0x08003dac   0x08003dac   0x000002b0   Code   RO          606    i.bsp_gpio_init     bsp_gpio.o
    0x0800405c   0x0800405c   0x00000188   Code   RO          942    i.bsp_nvic_init     bsp_nvic.o
    0x080041e4   0x080041e4   0x00000084   Code   RO          783    i.bsp_time_init     bsp_tim.o
    0x08004268   0x08004268   0x000000a8   Code   RO          626    i.bsp_usart_init    bsp_uart.o
    0x08004310   0x08004310   0x00000130   Code   RO         1109    i.control_task      task_control.o
    0x08004440   0x08004440   0x00000044   Code   RO          458    i.delay_init        delay.o
    0x08004484   0x08004484   0x00000040   Code   RO          459    i.delay_ms          delay.o
    0x080044c4   0x080044c4   0x00000048   Code   RO          460    i.delay_us          delay.o
    0x0800450c   0x0800450c   0x00000088   Code   RO         1592    i.encoder_data_handler  driver_encoder.o
    0x08004594   0x08004594   0x00000018   Code   RO         6991    i.fabs              m_wm.l(fabs.o)
    0x080045ac   0x080045ac   0x0000001c   Code   RO         1621    i.get_check_sum     driver_crc.o
    0x080045c8   0x080045c8   0x00000008   Code   RO          249    i.get_moto6020_pitch_point  stm32f4xx_it.o
    0x080045d0   0x080045d0   0x00000008   Code   RO          250    i.get_moto6020_yaw_point  stm32f4xx_it.o
    0x080045d8   0x080045d8   0x00000070   Code   RO         1021    i.imu_task          task_imu.o
    0x08004648   0x08004648   0x00000020   Code   RO          965    i.led1_task         task_led.o
    0x08004668   0x08004668   0x0000003c   Code   RO            3    i.main              main.o
    0x080046a4   0x080046a4   0x0000001e   Code   RO         1182    i.pid_param_init    driver_control.o
    0x080046c2   0x080046c2   0x0000000e   Code   RO         1183    i.pid_reset         driver_control.o
    0x080046d0   0x080046d0   0x0000005c   Code   RO         1184    i.pid_struct_init   driver_control.o
    0x0800472c   0x0800472c   0x00000098   Code   RO         3356    i.prvAddCurrentTaskToDelayedList  tasks.o
    0x080047c4   0x080047c4   0x000000b8   Code   RO         3357    i.prvAddNewTaskToReadyList  tasks.o
    0x0800487c   0x0800487c   0x00000064   Code   RO         4032    i.prvCheckForValidListAndQueue  timers.o
    0x080048e0   0x080048e0   0x00000048   Code   RO         3358    i.prvCheckTasksWaitingTermination  tasks.o
    0x08004928   0x08004928   0x0000002a   Code   RO         3806    i.prvCopyDataFromQueue  queue.o
    0x08004952   0x08004952   0x0000007e   Code   RO         3807    i.prvCopyDataToQueue  queue.o
    0x080049d0   0x080049d0   0x00000012   Code   RO         3359    i.prvDeleteTCB      tasks.o
    0x080049e2   0x080049e2   0x00000002   PAD
    0x080049e4   0x080049e4   0x00000028   Code   RO         4033    i.prvGetNextExpireTime  timers.o
    0x08004a0c   0x08004a0c   0x0000007c   Code   RO         4281    i.prvHeapInit       heap_4.o
    0x08004a88   0x08004a88   0x00000028   Code   RO         3360    i.prvIdleTask       tasks.o
    0x08004ab0   0x08004ab0   0x0000002a   Code   RO         3810    i.prvInitialiseNewQueue  queue.o
    0x08004ada   0x08004ada   0x000000cc   Code   RO         3361    i.prvInitialiseNewTask  tasks.o
    0x08004ba6   0x08004ba6   0x00000002   PAD
    0x08004ba8   0x08004ba8   0x00000068   Code   RO         3362    i.prvInitialiseTaskLists  tasks.o
    0x08004c10   0x08004c10   0x00000068   Code   RO         4282    i.prvInsertBlockIntoFreeList  heap_4.o
    0x08004c78   0x08004c78   0x00000058   Code   RO         4035    i.prvInsertTimerInActiveList  timers.o
    0x08004cd0   0x08004cd0   0x0000001a   Code   RO         3811    i.prvIsQueueEmpty   queue.o
    0x08004cea   0x08004cea   0x0000001e   Code   RO         3812    i.prvIsQueueFull    queue.o
    0x08004d08   0x08004d08   0x00000064   Code   RO         4036    i.prvProcessExpiredTimer  timers.o
    0x08004d6c   0x08004d6c   0x000000f4   Code   RO         4037    i.prvProcessReceivedCommands  timers.o
    0x08004e60   0x08004e60   0x00000074   Code   RO         4038    i.prvProcessTimerOrBlockTask  timers.o
    0x08004ed4   0x08004ed4   0x00000034   Code   RO         3364    i.prvResetNextTaskUnblockTime  tasks.o
    0x08004f08   0x08004f08   0x0000002c   Code   RO         4039    i.prvSampleTimeNow  timers.o
    0x08004f34   0x08004f34   0x000000a0   Code   RO         4040    i.prvSwitchTimerLists  timers.o
    0x08004fd4   0x08004fd4   0x00000040   Code   RO         4331    i.prvTaskExitError  port.o
    0x08005014   0x08005014   0x0000001a   Code   RO         4041    i.prvTimerTask      timers.o
    0x0800502e   0x0800502e   0x0000007e   Code   RO         3813    i.prvUnlockQueue    queue.o
    0x080050ac   0x080050ac   0x0000013c   Code   RO         4283    i.pvPortMalloc      heap_4.o
    0x080051e8   0x080051e8   0x0000002c   Code   RO         4332    i.pxPortInitialiseStack  port.o
    0x08005214   0x08005214   0x000000b8   Code   RO          251    i.send_rc_data      stm32f4xx_it.o
    0x080052cc   0x080052cc   0x00000058   Code   RO         1111    i.set_motor_current  task_control.o
    0x08005324   0x08005324   0x000003d4   Code   RO         1112    i.set_system_target  task_control.o
    0x080056f8   0x080056f8   0x00000138   Code   RO         1185    i.single_pid_calculate  driver_control.o
    0x08005830   0x08005830   0x000000b4   Code   RO            4    i.start_task        main.o
    0x080058e4   0x080058e4   0x00000040   Code   RO          586    i.system_init       bsp_system.o
    0x08005924   0x08005924   0x0000003a   Code   RO         1113    i.task_calculate    task_control.o
    0x0800595e   0x0800595e   0x00000002   PAD
    0x08005960   0x08005960   0x000000fc   Code   RO         1114    i.task_init         task_control.o
    0x08005a5c   0x08005a5c   0x00000074   Code   RO         1116    i.update_measure    task_control.o
    0x08005ad0   0x08005ad0   0x00000028   Code   RO         3744    i.uxListRemove      list.o
    0x08005af8   0x08005af8   0x0000001a   Code   RO         3745    i.vListInitialise   list.o
    0x08005b12   0x08005b12   0x00000006   Code   RO         3746    i.vListInitialiseItem  list.o
    0x08005b18   0x08005b18   0x00000034   Code   RO         3747    i.vListInsert       list.o
    0x08005b4c   0x08005b4c   0x00000018   Code   RO         3748    i.vListInsertEnd    list.o
    0x08005b64   0x08005b64   0x00000054   Code   RO         4334    i.vPortEnterCritical  port.o
    0x08005bb8   0x08005bb8   0x0000003c   Code   RO         4335    i.vPortExitCritical  port.o
    0x08005bf4   0x08005bf4   0x00000094   Code   RO         4284    i.vPortFree         heap_4.o
    0x08005c88   0x08005c88   0x00000028   Code   RO         4336    i.vPortSetupTimerInterrupt  port.o
    0x08005cb0   0x08005cb0   0x00000078   Code   RO         4337    i.vPortValidateInterruptPriority  port.o
    0x08005d28   0x08005d28   0x0000002c   Code   RO         3819    i.vQueueAddToRegistry  queue.o
    0x08005d54   0x08005d54   0x0000004a   Code   RO         3823    i.vQueueWaitForMessageRestricted  queue.o
    0x08005d9e   0x08005d9e   0x00000002   PAD
    0x08005da0   0x08005da0   0x0000005c   Code   RO         3375    i.vTaskDelay        tasks.o
    0x08005dfc   0x08005dfc   0x000000f4   Code   RO         3377    i.vTaskDelete       tasks.o
    0x08005ef0   0x08005ef0   0x00000018   Code   RO         3380    i.vTaskInternalSetTimeOutState  tasks.o
    0x08005f08   0x08005f08   0x0000000c   Code   RO         3381    i.vTaskMissedYield  tasks.o
    0x08005f14   0x08005f14   0x00000038   Code   RO         3383    i.vTaskPlaceOnEventList  tasks.o
    0x08005f4c   0x08005f4c   0x00000040   Code   RO         3384    i.vTaskPlaceOnEventListRestricted  tasks.o
    0x08005f8c   0x08005f8c   0x00000094   Code   RO         3392    i.vTaskStartScheduler  tasks.o
    0x08006020   0x08006020   0x00000010   Code   RO         3394    i.vTaskSuspendAll   tasks.o
    0x08006030   0x08006030   0x0000008c   Code   RO         3395    i.vTaskSwitchContext  tasks.o
    0x080060bc   0x080060bc   0x0000002e   Code   RO         1625    i.verify_crc8_check_sum  driver_crc.o
    0x080060ea   0x080060ea   0x00000002   PAD
    0x080060ec   0x080060ec   0x00000088   Code   RO         1054    i.vision_receive_data  task_vision.o
    0x08006174   0x08006174   0x000000b0   Code   RO         1055    i.vision_send_data  task_vision.o
    0x08006224   0x08006224   0x00000018   Code   RO         1056    i.vision_task       task_vision.o
    0x0800623c   0x0800623c   0x00000168   Code   RO         4338    i.xPortStartScheduler  port.o
    0x080063a4   0x080063a4   0x00000034   Code   RO         4339    i.xPortSysTickHandler  port.o
    0x080063d8   0x080063d8   0x0000005a   Code   RO         3826    i.xQueueGenericCreate  queue.o
    0x08006432   0x08006432   0x00000002   PAD
    0x08006434   0x08006434   0x00000098   Code   RO         3827    i.xQueueGenericReset  queue.o
    0x080064cc   0x080064cc   0x000001a8   Code   RO         3828    i.xQueueGenericSend  queue.o
    0x08006674   0x08006674   0x000000f8   Code   RO         3829    i.xQueueGenericSendFromISR  queue.o
    0x0800676c   0x0800676c   0x00000168   Code   RO         3836    i.xQueueReceive     queue.o
    0x080068d4   0x080068d4   0x0000008c   Code   RO         3396    i.xTaskCheckForTimeOut  tasks.o
    0x08006960   0x08006960   0x00000060   Code   RO         3397    i.xTaskCreate       tasks.o
    0x080069c0   0x080069c0   0x00000020   Code   RO         3401    i.xTaskGetSchedulerState  tasks.o
    0x080069e0   0x080069e0   0x0000000c   Code   RO         3402    i.xTaskGetTickCount  tasks.o
    0x080069ec   0x080069ec   0x00000148   Code   RO         3404    i.xTaskIncrementTick  tasks.o
    0x08006b34   0x08006b34   0x000000c8   Code   RO         3407    i.xTaskPriorityDisinherit  tasks.o
    0x08006bfc   0x08006bfc   0x00000098   Code   RO         3409    i.xTaskRemoveFromEventList  tasks.o
    0x08006c94   0x08006c94   0x00000104   Code   RO         3410    i.xTaskResumeAll    tasks.o
    0x08006d98   0x08006d98   0x00000058   Code   RO         4047    i.xTimerCreateTimerTask  timers.o
    0x08006df0   0x08006df0   0x00000084   Code   RO         4048    i.xTimerGenericCommand  timers.o
    0x08006e74   0x08006e74   0x0000002c   Code   RO         7280    locale$$code        c_w.l(lc_numeric_c.o)
    0x08006ea0   0x08006ea0   0x00000018   Code   RO         7131    x$fpl$basic         fz_wm.l(basic.o)
    0x08006eb8   0x08006eb8   0x00000062   Code   RO         6829    x$fpl$d2f           fz_wm.l(d2f.o)
    0x08006f1a   0x08006f1a   0x00000002   PAD
    0x08006f1c   0x08006f1c   0x00000150   Code   RO         6831    x$fpl$dadd          fz_wm.l(daddsub_clz.o)
    0x0800706c   0x0800706c   0x000002b0   Code   RO         6838    x$fpl$ddiv          fz_wm.l(ddiv.o)
    0x0800731c   0x0800731c   0x0000005e   Code   RO         6843    x$fpl$dfix          fz_wm.l(dfix.o)
    0x0800737a   0x0800737a   0x0000002e   Code   RO         6848    x$fpl$dflt          fz_wm.l(dflt_clz.o)
    0x080073a8   0x080073a8   0x00000026   Code   RO         6847    x$fpl$dfltu         fz_wm.l(dflt_clz.o)
    0x080073ce   0x080073ce   0x00000002   PAD
    0x080073d0   0x080073d0   0x00000154   Code   RO         6855    x$fpl$dmul          fz_wm.l(dmul.o)
    0x08007524   0x08007524   0x0000009c   Code   RO         7135    x$fpl$dnaninf       fz_wm.l(dnaninf.o)
    0x080075c0   0x080075c0   0x0000000c   Code   RO         7137    x$fpl$dretinf       fz_wm.l(dretinf.o)
    0x080075cc   0x080075cc   0x00000016   Code   RO         6832    x$fpl$drsb          fz_wm.l(daddsub_clz.o)
    0x080075e2   0x080075e2   0x00000002   PAD
    0x080075e4   0x080075e4   0x000001d4   Code   RO         6833    x$fpl$dsub          fz_wm.l(daddsub_clz.o)
    0x080077b8   0x080077b8   0x00000056   Code   RO         6859    x$fpl$f2d           fz_wm.l(f2d.o)
    0x0800780e   0x0800780e   0x0000008c   Code   RO         7141    x$fpl$fnaninf       fz_wm.l(fnaninf.o)
    0x0800789a   0x0800789a   0x0000000a   Code   RO         7363    x$fpl$fpinit        fz_wm.l(fpinit.o)
    0x080078a4   0x080078a4   0x0000000a   Code   RO         7143    x$fpl$fretinf       fz_wm.l(fretinf.o)
    0x080078ae   0x080078ae   0x00000004   Code   RO         6867    x$fpl$printf1       fz_wm.l(printf1.o)
    0x080078b2   0x080078b2   0x00000000   Code   RO         7153    x$fpl$usenofp       fz_wm.l(usenofp.o)
    0x080078b2   0x080078b2   0x00000008   Data   RO          758    .constdata          bsp_dma.o
    0x080078ba   0x080078ba   0x00000011   Data   RO         6805    .constdata          c_w.l(__printf_flags_ss_wp.o)
    0x080078cb   0x080078cb   0x00000005   PAD
    0x080078d0   0x080078d0   0x00000030   Data   RO         7155    .constdata          m_wm.l(cos_i.o)
    0x08007900   0x08007900   0x000000c8   Data   RO         7194    .constdata          m_wm.l(rred.o)
    0x080079c8   0x080079c8   0x00000028   Data   RO         7201    .constdata          m_wm.l(sin_i.o)
    0x080079f0   0x080079f0   0x00000094   Data   RO         7249    .constdata          c_w.l(bigflt0.o)
    0x08007a84   0x08007a84   0x00000020   Data   RO         7436    Region$$Table       anon$$obj.o
    0x08007aa4   0x08007aa4   0x0000001c   Data   RO         7279    locale$$data        c_w.l(lc_numeric_c.o)


    Execution Region RW_IRAM1 (Exec base: 0x20000000, Load base: 0x08007ac0, Size: 0x000149e0, Max: 0x00030000, ABSOLUTE)

    Exec Addr    Load Addr    Size         Type   Attr      Idx    E Section Name        Object

    0x20000000   0x08007ac0   0x00000004   Data   RW            5    .data               main.o
    0x20000004   0x08007ac4   0x00000016   Data   RW          253    .data               stm32f4xx_it.o
    0x2000001a   0x08007ada   0x00000002   PAD
    0x2000001c   0x08007adc   0x00000014   Data   RW          423    .data               system_stm32f4xx.o
    0x20000030   0x08007af0   0x00000004   Data   RW          462    .data               delay.o
    0x20000034   0x08007af4   0x00000006   Data   RW          526    .data               usart.o
    0x2000003a   0x08007afa   0x00000002   PAD
    0x2000003c   0x08007afc   0x0000000c   Data   RW         1058    .data               task_vision.o
    0x20000048   0x08007b08   0x0000003c   Data   RW         1118    .data               task_control.o
    0x20000084   0x08007b44   0x00000010   Data   RW         1916    .data               stm32f4xx_rcc.o
    0x20000094   0x08007b54   0x0000003c   Data   RW         3413    .data               tasks.o
    0x200000d0   0x08007b90   0x00000014   Data   RW         4054    .data               timers.o
    0x200000e4   0x08007ba4   0x00000018   Data   RW         4289    .data               heap_4.o
    0x200000fc   0x08007bbc   0x0000000c   Data   RW         4340    .data               port.o
    0x20000108        -       0x00000070   Zero   RW          252    .bss                stm32f4xx_it.o
    0x20000178        -       0x000000c8   Zero   RW          525    .bss                usart.o
    0x20000240        -       0x000000b4   Zero   RW          757    .bss                bsp_dma.o
    0x200002f4   0x08007bc8   0x00000004   PAD
    0x200002f8        -       0x000001a8   Zero   RW         1022    .bss                task_imu.o
    0x200004a0        -       0x0000002c   Zero   RW         1057    .bss                task_vision.o
    0x200004cc        -       0x00000384   Zero   RW         1117    .bss                task_control.o
    0x20000850        -       0x000000c8   Zero   RW         3412    .bss                tasks.o
    0x20000918        -       0x00000040   Zero   RW         3840    .bss                queue.o
    0x20000958        -       0x00000028   Zero   RW         4053    .bss                timers.o
    0x20000980        -       0x00012c00   Zero   RW         4288    .bss                heap_4.o
    0x20013580        -       0x00000060   Zero   RW         7287    .bss                c_w.l(libspace.o)
    0x200135e0        -       0x00001000   Zero   RW          578    HEAP                startup_stm32f427xx.o
    0x200145e0        -       0x00000400   Zero   RW          577    STACK               startup_stm32f427xx.o


==============================================================================

Image component sizes


      Code (inc. data)   RO Data    RW Data    ZI Data      Debug   Object Name

       260         10          0          0          0     305139   bsp_can.o
       436         32          8          0        180       1849   bsp_dma.o
       688         32          0          0          0        900   bsp_gpio.o
       392         30          0          0          0        756   bsp_nvic.o
        64          6          0          0          0        534   bsp_system.o
       132          6          0          0          0        664   bsp_tim.o
       168          8          0          0          0     276725   bsp_uart.o
       220         18          0          4          0       2577   delay.o
       494         12          0          0          0       5908   driver_control.o
       110          0          0          0          0       2760   driver_crc.o
       136          6          0          0          0       1935   driver_encoder.o
         0          0          0          0          0     236244   driver_imu.o
       692         62          0         24      76800       4355   heap_4.o
       148          0          0          0          0      10458   list.o
       240         98          0          4          0     265250   main.o
       180         24          0          0          0       2049   misc.o
      1014         92          0         12          0      11413   port.o
      1784         20          0          0         64      23558   queue.o
        64         26        428          0       5120        848   startup_stm32f427xx.o
      1566         16          0          0          0       6362   stm32f4xx_can.o
       816         86          0          0          0       8212   stm32f4xx_dma.o
       160         12          0          0          0       1453   stm32f4xx_exti.o
       222          0          0          0          0       2843   stm32f4xx_gpio.o
      1528        246          0         22        112     255828   stm32f4xx_it.o
       392         48          0         16          0       5753   stm32f4xx_rcc.o
        64          4          0          0          0        648   stm32f4xx_syscfg.o
       504         46          0          0          0       4990   stm32f4xx_tim.o
       662         42          0          0          0       5492   stm32f4xx_usart.o
       392         32          0         20          0       1817   system_stm32f4xx.o
      2006        168          0         60        900       8003   task_control.o
       112         18          0          0        424       1784   task_imu.o
        32          4          0          0          0        516   task_led.o
       520         46          0         12         44       4111   task_vision.o
      2842        390          0         60        200      33104   tasks.o
      1138        116          0         20         40      21923   timers.o
       140         14          0          6        200       3024   usart.o

    ----------------------------------------------------------------------
     20348       1770        468        264      84088    1519785   Object Totals
         0          0         32          0          0          0   (incl. Generated)
        30          0          0          4          4          0   (incl. Padding)

    ----------------------------------------------------------------------

      Code (inc. data)   RO Data    RW Data    ZI Data      Debug   Library Member Name

        44          6          0          0          0         84   __2sprintf.o
         8          0          0          0          0         68   __main.o
       392          4         17          0          0         92   __printf_flags_ss_wp.o
        14          0          0          0          0         68   __printf_wp.o
         0          0          0          0          0          0   __rtentry.o
        12          0          0          0          0          0   __rtentry2.o
         6          0          0          0          0          0   __rtentry4.o
        52          8          0          0          0          0   __scatter.o
        26          0          0          0          0          0   __scatter_copy.o
        28          0          0          0          0          0   __scatter_zi.o
        48          6          0          0          0         96   _printf_char_common.o
         6          0          0          0          0          0   _printf_f.o
      1054          0          0          0          0        216   _printf_fp_dec.o
       128         16          0          0          0         84   _printf_fp_infnan.o
        78          0          0          0          0        108   _printf_pad.o
         0          0          0          0          0          0   _printf_percent.o
         4          0          0          0          0          0   _printf_percent_end.o
        22          0          0          0          0        100   _rserrno.o
        10          0          0          0          0         68   _sputc.o
        16          0          0          0          0         68   aeabi_memset.o
       228          4        148          0          0         96   bigflt0.o
      1936        128          0          0          0        672   btod.o
        18          0          0          0          0         80   exit.o
         6          0          0          0          0        152   heapauxi.o
        44         10         28          0          0         76   lc_numeric_c.o
         2          0          0          0          0          0   libinit.o
        22          0          0          0          0          0   libinit2.o
         2          0          0          0          0          0   libshutdown.o
         2          0          0          0          0          0   libshutdown2.o
         8          4          0          0         96         68   libspace.o
       138          0          0          0          0         80   lludiv10.o
         8          4          0          0          0         68   rt_errno_addr_intlibspace.o
         8          4          0          0          0         68   rt_locale_intlibspace.o
        68          0          0          0          0         68   rt_memclr.o
        78          0          0          0          0         80   rt_memclr_w.o
       138          0          0          0          0         68   rt_memcpy_v6.o
       100          0          0          0          0         80   rt_memcpy_w.o
         2          0          0          0          0          0   rtexit.o
        10          0          0          0          0          0   rtexit2.o
       128          0          0          0          0         68   strcmpv7m.o
        74          0          0          0          0         80   sys_stackheap_outer.o
         2          0          0          0          0         68   use_no_semi.o
         2          0          0          0          0         68   use_no_semi_2.o
        24          0          0          0          0        164   basic.o
        98          4          0          0          0        140   d2f.o
       826         16          0          0          0        492   daddsub_clz.o
       688        140          0          0          0        256   ddiv.o
        94          4          0          0          0        140   dfix.o
        84          0          0          0          0        232   dflt_clz.o
       340         12          0          0          0        152   dmul.o
       156          4          0          0          0        140   dnaninf.o
        12          0          0          0          0        116   dretinf.o
        86          4          0          0          0        132   f2d.o
       140          4          0          0          0        132   fnaninf.o
        10          0          0          0          0        116   fpinit.o
        10          0          0          0          0        116   fretinf.o
         4          0          0          0          0        116   printf1.o
         0          0          0          0          0          0   usenofp.o
       200         20          0          0          0        164   cos.o
       368         46         48          0          0        200   cos_i.o
        84         16          0          0          0        372   dunder.o
        24          0          0          0          0        124   fabs.o
        48          0          0          0          0        124   fpclassify.o
       248          0          0          0          0        152   poly.o
      1080        142        200          0          0        188   rred.o
       200         20          0          0          0        164   sin.o
       304         24         40          0          0        208   sin_i.o

    ----------------------------------------------------------------------
     10122        650        486          0         96       7132   Library Totals
        22          0          5          0          0          0   (incl. Padding)

    ----------------------------------------------------------------------

      Code (inc. data)   RO Data    RW Data    ZI Data      Debug   Library Name

      4972        194        193          0         96       2992   c_w.l
      2572        188          0          0          0       2444   fz_wm.l
      2556        268        288          0          0       1696   m_wm.l

    ----------------------------------------------------------------------
     10122        650        486          0         96       7132   Library Totals

    ----------------------------------------------------------------------

==============================================================================


      Code (inc. data)   RO Data    RW Data    ZI Data      Debug   

     30470       2420        954        264      84184    1506053   Grand Totals
     30470       2420        954        264      84184    1506053   ELF Image Totals
     30470       2420        954        264          0          0   ROM Totals

==============================================================================

    Total RO  Size (Code + RO Data)                31424 (  30.69kB)
    Total RW  Size (RW Data + ZI Data)             84448 (  82.47kB)
    Total ROM Size (Code + RO Data + RW Data)      31688 (  30.95kB)

==============================================================================

